Microchip MPLAB XC8 Compiler V1.12 ()

Linker command line:

--edf=/Applications/microchip/xc8/v1.12/dat/en_msgs.txt -cs \
  -h+dist/UseXC8/production/Framework.X.production.sym -z -Q18F26J50 \
  -ol.obj -Mdist/UseXC8/production/Framework.X.production.map -E1 -ver=XC8 \
  -ACODE=00h-0FFF7h -ACONST=00h-0FFF7h \
  -ASMALLCONST=0F00h-0FFFhx240,0FF00h-0FFF7h -AMEDIUMCONST=0F00h-0FFF7h \
  -ACOMRAM=01h-05Fh -AABS1=00h-0EBFh -ABIGRAM=01h-0EBFh \
  -ARAM=060h-0FFh,0100h-01FFhx13,0E00h-0EBFh -ABANK0=060h-0FFh \
  -ABANK1=0100h-01FFh -ABANK2=0200h-02FFh -ABANK3=0300h-03FFh \
  -ABANK4=0400h-04FFh -ABANK5=0500h-05FFh -ABANK6=0600h-06FFh \
  -ABANK7=0700h-07FFh -ABANK8=0800h-08FFh -ABANK9=0900h-09FFh \
  -ABANK10=0A00h-0AFFh -ABANK11=0B00h-0BFFh -ABANK12=0C00h-0CFFh \
  -ABANK13=0D00h-0DFFh -ABANK14=0E00h-0EBFh \
  -ASFR=0EC0h-0EFFh,0F00h-0F5Fh,0F60h-0FFFh \
  -preset_vec=00h,intcode=08h,intcodelo=018h,powerup,init,end_init \
  -pramtop=0F00h -psmallconst=SMALLCONST -pmediumconst=MEDIUMCONST \
  -pconst=CONST -AFARRAM=00h-00h -ACONFIG=0FFF8h-0FFFFh -pconfig=CONFIG \
  -pjflash_buffer=0F800h \
  -prdata=COMRAM,nvrram=COMRAM,nvbit=COMRAM,rbss=COMRAM,rbit=COMRAM \
  -pfarbss=FARRAM,fardata=FARRAM \
  -pintsave_regs=BIGRAM,bigbss=BIGRAM,bigdata=BIGRAM -pbss=RAM \
  -pidata=CODE,irdata=CODE,ibigdata=CODE,ifardata=CODE /tmp/cgt5x7Ict.obj \
  dist/UseXC8/production/Framework.X.production.obj 

Object code version is 3.10

Machine type is 18F26J50

Call graph: (short form)




                Name                               Link     Load   Length Selector   Space Scale
/tmp/cgt5x7Ict.obj
                end_init                             C2       C2        4        C       0
                reset_vec                             0        0        4        0       0
                config                             FFF8     FFF8        8     FFF8       0
dist/UseXC8/production/Framework.X.production.obj
                intcodelo                            18       18       AA        C       0
                intcode                               8        8       10        4       0
                text61                             1AE8     1AE8       56        C       0
                text60                              D40      D40      140        C       0
                text59                             1D88     1D88       30        C       0
                text58                             1710     1710       88        C       0
                text57                             1C8A     1C8A       38        C       0
                text56                              F86      F86      106        C       0
                text55                             1F58     1F58       14        C       0
                text54                             19DC     19DC       5E        C       0
                text53                             1FB4     1FB4       12        C       0
                text52                             108C     108C       DA        C       0
                text51                             2008     2008        6        C       0
                text50                             1E10     1E10       2C        C       0
                text49                             14CC     14CC       9A        C       0
                text48                             1F1A     1F1A       16        C       0
                text47                               C6       C6      79A        C       0
                intcode_body                       15FE     15FE       8A        C       0
                text45                             1B8C     1B8C       48        C       0
                text44                             12D2     12D2       B2        C       0
                text43                             1FA2     1FA2       12        C       0
                text42                             1F90     1F90       12        C       0
                text41                             1C52     1C52       38        C       0
                text40                             1E8C     1E8C       24        C       0
                text39                             121C     121C       B6        C       0
                text38                             1CC2     1CC2       36        C       0
                text36                             1916     1916       68        C       0
                text35                             142C     142C       A0        C       0
                text34                             1ECE     1ECE       1C        C       0
                text33                             1F44     1F44       14        C       0
                text32                             1C1A     1C1A       38        C       0
                text31                             1A92     1A92       56        C       0
                text30                              E80      E80      106        C       0
                text29                             1DE4     1DE4       2C        C       0
                text28                              C00      C00      140        C       0
                text27                             1D58     1D58       30        C       0
                text26                             181E     181E       86        C       0
                text25                             1B3E     1B3E       4E        C       0
                text24                             1DB8     1DB8       2C        C       0
                text23                             1798     1798       86        C       0
                text22                             1D28     1D28       30        C       0
                text21                             1688     1688       88        C       0
                text20                             1CF8     1CF8       30        C       0
                text19                             1F30     1F30       14        C       0
                text18                             197E     197E       5E        C       0
                text17                             1A3A     1A3A       58        C       0
                text16                             1166     1166       B6        C       0
                text15                             1F7E     1F7E       12        C       0
                text14                             1EB0     1EB0       1E        C       0
                text13                             1FE6     1FE6       10        C       0
                text12                             1F04     1F04       16        C       0
                text11                             1FD6     1FD6       10        C       0
                text10                             1FC6     1FC6       10        C       0
                text9                              1566     1566       98        C       0
                text8                              1384     1384       A8        C       0
                text7                              1BD4     1BD4       46        C       0
                text6                              1E3C     1E3C       2A        C       0
                text5                              18A4     18A4       72        C       0
                text4                              1F6C     1F6C       12        C       0
                text3                              1EEA     1EEA       1A        C       0
                text2                              2000     2000        8        C       0
                text1                              1FF6     1FF6        A        C       0
                text0                               860      860      3A0        C       0
                cstackCOMRAM                          1        1       2F        1       1
                cstackBANK0                          99       99       39       60       1
                cstackBANK1                         1CE      1CE       27      100       1
                cstackBANK2                         200      200       23      200       1
                bssBANK1                            100      100       CE      100       1
                bssBANK0                             60       60       39       60       1
                bssCOMRAM                            32       32        2        1       1
                cinit                              1E66     1E66       26        C       0
                nvCOMRAM                             30       30        2        1       1

TOTAL           Name                               Link     Load   Length     Space
        CLASS   CODE           
                end_init                             C2       C2        4         0
                intcodelo                            18       18       AA         0
                intcode                               8        8       10         0
                reset_vec                             0        0        4         0
                text61                             1AE8     1AE8       56         0
                text60                              D40      D40      140         0
                text59                             1D88     1D88       30         0
                text58                             1710     1710       88         0
                text57                             1C8A     1C8A       38         0
                text56                              F86      F86      106         0
                text55                             1F58     1F58       14         0
                text54                             19DC     19DC       5E         0
                text53                             1FB4     1FB4       12         0
                text52                             108C     108C       DA         0
                text51                             2008     2008        6         0
                text50                             1E10     1E10       2C         0
                text49                             14CC     14CC       9A         0
                text48                             1F1A     1F1A       16         0
                text47                               C6       C6      79A         0
                intcode_body                       15FE     15FE       8A         0
                text45                             1B8C     1B8C       48         0
                text44                             12D2     12D2       B2         0
                text43                             1FA2     1FA2       12         0
                text42                             1F90     1F90       12         0
                text41                             1C52     1C52       38         0
                text40                             1E8C     1E8C       24         0
                text39                             121C     121C       B6         0
                text38                             1CC2     1CC2       36         0
                text36                             1916     1916       68         0
                text35                             142C     142C       A0         0
                text34                             1ECE     1ECE       1C         0
                text33                             1F44     1F44       14         0
                text32                             1C1A     1C1A       38         0
                text31                             1A92     1A92       56         0
                text30                              E80      E80      106         0
                text29                             1DE4     1DE4       2C         0
                text28                              C00      C00      140         0
                text27                             1D58     1D58       30         0
                text26                             181E     181E       86         0
                text25                             1B3E     1B3E       4E         0
                text24                             1DB8     1DB8       2C         0
                text23                             1798     1798       86         0
                text22                             1D28     1D28       30         0
                text21                             1688     1688       88         0
                text20                             1CF8     1CF8       30         0
                text19                             1F30     1F30       14         0
                text18                             197E     197E       5E         0
                text17                             1A3A     1A3A       58         0
                text16                             1166     1166       B6         0
                text15                             1F7E     1F7E       12         0
                text14                             1EB0     1EB0       1E         0
                text13                             1FE6     1FE6       10         0
                text12                             1F04     1F04       16         0
                text11                             1FD6     1FD6       10         0
                text10                             1FC6     1FC6       10         0
                text9                              1566     1566       98         0
                text8                              1384     1384       A8         0
                text7                              1BD4     1BD4       46         0
                text6                              1E3C     1E3C       2A         0
                text5                              18A4     18A4       72         0
                text4                              1F6C     1F6C       12         0
                text3                              1EEA     1EEA       1A         0
                text2                              2000     2000        8         0
                text1                              1FF6     1FF6        A         0
                text0                               860      860      3A0         0
                cinit                              1E66     1E66       26         0

        CLASS   CONST          

        CLASS   SMALLCONST     

        CLASS   MEDIUMCONST    

        CLASS   COMRAM         
                cstackCOMRAM                          1        1       2F         1
                bssCOMRAM                            32       32        2         1
                nvCOMRAM                             30       30        2         1

        CLASS   ABS1           

        CLASS   BIGRAM         

        CLASS   RAM            

        CLASS   BANK0          
                cstackBANK0                          99       99       39         1
                bssBANK0                             60       60       39         1

        CLASS   BANK1          
                cstackBANK1                         1CE      1CE       27         1
                bssBANK1                            100      100       CE         1

        CLASS   BANK2          
                cstackBANK2                         200      200       23         1

        CLASS   BANK3          

        CLASS   BANK4          

        CLASS   BANK5          

        CLASS   BANK6          

        CLASS   BANK7          

        CLASS   BANK8          

        CLASS   BANK9          

        CLASS   BANK10         

        CLASS   BANK11         

        CLASS   BANK12         

        CLASS   BANK13         

        CLASS   BANK14         

        CLASS   SFR            

        CLASS   FARRAM         

        CLASS   CONFIG         
                config                             FFF8     FFF8        8         0

        CLASS   IDLOC          



SEGMENTS        Name                           Load    Length   Top    Selector   Space  Class

                reset_vec                      000000  000004  000004         0       0  CODE    
                cstackCOMRAM                   000001  000033  000034         1       1  COMRAM  
                intcode                        000008  000010  000018         4       0  CODE    
                intcodelo                      000018  001FF6  00200E         C       0  CODE    
                bssBANK0                       000060  000072  0000D2        60       1  BANK0   
                bssBANK1                       000100  0000F5  0001F5       100       1  BANK1   
                cstackBANK2                    000200  000023  000223       200       1  BANK2   
                config                         00FFF8  000008  010000      FFF8       0  CONFIG  


UNUSED ADDRESS RANGES

        Name                Unused          Largest block    Delta
        BANK0            000D2-000FF              2E
        BANK1            001F5-001FF               B
        BANK10           00A00-00AFF             100
        BANK11           00B00-00BFF             100
        BANK12           00C00-00CFF             100
        BANK13           00D00-00DFF             100
        BANK14           00E00-00EBF              C0
        BANK2            00223-002FF              DD
        BANK3            00300-003FF             100
        BANK4            00400-004FF             100
        BANK5            00500-005FF             100
        BANK6            00600-006FF             100
        BANK7            00700-007FF             100
        BANK8            00800-008FF             100
        BANK9            00900-009FF             100
        BIGRAM           00034-0005F              2C
                         000D2-000FF              2E
                         001F5-001FF               B
                         00223-00EBF             C9D
        CODE             00004-00007               4
                         0200E-0FFF7            DFEA
        COMRAM           00034-0005F              2C
        CONST            00004-00007               4
                         0200E-0FFF7            DFEA
        MEDIUMCONST      0200E-0FFF7            DFEA
        RAM              000D2-000FF              2E
                         001F5-001FF               B
                         00223-00EBF             100
        SFR              00EC0-00FFF              60
        SMALLCONST       0200E-0FFF7             100

                                  Symbol Table

?_Delay1KTCYx                     cstackBANK1   001CE
?_FromMainHigh_sendmsg            cstackBANK1   001E4
?_FromMainLow_recvmsg             cstackBANK1   001E6
?_FromMainLow_sendmsg             cstackBANK1   001E4
?_I2CSend                         cstackBANK1   001CE
?_Open1USART                      cstackBANK1   001CE
?_OpenTimer0                      cstackBANK1   001CE
?_OpenTimer1                      cstackBANK1   001CE
?_ReadTimer1                      cstackCOMRAM  00001
?_ToMainHigh_recvmsg              cstackBANK1   001E6
?_ToMainHigh_sendmsg              cstackBANK0   000AF
?_ToMainLow_recvmsg               cstackBANK1   001E6
?_ToMainLow_sendmsg               cstackCOMRAM  00017
?_WriteTimer0                     cstackBANK0   00099
?_WriteTimer1                     cstackCOMRAM  00001
?___lwmod                         cstackBANK1   001CE
?___wmul                          cstackBANK1   001CE
?_check_msg                       cstackBANK1   001CE
?_handle_start                    cstackBANK0   00099
?_i2c_configure_slave             cstackBANK1   001D4
?_in_high_int                     cstackBANK1   001CE
?_in_low_int                      cstackBANK1   001D0
?_in_main                         cstackBANK1   001D2
?_init_queue                      cstackBANK1   001CE
?_init_timer1_lthread             cstackBANK1   001CE
?_init_uart_recv                  cstackBANK1   001CE
?_memcpy                          cstackBANK1   001CE
?_recv_msg                        cstackBANK1   001D8
?_send_msg                        cstackBANK1   001D8
?_start_i2c_slave_reply           cstackBANK1   001EB
?_timer0_lthread                  cstackBANK1   001CE
?_timer1_lthread                  cstackBANK1   001E8
?_uart_lthread                    cstackBANK1   001CE
?i1_memcpy                        cstackCOMRAM  00001
?i1_send_msg                      cstackCOMRAM  0000B
?i2_FromMainLow_recvmsg           cstackBANK0   000B1
?i2_check_msg                     cstackBANK0   00099
?i2_in_high_int                   cstackBANK0   00099
?i2_in_low_int                    cstackBANK0   0009B
?i2_memcpy                        cstackBANK0   00099
?i2_recv_msg                      cstackBANK0   000A3
?i2_send_msg                      cstackBANK0   000A3
Delay1KTCYx@unit                  cstackBANK1   001CE
FromMainHigh_sendmsg@data         cstackBANK1   001E6
FromMainHigh_sendmsg@length       cstackBANK1   001E4
FromMainHigh_sendmsg@msgtype      cstackBANK1   001E5
FromMainLow_recvmsg@data          cstackBANK1   001E9
FromMainLow_recvmsg@maxlength     cstackBANK1   001E6
FromMainLow_recvmsg@msgtype       cstackBANK1   001E7
FromMainLow_sendmsg@data          cstackBANK1   001E6
FromMainLow_sendmsg@length        cstackBANK1   001E4
FromMainLow_sendmsg@msgtype       cstackBANK1   001E5
I2CRead@temp                      cstackBANK1   001CE
I2CSend@dat                       cstackBANK1   001CE
Open1USART@config                 cstackBANK1   001CE
Open1USART@spbrg                  cstackBANK1   001CF
OpenTimer0@config                 cstackBANK1   001CE
OpenTimer1@config                 cstackBANK1   001CE
OpenTimer1@config1                cstackBANK1   001CF
Read1USART@data                   cstackCOMRAM  00001
ReadTimer1@timer                  cstackCOMRAM  00003
ToMainHigh_recvmsg@data           cstackBANK1   001E9
ToMainHigh_recvmsg@maxlength      cstackBANK1   001E6
ToMainHigh_recvmsg@msgtype        cstackBANK1   001E7
ToMainHigh_sendmsg@data           cstackBANK0   000B1
ToMainHigh_sendmsg@length         cstackBANK0   000AF
ToMainHigh_sendmsg@msgtype        cstackBANK0   000B0
ToMainLow_recvmsg@data            cstackBANK1   001E9
ToMainLow_recvmsg@maxlength       cstackBANK1   001E6
ToMainLow_recvmsg@msgtype         cstackBANK1   001E7
ToMainLow_sendmsg@data            cstackCOMRAM  00019
ToMainLow_sendmsg@length          cstackCOMRAM  00017
ToMainLow_sendmsg@msgtype         cstackCOMRAM  00018
WriteTimer0@timer                 cstackBANK0   0009B
WriteTimer0@timer0                cstackBANK0   00099
WriteTimer1@timer                 cstackCOMRAM  00003
WriteTimer1@timer1                cstackCOMRAM  00001
_ACKDT                            (abs)         07E2D
_ACKEN                            (abs)         07E2C
_BF                               (abs)         07E38
_Delay1KTCYx                      text33        01F44
_FromMainHigh_MQ                  bssBANK1      0012C
_FromMainHigh_sendmsg             text29        01DE4
_FromMainLow_MQ                   bssBANK1      00162
_FromMainLow_recvmsg              text27        01D58
_FromMainLow_sendmsg              text24        01DB8
_I2CInit                          text10        01FC6
_I2CNak                           text15        01F7E
_I2CRead                          text14        01EB0
_I2CSend                          text12        01F04
_I2CStart                         text11        01FD6
_I2CStop                          text13        01FE6
_I2CWait                          text34        01ECE
_INTCONbits                       (abs)         00FF2
_IPR1bits                         (abs)         00F9F
_InterruptHandlerHigh             intcode       00008
_InterruptHandlerLow              intcodelo     00018
_MQ_Main_Willing_to_block         bssBANK0      00062
_OSCCON                           (abs)         00FD3
_OSCCONbits                       (abs)         00FD3
_OSCTUNEbits                      (abs)         00F9B
_Open1USART                       text9         01566
_OpenTimer0                       text6         01E3C
_OpenTimer1                       text7         01BD4
_PEN                              (abs)         07E2A
_PIE1bits                         (abs)         00F9D
_PIR1bits                         (abs)         00F9E
_PORTBbits                        (abs)         00F81
_RCEN                             (abs)         07E2B
_RCONbits                         (abs)         00FD0
_RCREG1                           (abs)         00FAF
_RCSTA1                           (abs)         00FAC
_RCSTA1bits                       (abs)         00FAC
_RCSTAbits                        (abs)         00FAC
_RSEN                             (abs)         07E29
_Read1USART                       text41        01C52
_ReadTimer1                       text42        01F90
_SEN                              (abs)         07E28
_SPBRG1                           (abs)         00FB0
_SPBRGH1                          (abs)         00F7F
_SSPADD                           (abs)         00FC8
_SSPBUF                           (abs)         00FC9
_SSPCON1                          (abs)         00FC6
_SSPCON1bits                      (abs)         00FC6
_SSPCON2                          (abs)         00FC5
_SSPCON2bits                      (abs)         00FC5
_SSPSTAT                          (abs)         00FC7
_SSPSTATbits                      (abs)         00FC7
_SleepIfOkay                      text49        014CC
_T0CON                            (abs)         00FD5
_T0CONbits                        (abs)         00FD5
_T1CON                            (abs)         00FCD
_T1CONbits                        (abs)         00FCD
_T1GCON                           (abs)         00F9A
_T1GCONbits                       (abs)         00F9A
_TMR0H                            (abs)         00FD7
_TMR0L                            (abs)         00FD6
_TMR1H                            (abs)         00FCF
_TMR1L                            (abs)         00FCE
_TRISC3                           (abs)         07CA3
_TRISC4                           (abs)         07CA4
_TXSTA1                           (abs)         00FAD
_TXSTA1bits                       (abs)         00FAD
_ToMainHigh_MQ                    bssBANK1      00198
_ToMainHigh_recvmsg               text20        01CF8
_ToMainHigh_sendmsg               text50        01E10
_ToMainLow_MQ                     bssBANK0      00063
_ToMainLow_recvmsg                text22        01D28
_ToMainLow_sendmsg                text40        01E8C
_USART1_Status                    bssCOMRAM     00032
_WriteTimer0                      text53        01FB4
_WriteTimer1                      text43        01FA2
__CFG_CP0$OFF                     (abs)         00000
__CFG_CPUDIV$OSC1                 (abs)         00000
__CFG_DSBOREN$OFF                 (abs)         00000
__CFG_DSWDTEN$OFF                 (abs)         00000
__CFG_DSWDTOSC$T1OSCREF           (abs)         00000
__CFG_DSWDTPS$G2                  (abs)         00000
__CFG_FCMEN$OFF                   (abs)         00000
__CFG_IESO$ON                     (abs)         00000
__CFG_IOL1WAY$ON                  (abs)         00000
__CFG_LPT1OSC$OFF                 (abs)         00000
__CFG_MSSP7B_EN$MSK7              (abs)         00000
__CFG_OSC$HSPLL                   (abs)         00000
__CFG_PLLDIV$3                    (abs)         00000
__CFG_RTCOSC$T1OSCREF             (abs)         00000
__CFG_STVREN$OFF                  (abs)         00000
__CFG_T1DIG$OFF                   (abs)         00000
__CFG_WDTEN$OFF                   (abs)         00000
__CFG_WDTPS$32768                 (abs)         00000
__CFG_WPCFG$OFF                   (abs)         00000
__CFG_WPDIS$OFF                   (abs)         00000
__CFG_WPEND$PAGE_WPFP             (abs)         00000
__CFG_WPFP$PAGE_63                (abs)         00000
__CFG_XINST$OFF                   (abs)         00000
__HRAM                            (abs)         00000
__Habs1                           abs1          00000
__Hbank0                          bank0         00000
__Hbank1                          bank1         00000
__Hbank10                         bank10        00000
__Hbank11                         bank11        00000
__Hbank12                         bank12        00000
__Hbank13                         bank13        00000
__Hbank14                         bank14        00000
__Hbank2                          bank2         00000
__Hbank3                          bank3         00000
__Hbank4                          bank4         00000
__Hbank5                          bank5         00000
__Hbank6                          bank6         00000
__Hbank7                          bank7         00000
__Hbank8                          bank8         00000
__Hbank9                          bank9         00000
__Hbigbss                         bigbss        00000
__Hbigdata                        bigdata       00000
__Hbigram                         bigram        00000
__Hbss                            bss           00000
__HbssBANK0                       bssBANK0      00000
__HbssBANK1                       bssBANK1      00000
__HbssCOMRAM                      bssCOMRAM     00000
__Hcinit                          cinit         00000
__Hclrtext                        clrtext       00000
__Hcomram                         comram        00000
__Hconfig                         config        10000
__Hconst                          const         00000
__HcstackBANK0                    cstackBANK0   00000
__HcstackBANK1                    cstackBANK1   00000
__HcstackBANK2                    cstackBANK2   00000
__HcstackCOMRAM                   cstackCOMRAM  00000
__Hdata                           data          00000
__Hend_init                       end_init      000C6
__Hfarbss                         farbss        00000
__Hfardata                        fardata       00000
__Hibigdata                       ibigdata      00000
__Hidata                          idata         00000
__Hidloc                          idloc         00000
__Hifardata                       ifardata      00000
__Hinit                           init          000C2
__Hintcode                        intcode       00018
__Hintcode_body                   intcode_body  00000
__Hintcodelo                      intcodelo     000C2
__Hintentry                       intentry      00000
__Hintret                         intret        00000
__Hintsave_regs                   intsave_regs  00000
__Hirdata                         irdata        00000
__Hjflash_buffer                  jflash_buffer 0F800
__Hmediumconst                    mediumconst   00000
__HnvCOMRAM                       nvCOMRAM      00000
__Hnvbit                          nvbit         00000
__Hnvrram                         nvrram        00000
__Hparam                          param0        00000
__Hparam0                         param0        00000
__Hpowerup                        powerup       000C2
__Hram                            ram           00000
__Hramtop                         ramtop        00F00
__Hrbit                           rbit          00000
__Hrbss                           rbss          00000
__Hrdata                          rdata         00000
__Hreset_vec                      reset_vec     00004
__Hsfr                            sfr           00000
__Hsmallconst                     smallconst    00000
__Hstruct                         struct        00000
__Htemp                           temp          00000
__Htext                           text          00000
__Htext0                          text0         00000
__Htext1                          text1         00000
__Htext10                         text10        00000
__Htext11                         text11        00000
__Htext12                         text12        00000
__Htext13                         text13        00000
__Htext14                         text14        00000
__Htext15                         text15        00000
__Htext16                         text16        00000
__Htext17                         text17        00000
__Htext18                         text18        00000
__Htext19                         text19        00000
__Htext2                          text2         00000
__Htext20                         text20        00000
__Htext21                         text21        00000
__Htext22                         text22        00000
__Htext23                         text23        00000
__Htext24                         text24        00000
__Htext25                         text25        00000
__Htext26                         text26        00000
__Htext27                         text27        00000
__Htext28                         text28        00000
__Htext29                         text29        00000
__Htext3                          text3         00000
__Htext30                         text30        00000
__Htext31                         text31        00000
__Htext32                         text32        00000
__Htext33                         text33        00000
__Htext34                         text34        00000
__Htext35                         text35        00000
__Htext36                         text36        00000
__Htext38                         text38        00000
__Htext39                         text39        00000
__Htext4                          text4         00000
__Htext40                         text40        00000
__Htext41                         text41        00000
__Htext42                         text42        00000
__Htext43                         text43        00000
__Htext44                         text44        00000
__Htext45                         text45        00000
__Htext47                         text47        00000
__Htext48                         text48        00000
__Htext49                         text49        00000
__Htext5                          text5         00000
__Htext50                         text50        00000
__Htext51                         text51        00000
__Htext52                         text52        00000
__Htext53                         text53        00000
__Htext54                         text54        00000
__Htext55                         text55        00000
__Htext56                         text56        00000
__Htext57                         text57        00000
__Htext58                         text58        00000
__Htext59                         text59        00000
__Htext6                          text6         00000
__Htext60                         text60        00000
__Htext61                         text61        00000
__Htext62                         text62        00000
__Htext7                          text7         00000
__Htext8                          text8         00000
__Htext9                          text9         00000
__LRAM                            (abs)         00001
__Labs1                           abs1          00000
__Lbank0                          bank0         00000
__Lbank1                          bank1         00000
__Lbank10                         bank10        00000
__Lbank11                         bank11        00000
__Lbank12                         bank12        00000
__Lbank13                         bank13        00000
__Lbank14                         bank14        00000
__Lbank2                          bank2         00000
__Lbank3                          bank3         00000
__Lbank4                          bank4         00000
__Lbank5                          bank5         00000
__Lbank6                          bank6         00000
__Lbank7                          bank7         00000
__Lbank8                          bank8         00000
__Lbank9                          bank9         00000
__Lbigbss                         bigbss        00000
__Lbigdata                        bigdata       00000
__Lbigram                         bigram        00000
__Lbss                            bss           00000
__LbssBANK0                       bssBANK0      00000
__LbssBANK1                       bssBANK1      00000
__LbssCOMRAM                      bssCOMRAM     00000
__Lcinit                          cinit         00000
__Lclrtext                        clrtext       00000
__Lcomram                         comram        00000
__Lconfig                         config        0FFF8
__Lconst                          const         00000
__LcstackBANK0                    cstackBANK0   00000
__LcstackBANK1                    cstackBANK1   00000
__LcstackBANK2                    cstackBANK2   00000
__LcstackCOMRAM                   cstackCOMRAM  00000
__Ldata                           data          00000
__Lend_init                       end_init      000C2
__Lfarbss                         farbss        00000
__Lfardata                        fardata       00000
__Libigdata                       ibigdata      00000
__Lidata                          idata         00000
__Lidloc                          idloc         00000
__Lifardata                       ifardata      00000
__Linit                           init          000C2
__Lintcode                        intcode       00008
__Lintcode_body                   intcode_body  00000
__Lintcodelo                      intcodelo     00018
__Lintentry                       intentry      00000
__Lintret                         intret        00000
__Lintsave_regs                   intsave_regs  00000
__Lirdata                         irdata        00000
__Ljflash_buffer                  jflash_buffer 0F800
__Lmediumconst                    mediumconst   00000
__LnvCOMRAM                       nvCOMRAM      00000
__Lnvbit                          nvbit         00000
__Lnvrram                         nvrram        00000
__Lparam                          param0        00000
__Lparam0                         param0        00000
__Lpowerup                        powerup       000C2
__Lram                            ram           00000
__Lramtop                         ramtop        00F00
__Lrbit                           rbit          00000
__Lrbss                           rbss          00000
__Lrdata                          rdata         00000
__Lreset_vec                      reset_vec     00000
__Lsfr                            sfr           00000
__Lsmallconst                     smallconst    00000
__Lstruct                         struct        00000
__Ltemp                           temp          00000
__Ltext                           text          00000
__Ltext0                          text0         00000
__Ltext1                          text1         00000
__Ltext10                         text10        00000
__Ltext11                         text11        00000
__Ltext12                         text12        00000
__Ltext13                         text13        00000
__Ltext14                         text14        00000
__Ltext15                         text15        00000
__Ltext16                         text16        00000
__Ltext17                         text17        00000
__Ltext18                         text18        00000
__Ltext19                         text19        00000
__Ltext2                          text2         00000
__Ltext20                         text20        00000
__Ltext21                         text21        00000
__Ltext22                         text22        00000
__Ltext23                         text23        00000
__Ltext24                         text24        00000
__Ltext25                         text25        00000
__Ltext26                         text26        00000
__Ltext27                         text27        00000
__Ltext28                         text28        00000
__Ltext29                         text29        00000
__Ltext3                          text3         00000
__Ltext30                         text30        00000
__Ltext31                         text31        00000
__Ltext32                         text32        00000
__Ltext33                         text33        00000
__Ltext34                         text34        00000
__Ltext35                         text35        00000
__Ltext36                         text36        00000
__Ltext38                         text38        00000
__Ltext39                         text39        00000
__Ltext4                          text4         00000
__Ltext40                         text40        00000
__Ltext41                         text41        00000
__Ltext42                         text42        00000
__Ltext43                         text43        00000
__Ltext44                         text44        00000
__Ltext45                         text45        00000
__Ltext47                         text47        00000
__Ltext48                         text48        00000
__Ltext49                         text49        00000
__Ltext5                          text5         00000
__Ltext50                         text50        00000
__Ltext51                         text51        00000
__Ltext52                         text52        00000
__Ltext53                         text53        00000
__Ltext54                         text54        00000
__Ltext55                         text55        00000
__Ltext56                         text56        00000
__Ltext57                         text57        00000
__Ltext58                         text58        00000
__Ltext59                         text59        00000
__Ltext6                          text6         00000
__Ltext60                         text60        00000
__Ltext61                         text61        00000
__Ltext62                         text62        00000
__Ltext7                          text7         00000
__Ltext8                          text8         00000
__Ltext9                          text9         00000
__S0                              (abs)         10000
__S1                              (abs)         00223
___lwmod                          text35        0142C
___lwmod@counter                  cstackBANK1   001D3
___lwmod@dividend                 cstackBANK1   001CE
___lwmod@divisor                  cstackBANK1   001D0
___wmul                           text36        01916
___wmul@multiplicand              cstackBANK1   001D0
___wmul@multiplier                cstackBANK1   001CE
___wmul@product                   cstackBANK1   001D2
__accesstop                       (abs)         00060
__activetblptr                    (abs)         00002
__end_of_Delay1KTCYx              text33        01F58
__end_of_FromMainHigh_sendmsg     text29        01E10
__end_of_FromMainLow_recvmsg      text27        01D88
__end_of_FromMainLow_sendmsg      text24        01DE4
__end_of_I2CInit                  text10        01FD6
__end_of_I2CNak                   text15        01F90
__end_of_I2CRead                  text14        01ECE
__end_of_I2CSend                  text12        01F1A
__end_of_I2CStart                 text11        01FE6
__end_of_I2CStop                  text13        01FF6
__end_of_I2CWait                  text34        01EEA
__end_of_InterruptHandlerHigh     intcode_body  01688
__end_of_InterruptHandlerLow      intcodelo     000C2
__end_of_Open1USART               text9         015FE
__end_of_OpenTimer0               text6         01E66
__end_of_OpenTimer1               text7         01C1A
__end_of_Read1USART               text41        01C8A
__end_of_ReadTimer1               text42        01FA2
__end_of_SleepIfOkay              text49        01566
__end_of_ToMainHigh_recvmsg       text20        01D28
__end_of_ToMainHigh_sendmsg       text50        01E3C
__end_of_ToMainLow_recvmsg        text22        01D58
__end_of_ToMainLow_sendmsg        text40        01EB0
__end_of_WriteTimer0              text53        01FC6
__end_of_WriteTimer1              text43        01FB4
__end_of___lwmod                  text35        014CC
__end_of___wmul                   text36        0197E
__end_of__initialization          cinit         01E82
__end_of_block_on_To_msgqueues    text16        0121C
__end_of_check_msg                text32        01C52
__end_of_enable_interrupts        text2         02008
__end_of_enter_sleep_mode         text51        0200E
__end_of_handle_start             text52        01166
__end_of_i2c_configure_slave      text8         0142C
__end_of_i2c_int_handler          text47        00860
__end_of_in_high_int              text19        01F44
__end_of_in_low_int               text18        019DC
__end_of_in_main                  text17        01A92
__end_of_init_queue               text26        018A4
__end_of_init_queues              text5         01916
__end_of_init_timer1_lthread      text4         01F7E
__end_of_init_uart_recv           text3         01F04
__end_of_main                     text0         00C00
__end_of_memcpy                   text31        01AE8
__end_of_recv_msg                 text28        00D40
__end_of_send_msg                 text30        00F86
__end_of_start_i2c_slave_reply    text21        01710
__end_of_timer0_int_handler       text48        01F30
__end_of_timer0_lthread           text1         02000
__end_of_timer1_int_handler       text38        01CF8
__end_of_timer1_lthread           text23        0181E
__end_of_uart_lthread             text25        01B8C
__end_of_uart_recv_int_handler    text39        012D2
__end_ofi1_memcpy                 text45        01BD4
__end_ofi1_send_msg               text44        01384
__end_ofi2_FromMainLow_recvmsg    text59        01DB8
__end_ofi2_check_msg              text57        01CC2
__end_ofi2_in_high_int            text55        01F6C
__end_ofi2_in_low_int             text54        01A3A
__end_ofi2_memcpy                 text61        01B3E
__end_ofi2_recv_msg               text60        00E80
__end_ofi2_send_msg               text56        0108C
__end_ofi2_start_i2c_slave_reply  text58        01798
__initialization                  cinit         01E66
__mediumconst                     mediumconst   00000
__pbssBANK0                       bssBANK0      00060
__pbssBANK1                       bssBANK1      00100
__pbssCOMRAM                      bssCOMRAM     00032
__pcinit                          cinit         01E66
__pcstackBANK0                    cstackBANK0   00099
__pcstackBANK1                    cstackBANK1   001CE
__pcstackBANK2                    cstackBANK2   00200
__pcstackCOMRAM                   cstackCOMRAM  00001
__pintcode                        intcode       00008
__pintcode_body                   intcode_body  015FE
__pintcodelo                      intcodelo     00018
__pnvCOMRAM                       nvCOMRAM      00030
__ptext0                          text0         00860
__ptext1                          text1         01FF6
__ptext10                         text10        01FC6
__ptext11                         text11        01FD6
__ptext12                         text12        01F04
__ptext13                         text13        01FE6
__ptext14                         text14        01EB0
__ptext15                         text15        01F7E
__ptext16                         text16        01166
__ptext17                         text17        01A3A
__ptext18                         text18        0197E
__ptext19                         text19        01F30
__ptext2                          text2         02000
__ptext20                         text20        01CF8
__ptext21                         text21        01688
__ptext22                         text22        01D28
__ptext23                         text23        01798
__ptext24                         text24        01DB8
__ptext25                         text25        01B3E
__ptext26                         text26        0181E
__ptext27                         text27        01D58
__ptext28                         text28        00C00
__ptext29                         text29        01DE4
__ptext3                          text3         01EEA
__ptext30                         text30        00E80
__ptext31                         text31        01A92
__ptext32                         text32        01C1A
__ptext33                         text33        01F44
__ptext34                         text34        01ECE
__ptext35                         text35        0142C
__ptext36                         text36        01916
__ptext38                         text38        01CC2
__ptext39                         text39        0121C
__ptext4                          text4         01F6C
__ptext40                         text40        01E8C
__ptext41                         text41        01C52
__ptext42                         text42        01F90
__ptext43                         text43        01FA2
__ptext44                         text44        012D2
__ptext45                         text45        01B8C
__ptext47                         text47        000C6
__ptext48                         text48        01F1A
__ptext49                         text49        014CC
__ptext5                          text5         018A4
__ptext50                         text50        01E10
__ptext51                         text51        02008
__ptext52                         text52        0108C
__ptext53                         text53        01FB4
__ptext54                         text54        019DC
__ptext55                         text55        01F58
__ptext56                         text56        00F86
__ptext57                         text57        01C8A
__ptext58                         text58        01710
__ptext59                         text59        01D88
__ptext6                          text6         01E3C
__ptext60                         text60        00D40
__ptext61                         text61        01AE8
__ptext62                         text62        00000
__ptext7                          text7         01BD4
__ptext8                          text8         01384
__ptext9                          text9         01566
__ramtop                          ramtop        00F00
__size_of_Delay1KTCYx             (abs)         00000
__size_of_FromMainHigh_sendmsg    (abs)         00000
__size_of_FromMainLow_recvmsg     (abs)         00000
__size_of_FromMainLow_sendmsg     (abs)         00000
__size_of_I2CInit                 (abs)         00000
__size_of_I2CNak                  (abs)         00000
__size_of_I2CRead                 (abs)         00000
__size_of_I2CSend                 (abs)         00000
__size_of_I2CStart                (abs)         00000
__size_of_I2CStop                 (abs)         00000
__size_of_I2CWait                 (abs)         00000
__size_of_InterruptHandlerHigh    (abs)         00000
__size_of_InterruptHandlerLow     (abs)         00000
__size_of_Open1USART              (abs)         00000
__size_of_OpenTimer0              (abs)         00000
__size_of_OpenTimer1              (abs)         00000
__size_of_Read1USART              (abs)         00000
__size_of_ReadTimer1              (abs)         00000
__size_of_SleepIfOkay             (abs)         00000
__size_of_ToMainHigh_recvmsg      (abs)         00000
__size_of_ToMainHigh_sendmsg      (abs)         00000
__size_of_ToMainLow_recvmsg       (abs)         00000
__size_of_ToMainLow_sendmsg       (abs)         00000
__size_of_WriteTimer0             (abs)         00000
__size_of_WriteTimer1             (abs)         00000
__size_of___lwmod                 (abs)         00000
__size_of___wmul                  (abs)         00000
__size_of_block_on_To_msgqueues   (abs)         00000
__size_of_check_msg               (abs)         00000
__size_of_enable_interrupts       (abs)         00000
__size_of_enter_sleep_mode        (abs)         00000
__size_of_handle_start            (abs)         00000
__size_of_i2c_configure_slave     (abs)         00000
__size_of_i2c_int_handler         (abs)         00000
__size_of_in_high_int             (abs)         00000
__size_of_in_low_int              (abs)         00000
__size_of_in_main                 (abs)         00000
__size_of_init_queue              (abs)         00000
__size_of_init_queues             (abs)         00000
__size_of_init_timer1_lthread     (abs)         00000
__size_of_init_uart_recv          (abs)         00000
__size_of_main                    (abs)         00000
__size_of_memcpy                  (abs)         00000
__size_of_recv_msg                (abs)         00000
__size_of_send_msg                (abs)         00000
__size_of_start_i2c_slave_reply   (abs)         00000
__size_of_timer0_int_handler      (abs)         00000
__size_of_timer0_lthread          (abs)         00000
__size_of_timer1_int_handler      (abs)         00000
__size_of_timer1_lthread          (abs)         00000
__size_of_uart_lthread            (abs)         00000
__size_of_uart_recv_int_handler   (abs)         00000
__size_ofi1_memcpy                (abs)         00000
__size_ofi1_send_msg              (abs)         00000
__size_ofi2_FromMainLow_recvmsg   (abs)         00000
__size_ofi2_check_msg             (abs)         00000
__size_ofi2_in_high_int           (abs)         00000
__size_ofi2_in_low_int            (abs)         00000
__size_ofi2_memcpy                (abs)         00000
__size_ofi2_recv_msg              (abs)         00000
__size_ofi2_send_msg              (abs)         00000
__size_ofi2_start_i2c_slave_reply (abs)         00000
__smallconst                      smallconst    00000
_block_on_To_msgqueues            text16        01166
_check_msg                        text32        01C1A
_enable_interrupts                text2         02000
_enter_sleep_mode                 text51        02008
_handle_start                     text52        0108C
_i2c_addressable_registers        bssBANK1      00100
_i2c_configure_slave              text8         01384
_i2c_int_handler                  text47        000C6
_ic_ptr                           bssBANK0      00060
_in_high_int                      text19        01F30
_in_low_int                       text18        0197E
_in_main                          text17        01A3A
_init_queue                       text26        0181E
_init_queues                      text5         018A4
_init_timer1_lthread              text4         01F6C
_init_uart_recv                   text3         01EEA
_main                             text0         00860
_memcpy                           text31        01A92
_recv_msg                         text28        00C00
_send_msg                         text30        00E80
_start_i2c_slave_reply            text21        01688
_timer0_int_handler               text48        01F1A
_timer0_lthread                   text1         01FF6
_timer1_int_handler               text38        01CC2
_timer1_lthread                   text23        01798
_uart_lthread                     text25        01B3E
_uart_recv_int_handler            text39        0121C
_uc_ptr                           nvCOMRAM      00030
check_msg@qptr                    cstackBANK1   001CE
end_of_initialization             cinit         01E82
handle_start@data_read            cstackBANK0   00099
i1_memcpy                         text45        01B8C
i1_send_msg                       text44        012D2
i1memcpy@d                        cstackCOMRAM  00007
i1memcpy@d1                       cstackCOMRAM  00001
i1memcpy@n                        cstackCOMRAM  00005
i1memcpy@s                        cstackCOMRAM  00009
i1memcpy@s1                       cstackCOMRAM  00003
i1send_msg@data                   cstackCOMRAM  0000F
i1send_msg@length                 cstackCOMRAM  0000D
i1send_msg@msgtype                cstackCOMRAM  0000E
i1send_msg@qmsg                   cstackCOMRAM  00015
i1send_msg@qptr                   cstackCOMRAM  0000B
i1send_msg@slot                   cstackCOMRAM  00014
i1send_msg@tlength                cstackCOMRAM  00012
i2FromMainLow_recvmsg@data        cstackBANK0   000B4
i2FromMainLow_recvmsg@maxlength   cstackBANK0   000B1
i2FromMainLow_recvmsg@msgtype     cstackBANK0   000B2
i2_FromMainLow_recvmsg            text59        01D88
i2_check_msg                      text57        01C8A
i2_in_high_int                    text55        01F58
i2_in_low_int                     text54        019DC
i2_memcpy                         text61        01AE8
i2_recv_msg                       text60        00D40
i2_send_msg                       text56        00F86
i2_start_i2c_slave_reply          text58        01710
i2c_configure_slave@addr          cstackBANK1   001D4
i2c_configure_slave@i             cstackBANK1   001D5
i2c_int_handler@data_read         cstackBANK0   000C3
i2c_int_handler@data_written      cstackBANK0   000BE
i2c_int_handler@error_buf         cstackBANK0   000BB
i2c_int_handler@i2c_data          cstackBANK0   000C0
i2c_int_handler@msg_ready         cstackBANK0   000C2
i2c_int_handler@msg_to_send       cstackBANK0   000C1
i2c_int_handler@overrun_error     cstackBANK0   000BF
i2check_msg@qptr                  cstackBANK0   00099
i2memcpy@d                        cstackBANK0   0009F
i2memcpy@d1                       cstackBANK0   00099
i2memcpy@n                        cstackBANK0   0009D
i2memcpy@s                        cstackBANK0   000A1
i2memcpy@s1                       cstackBANK0   0009B
i2recv_msg@data                   cstackBANK0   000A8
i2recv_msg@maxlength              cstackBANK0   000A5
i2recv_msg@msgtype                cstackBANK0   000A6
i2recv_msg@qmsg                   cstackBANK0   000AF
i2recv_msg@qptr                   cstackBANK0   000A3
i2recv_msg@slot                   cstackBANK0   000AC
i2recv_msg@tlength                cstackBANK0   000AD
i2send_msg@data                   cstackBANK0   000A7
i2send_msg@length                 cstackBANK0   000A5
i2send_msg@msgtype                cstackBANK0   000A6
i2send_msg@qmsg                   cstackBANK0   000AD
i2send_msg@qptr                   cstackBANK0   000A3
i2send_msg@slot                   cstackBANK0   000AC
i2send_msg@tlength                cstackBANK0   000AA
i2start_i2c_slave_reply@msgType   cstackBANK0   000B8
init_queue@i                      cstackBANK1   001D1
init_queue@qptr                   cstackBANK1   001CE
init_timer1_lthread@tptr          cstackBANK1   001CE
init_uart_recv@uc                 cstackBANK1   001CE
int_func                          intcode_body  015FE
intlevel0                         text          00000
intlevel1                         text          00000
intlevel2                         text          00000
intlevel3                         text          00000
main@ADCBufferLen                 cstackBANK2   00219
main@ADCbufferI2C                 cstackBANK2   00200
main@last_reg_recvd               cstackBANK2   00208
main@length                       cstackBANK2   00221
main@msgbuffer                    cstackBANK2   0020E
main@msgtype                      cstackBANK2   00222
main@out                          cstackBANK2   00209
main@t0thread_data                cstackBANK2   0020C
main@t1thread_data                cstackBANK2   0021A
main@uc                           cstackBANK2   0021C
main@uthread_data                 cstackBANK2   0020A
memcpy@d                          cstackBANK1   001D4
memcpy@d1                         cstackBANK1   001CE
memcpy@n                          cstackBANK1   001D2
memcpy@s                          cstackBANK1   001D6
memcpy@s1                         cstackBANK1   001D0
recv_msg@data                     cstackBANK1   001DD
recv_msg@maxlength                cstackBANK1   001DA
recv_msg@msgtype                  cstackBANK1   001DB
recv_msg@qmsg                     cstackBANK1   001E4
recv_msg@qptr                     cstackBANK1   001D8
recv_msg@slot                     cstackBANK1   001E1
recv_msg@tlength                  cstackBANK1   001E2
send_msg@data                     cstackBANK1   001DC
send_msg@length                   cstackBANK1   001DA
send_msg@msgtype                  cstackBANK1   001DB
send_msg@qmsg                     cstackBANK1   001E2
send_msg@qptr                     cstackBANK1   001D8
send_msg@slot                     cstackBANK1   001E1
send_msg@tlength                  cstackBANK1   001DF
start                             init          000C2
start_i2c_slave_reply@msgType     cstackBANK1   001F1
start_initialization              cinit         01E66
timer0_lthread@msgbuffer          cstackBANK1   001D4
timer0_lthread@msgval             cstackBANK1   001D6
timer1_int_handler@result         cstackCOMRAM  0001D
timer1_lthread@retval             cstackBANK1   001F2
timer1_lthread@tptr               cstackBANK1   001E8
uart_lthread@length               cstackBANK1   001D2
uart_lthread@msgbuffer            cstackBANK1   001D4
uart_lthread@msgtype              cstackBANK1   001D0


FUNCTION INFORMATION:

 *************** function _main *****************
 Defined at:
		line 125 in file "../src/main.c"
 Parameters:    Size  Location     Type
		None
 Auto vars:     Size  Location     Type
  ic             28    0        struct __i2c_comm
  msgbuffer      11   14[BANK2 ] unsigned char [11]
  ADCbufferI2C    8    0[BANK2 ] unsigned char [8]
  uc              5   28[BANK2 ] struct __uart_comm
  t1thread_dat    2   26[BANK2 ] struct __timer1_thread_s
  t0thread_dat    2   12[BANK2 ] struct __timer0_thread_s
  uthread_data    2   10[BANK2 ] struct __uart_thread_str
  msgtype         1   34[BANK2 ] unsigned char 
  length          1   33[BANK2 ] char 
  ADCBufferLen    1   25[BANK2 ] unsigned char 
  out             1    9[BANK2 ] unsigned char 
  last_reg_rec    1    8[BANK2 ] unsigned char 
  i               1    0        unsigned char 
  c               1    0        unsigned char 
 Return value:  Size  Location     Type
		None               void
 Registers used:
		wreg, fsr0l, fsr0h, fsr1l, fsr1h, fsr2l, fsr2h, status,2, status,0, pclat, tosl, structret, tblptrl, tblptrh, tblptru, prodl, prodh, bsr, cstack
 Tracked objects:
		On entry : 
		On exit  : 
		Unchanged: 
 Data sizes:     COMRAM   BANK0   BANK1   BANK2   BANK3   BANK4   BANK5   BANK6   BANK7   BANK8   BANK9  BANK10  BANK11  BANK12  BANK13  BANK14
      Params:         0       0       0       0       0       0       0       0       0       0       0       0       0       0       0       0
      Locals:         0       0       0      35       0       0       0       0       0       0       0       0       0       0       0       0
      Temps:          0       0       2       0       0       0       0       0       0       0       0       0       0       0       0       0
      Totals:         0       0       2      35       0       0       0       0       0       0       0       0       0       0       0       0
Total ram usage:       37 bytes
 Hardware stack levels required when called:   15
 This function calls:
		_init_uart_recv
		_init_timer1_lthread
		_init_queues
		_OpenTimer0
		_OpenTimer1
		_i2c_configure_slave
		_Open1USART
		_enable_interrupts
		_I2CInit
		_I2CStart
		_I2CSend
		_I2CStop
		_I2CRead
		_I2CNak
		_block_on_To_msgqueues
		_ToMainHigh_recvmsg
		_timer0_lthread
		_start_i2c_slave_reply
		_ToMainLow_recvmsg
		_timer1_lthread
		_FromMainLow_sendmsg
		_uart_lthread
 This function is called by:
		Startup code after reset
 This function uses a non-reentrant model


 *************** function _timer0_lthread *****************
 Defined at:
		line 9 in file "../src/timer0_thread.c"
 Parameters:    Size  Location     Type
  tptr            2    0[BANK1 ] PTR struct __timer0_thre
		 -> main@t0thread_data(2), 
  msgtype         2    2[BANK1 ] int 
  length          2    4[BANK1 ] int 
  msgbuffer       2    6[BANK1 ] PTR unsigned char 
		 -> main@msgbuffer(11), 
 Auto vars:     Size  Location     Type
  msgval          2    8[BANK1 ] PTR unsigned int 
		 -> main@msgbuffer(11), 
 Return value:  Size  Location     Type
                  2    0[BANK1 ] int 
 Registers used:
		None
 Tracked objects:
		On entry : 
		On exit  : 
		Unchanged: 
 Data sizes:     COMRAM   BANK0   BANK1   BANK2   BANK3   BANK4   BANK5   BANK6   BANK7   BANK8   BANK9  BANK10  BANK11  BANK12  BANK13  BANK14
      Params:         0       0       8       0       0       0       0       0       0       0       0       0       0       0       0       0
      Locals:         0       0       2       0       0       0       0       0       0       0       0       0       0       0       0       0
      Temps:          0       0       0       0       0       0       0       0       0       0       0       0       0       0       0       0
      Totals:         0       0      10       0       0       0       0       0       0       0       0       0       0       0       0       0
Total ram usage:       10 bytes
 Hardware stack levels used:    1
 Hardware stack levels required when called:   11
 This function calls:
		Nothing
 This function is called by:
		_main
 This function uses a non-reentrant model


 *************** function _enable_interrupts *****************
 Defined at:
		line 14 in file "../src/interrupts.c"
 Parameters:    Size  Location     Type
		None
 Auto vars:     Size  Location     Type
		None
 Return value:  Size  Location     Type
		None               void
 Registers used:
		None
 Tracked objects:
		On entry : 
		On exit  : 
		Unchanged: 
 Data sizes:     COMRAM   BANK0   BANK1   BANK2   BANK3   BANK4   BANK5   BANK6   BANK7   BANK8   BANK9  BANK10  BANK11  BANK12  BANK13  BANK14
      Params:         0       0       0       0       0       0       0       0       0       0       0       0       0       0       0       0
      Locals:         0       0       0       0       0       0       0       0       0       0       0       0       0       0       0       0
      Temps:          0       0       0       0       0       0       0       0       0       0       0       0       0       0       0       0
      Totals:         0       0       0       0       0       0       0       0       0       0       0       0       0       0       0       0
Total ram usage:        0 bytes
 Hardware stack levels used:    1
 Hardware stack levels required when called:   11
 This function calls:
		Nothing
 This function is called by:
		_main
 This function uses a non-reentrant model


 *************** function _init_uart_recv *****************
 Defined at:
		line 40 in file "../src/my_uart.c"
 Parameters:    Size  Location     Type
  uc              2    0[BANK1 ] PTR struct __uart_comm
		 -> main@uc(5), 
 Auto vars:     Size  Location     Type
		None
 Return value:  Size  Location     Type
		None               void
 Registers used:
		wreg, fsr2l, fsr2h, status,2, status,0
 Tracked objects:
		On entry : 
		On exit  : 
		Unchanged: 
 Data sizes:     COMRAM   BANK0   BANK1   BANK2   BANK3   BANK4   BANK5   BANK6   BANK7   BANK8   BANK9  BANK10  BANK11  BANK12  BANK13  BANK14
      Params:         0       0       2       0       0       0       0       0       0       0       0       0       0       0       0       0
      Locals:         0       0       0       0       0       0       0       0       0       0       0       0       0       0       0       0
      Temps:          0       0       0       0       0       0       0       0       0       0       0       0       0       0       0       0
      Totals:         0       0       2       0       0       0       0       0       0       0       0       0       0       0       0       0
Total ram usage:        2 bytes
 Hardware stack levels used:    1
 Hardware stack levels required when called:   11
 This function calls:
		Nothing
 This function is called by:
		_main
 This function uses a non-reentrant model


 *************** function _init_timer1_lthread *****************
 Defined at:
		line 6 in file "../src/timer1_thread.c"
 Parameters:    Size  Location     Type
  tptr            2    0[BANK1 ] PTR struct __timer1_thre
		 -> main@t1thread_data(2), 
 Auto vars:     Size  Location     Type
		None
 Return value:  Size  Location     Type
		None               void
 Registers used:
		wreg, fsr2l, fsr2h
 Tracked objects:
		On entry : 
		On exit  : 
		Unchanged: 
 Data sizes:     COMRAM   BANK0   BANK1   BANK2   BANK3   BANK4   BANK5   BANK6   BANK7   BANK8   BANK9  BANK10  BANK11  BANK12  BANK13  BANK14
      Params:         0       0       2       0       0       0       0       0       0       0       0       0       0       0       0       0
      Locals:         0       0       0       0       0       0       0       0       0       0       0       0       0       0       0       0
      Temps:          0       0       0       0       0       0       0       0       0       0       0       0       0       0       0       0
      Totals:         0       0       2       0       0       0       0       0       0       0       0       0       0       0       0       0
Total ram usage:        2 bytes
 Hardware stack levels used:    1
 Hardware stack levels required when called:   11
 This function calls:
		Nothing
 This function is called by:
		_main
 This function uses a non-reentrant model


 *************** function _init_queues *****************
 Defined at:
		line 192 in file "../src/messages.c"
 Parameters:    Size  Location     Type
		None
 Auto vars:     Size  Location     Type
		None
 Return value:  Size  Location     Type
		None               void
 Registers used:
		wreg, fsr2l, fsr2h, status,2, status,0, prodl, prodh, cstack
 Tracked objects:
		On entry : 
		On exit  : 
		Unchanged: 
 Data sizes:     COMRAM   BANK0   BANK1   BANK2   BANK3   BANK4   BANK5   BANK6   BANK7   BANK8   BANK9  BANK10  BANK11  BANK12  BANK13  BANK14
      Params:         0       0       0       0       0       0       0       0       0       0       0       0       0       0       0       0
      Locals:         0       0       0       0       0       0       0       0       0       0       0       0       0       0       0       0
      Temps:          0       0       1       0       0       0       0       0       0       0       0       0       0       0       0       0
      Totals:         0       0       1       0       0       0       0       0       0       0       0       0       0       0       0       0
Total ram usage:        1 bytes
 Hardware stack levels used:    1
 Hardware stack levels required when called:   12
 This function calls:
		_init_queue
 This function is called by:
		_main
 This function uses a non-reentrant model


 *************** function _OpenTimer0 *****************
 Defined at:
		line 19 in file "plib/Timers/t0open.c"
 Parameters:    Size  Location     Type
  config          1    0[BANK1 ] unsigned char 
 Auto vars:     Size  Location     Type
		None
 Return value:  Size  Location     Type
		None               void
 Registers used:
		wreg, status,2, status,0
 Tracked objects:
		On entry : 
		On exit  : 
		Unchanged: 
 Data sizes:     COMRAM   BANK0   BANK1   BANK2   BANK3   BANK4   BANK5   BANK6   BANK7   BANK8   BANK9  BANK10  BANK11  BANK12  BANK13  BANK14
      Params:         0       0       1       0       0       0       0       0       0       0       0       0       0       0       0       0
      Locals:         0       0       0       0       0       0       0       0       0       0       0       0       0       0       0       0
      Temps:          0       0       0       0       0       0       0       0       0       0       0       0       0       0       0       0
      Totals:         0       0       1       0       0       0       0       0       0       0       0       0       0       0       0       0
Total ram usage:        1 bytes
 Hardware stack levels used:    1
 Hardware stack levels required when called:   11
 This function calls:
		Nothing
 This function is called by:
		_main
 This function uses a non-reentrant model


 *************** function _OpenTimer1 *****************
 Defined at:
		line 44 in file "plib/Timers/t1open.c"
 Parameters:    Size  Location     Type
  config          1    0[BANK1 ] unsigned char 
  config1         1    1[BANK1 ] unsigned char 
 Auto vars:     Size  Location     Type
		None
 Return value:  Size  Location     Type
		None               void
 Registers used:
		wreg, status,2, status,0
 Tracked objects:
		On entry : 
		On exit  : 
		Unchanged: 
 Data sizes:     COMRAM   BANK0   BANK1   BANK2   BANK3   BANK4   BANK5   BANK6   BANK7   BANK8   BANK9  BANK10  BANK11  BANK12  BANK13  BANK14
      Params:         0       0       2       0       0       0       0       0       0       0       0       0       0       0       0       0
      Locals:         0       0       0       0       0       0       0       0       0       0       0       0       0       0       0       0
      Temps:          0       0       1       0       0       0       0       0       0       0       0       0       0       0       0       0
      Totals:         0       0       3       0       0       0       0       0       0       0       0       0       0       0       0       0
Total ram usage:        3 bytes
 Hardware stack levels used:    1
 Hardware stack levels required when called:   11
 This function calls:
		Nothing
 This function is called by:
		_main
 This function uses a non-reentrant model


 *************** function _i2c_configure_slave *****************
 Defined at:
		line 293 in file "../src/my_i2c.c"
 Parameters:    Size  Location     Type
  addr            1    6[BANK1 ] unsigned char 
 Auto vars:     Size  Location     Type
  i               2    7[BANK1 ] int 
 Return value:  Size  Location     Type
		None               void
 Registers used:
		wreg, fsr2l, fsr2h, status,2, status,0, cstack
 Tracked objects:
		On entry : 
		On exit  : 
		Unchanged: 
 Data sizes:     COMRAM   BANK0   BANK1   BANK2   BANK3   BANK4   BANK5   BANK6   BANK7   BANK8   BANK9  BANK10  BANK11  BANK12  BANK13  BANK14
      Params:         0       0       1       0       0       0       0       0       0       0       0       0       0       0       0       0
      Locals:         0       0       2       0       0       0       0       0       0       0       0       0       0       0       0       0
      Temps:          0       0       0       0       0       0       0       0       0       0       0       0       0       0       0       0
      Totals:         0       0       3       0       0       0       0       0       0       0       0       0       0       0       0       0
Total ram usage:        3 bytes
 Hardware stack levels used:    1
 Hardware stack levels required when called:   12
 This function calls:
		___wmul
 This function is called by:
		_main
 This function uses a non-reentrant model


 *************** function _Open1USART *****************
 Defined at:
		line 125 in file "plib/USART/u1open.c"
 Parameters:    Size  Location     Type
  config          1    0[BANK1 ] unsigned char 
  spbrg           2    1[BANK1 ] unsigned int 
 Auto vars:     Size  Location     Type
		None
 Return value:  Size  Location     Type
		None               void
 Registers used:
		wreg, status,2
 Tracked objects:
		On entry : 
		On exit  : 
		Unchanged: 
 Data sizes:     COMRAM   BANK0   BANK1   BANK2   BANK3   BANK4   BANK5   BANK6   BANK7   BANK8   BANK9  BANK10  BANK11  BANK12  BANK13  BANK14
      Params:         0       0       3       0       0       0       0       0       0       0       0       0       0       0       0       0
      Locals:         0       0       0       0       0       0       0       0       0       0       0       0       0       0       0       0
      Temps:          0       0       0       0       0       0       0       0       0       0       0       0       0       0       0       0
      Totals:         0       0       3       0       0       0       0       0       0       0       0       0       0       0       0       0
Total ram usage:        3 bytes
 Hardware stack levels used:    1
 Hardware stack levels required when called:   11
 This function calls:
		Nothing
 This function is called by:
		_main
 This function uses a non-reentrant model


 *************** function _I2CInit *****************
 Defined at:
		line 9 in file "../src/i2cMaster.c"
 Parameters:    Size  Location     Type
		None
 Auto vars:     Size  Location     Type
		None
 Return value:  Size  Location     Type
		None               void
 Registers used:
		wreg, status,2, status,0
 Tracked objects:
		On entry : 
		On exit  : 
		Unchanged: 
 Data sizes:     COMRAM   BANK0   BANK1   BANK2   BANK3   BANK4   BANK5   BANK6   BANK7   BANK8   BANK9  BANK10  BANK11  BANK12  BANK13  BANK14
      Params:         0       0       0       0       0       0       0       0       0       0       0       0       0       0       0       0
      Locals:         0       0       0       0       0       0       0       0       0       0       0       0       0       0       0       0
      Temps:          0       0       0       0       0       0       0       0       0       0       0       0       0       0       0       0
      Totals:         0       0       0       0       0       0       0       0       0       0       0       0       0       0       0       0
Total ram usage:        0 bytes
 Hardware stack levels used:    1
 Hardware stack levels required when called:   11
 This function calls:
		Nothing
 This function is called by:
		_main
 This function uses a non-reentrant model


 *************** function _I2CStart *****************
 Defined at:
		line 23 in file "../src/i2cMaster.c"
 Parameters:    Size  Location     Type
		None
 Auto vars:     Size  Location     Type
		None
 Return value:  Size  Location     Type
		None               void
 Registers used:
		None
 Tracked objects:
		On entry : 
		On exit  : 
		Unchanged: 
 Data sizes:     COMRAM   BANK0   BANK1   BANK2   BANK3   BANK4   BANK5   BANK6   BANK7   BANK8   BANK9  BANK10  BANK11  BANK12  BANK13  BANK14
      Params:         0       0       0       0       0       0       0       0       0       0       0       0       0       0       0       0
      Locals:         0       0       0       0       0       0       0       0       0       0       0       0       0       0       0       0
      Temps:          0       0       0       0       0       0       0       0       0       0       0       0       0       0       0       0
      Totals:         0       0       0       0       0       0       0       0       0       0       0       0       0       0       0       0
Total ram usage:        0 bytes
 Hardware stack levels used:    1
 Hardware stack levels required when called:   11
 This function calls:
		Nothing
 This function is called by:
		_main
 This function uses a non-reentrant model


 *************** function _I2CSend *****************
 Defined at:
		line 94 in file "../src/i2cMaster.c"
 Parameters:    Size  Location     Type
  dat             1    0[BANK1 ] unsigned char 
 Auto vars:     Size  Location     Type
		None
 Return value:  Size  Location     Type
		None               void
 Registers used:
		wreg, status,2, status,0, cstack
 Tracked objects:
		On entry : 
		On exit  : 
		Unchanged: 
 Data sizes:     COMRAM   BANK0   BANK1   BANK2   BANK3   BANK4   BANK5   BANK6   BANK7   BANK8   BANK9  BANK10  BANK11  BANK12  BANK13  BANK14
      Params:         0       0       1       0       0       0       0       0       0       0       0       0       0       0       0       0
      Locals:         0       0       0       0       0       0       0       0       0       0       0       0       0       0       0       0
      Temps:          0       0       0       0       0       0       0       0       0       0       0       0       0       0       0       0
      Totals:         0       0       1       0       0       0       0       0       0       0       0       0       0       0       0       0
Total ram usage:        1 bytes
 Hardware stack levels used:    1
 Hardware stack levels required when called:   12
 This function calls:
		_I2CWait
 This function is called by:
		_main
 This function uses a non-reentrant model


 *************** function _I2CStop *****************
 Defined at:
		line 35 in file "../src/i2cMaster.c"
 Parameters:    Size  Location     Type
		None
[...]
      Locals:         0       0       0       0       0       0       0       0       0       0       0       0       0       0       0       0
      Temps:          0       0       0       0       0       0       0       0       0       0       0       0       0       0       0       0
      Totals:         0       1       0       0       0       0       0       0       0       0       0       0       0       0       0       0
Total ram usage:        1 bytes
 Hardware stack levels used:    1
 This function calls:
		Nothing
 This function is called by:
		_i2c_int_handler
 This function uses a non-reentrant model


 *************** function _WriteTimer0 *****************
 Defined at:
		line 17 in file "plib/Timers/t0write.c"
 Parameters:    Size  Location     Type
  timer0          2    0[BANK0 ] unsigned int 
 Auto vars:     Size  Location     Type
  timer           2    2[BANK0 ] struct Timers
 Return value:  Size  Location     Type
		None               void
 Registers used:
		None
 Tracked objects:
		On entry : 
		On exit  : 
		Unchanged: 
 Data sizes:     COMRAM   BANK0   BANK1   BANK2   BANK3   BANK4   BANK5   BANK6   BANK7   BANK8   BANK9  BANK10  BANK11  BANK12  BANK13  BANK14
      Params:         0       2       0       0       0       0       0       0       0       0       0       0       0       0       0       0
      Locals:         0       2       0       0       0       0       0       0       0       0       0       0       0       0       0       0
      Temps:          0       0       0       0       0       0       0       0       0       0       0       0       0       0       0       0
      Totals:         0       4       0       0       0       0       0       0       0       0       0       0       0       0       0       0
Total ram usage:        4 bytes
 Hardware stack levels used:    1
 This function calls:
		Nothing
 This function is called by:
		_timer0_int_handler
 This function uses a non-reentrant model


 *************** function i2_in_low_int *****************
 Defined at:
		line 30 in file "../src/interrupts.c"
 Parameters:    Size  Location     Type
		None
 Auto vars:     Size  Location     Type
		None
 Return value:  Size  Location     Type
                  2    2[BANK0 ] int 
 Registers used:
		wreg, status,2, status,0, cstack
 Tracked objects:
		On entry : 
		On exit  : 
		Unchanged: 
 Data sizes:     COMRAM   BANK0   BANK1   BANK2   BANK3   BANK4   BANK5   BANK6   BANK7   BANK8   BANK9  BANK10  BANK11  BANK12  BANK13  BANK14
      Params:         0       2       0       0       0       0       0       0       0       0       0       0       0       0       0       0
      Locals:         0       0       0       0       0       0       0       0       0       0       0       0       0       0       0       0
      Temps:          0       0       0       0       0       0       0       0       0       0       0       0       0       0       0       0
      Totals:         0       2       0       0       0       0       0       0       0       0       0       0       0       0       0       0
Total ram usage:        2 bytes
 Hardware stack levels used:    1
 Hardware stack levels required when called:    1
 This function calls:
		i2_in_high_int
 This function is called by:
		_SleepIfOkay
 This function uses a non-reentrant model


 *************** function i2_in_high_int *****************
 Defined at:
		line 22 in file "../src/interrupts.c"
 Parameters:    Size  Location     Type
		None
 Auto vars:     Size  Location     Type
		None
 Return value:  Size  Location     Type
                  2    0[BANK0 ] int 
 Registers used:
		wreg, status,2
 Tracked objects:
		On entry : 
		On exit  : 
		Unchanged: 
 Data sizes:     COMRAM   BANK0   BANK1   BANK2   BANK3   BANK4   BANK5   BANK6   BANK7   BANK8   BANK9  BANK10  BANK11  BANK12  BANK13  BANK14
      Params:         0       2       0       0       0       0       0       0       0       0       0       0       0       0       0       0
      Locals:         0       0       0       0       0       0       0       0       0       0       0       0       0       0       0       0
      Temps:          0       0       0       0       0       0       0       0       0       0       0       0       0       0       0       0
      Totals:         0       2       0       0       0       0       0       0       0       0       0       0       0       0       0       0
Total ram usage:        2 bytes
 Hardware stack levels used:    1
 This function calls:
		Nothing
 This function is called by:
		_SleepIfOkay
		i2_in_low_int
 This function uses a non-reentrant model


 *************** function i2_send_msg *****************
 Defined at:
		line 24 in file "../src/messages.c"
 Parameters:    Size  Location     Type
  send_msg        2   10[BANK0 ] PTR struct __msg_queue
		 -> FromMainHigh_MQ(54), FromMainLow_MQ(54), ToMainHigh_MQ(54), ToMainLow_MQ(54), 
  send_msg        1   12[BANK0 ] unsigned char 
  send_msg        1   13[BANK0 ] unsigned char 
  send_msg        2   14[BANK0 ] PTR void 
		 -> NULL(0), i2c_int_handler@error_buf(3), main@msgbuffer(11), main@t1thread_data(2), 
		 -> main@uc(5), 
 Auto vars:     Size  Location     Type
  send_msg        2   20[BANK0 ] PTR struct __msg
		 -> FromMainHigh_MQ(54), FromMainLow_MQ(54), ToMainHigh_MQ(54), ToMainLow_MQ(54), 
  send_msg        2   17[BANK0 ] unsigned int 
  send_msg        1   19[BANK0 ] unsigned char 
 Return value:  Size  Location     Type
                  1    wreg      char 
 Registers used:
		wreg, fsr1l, fsr1h, fsr2l, fsr2h, status,2, status,0, prodl, prodh, cstack
 Tracked objects:
		On entry : 
		On exit  : 
		Unchanged: 
 Data sizes:     COMRAM   BANK0   BANK1   BANK2   BANK3   BANK4   BANK5   BANK6   BANK7   BANK8   BANK9  BANK10  BANK11  BANK12  BANK13  BANK14
      Params:         0       6       0       0       0       0       0       0       0       0       0       0       0       0       0       0
      Locals:         0       5       0       0       0       0       0       0       0       0       0       0       0       0       0       0
      Temps:          0       1       0       0       0       0       0       0       0       0       0       0       0       0       0       0
      Totals:         0      12       0       0       0       0       0       0       0       0       0       0       0       0       0       0
Total ram usage:       12 bytes
 Hardware stack levels used:    1
 Hardware stack levels required when called:    1
 This function calls:
		i2_memcpy
 This function is called by:
		_ToMainHigh_sendmsg
 This function uses a non-reentrant model


 *************** function i2_check_msg *****************
 Defined at:
		line 220 in file "../src/messages.c"
 Parameters:    Size  Location     Type
  check_msg       2    0[BANK0 ] PTR struct __msg_queue
		 -> ToMainHigh_MQ(54), ToMainLow_MQ(54), 
 Auto vars:     Size  Location     Type
		None
 Return value:  Size  Location     Type
                  1    wreg      unsigned char 
 Registers used:
		wreg, fsr2l, fsr2h, status,2, status,0, prodl, prodh
 Tracked objects:
		On entry : 
		On exit  : 
		Unchanged: 
 Data sizes:     COMRAM   BANK0   BANK1   BANK2   BANK3   BANK4   BANK5   BANK6   BANK7   BANK8   BANK9  BANK10  BANK11  BANK12  BANK13  BANK14
      Params:         0       2       0       0       0       0       0       0       0       0       0       0       0       0       0       0
      Locals:         0       0       0       0       0       0       0       0       0       0       0       0       0       0       0       0
      Temps:          0       1       0       0       0       0       0       0       0       0       0       0       0       0       0       0
      Totals:         0       3       0       0       0       0       0       0       0       0       0       0       0       0       0       0
Total ram usage:        3 bytes
 Hardware stack levels used:    1
 This function calls:
		Nothing
 This function is called by:
		_SleepIfOkay
 This function uses a non-reentrant model


 *************** function i2_start_i2c_slave_reply *****************
 Defined at:
		line 62 in file "../src/my_i2c.c"
 Parameters:    Size  Location     Type
		None
 Auto vars:     Size  Location     Type
  start_i2c_sl    1   31[BANK0 ] const unsigned char 
 Return value:  Size  Location     Type
		None               void
 Registers used:
		wreg, fsr1l, fsr1h, fsr2l, fsr2h, status,2, status,0, prodl, prodh, cstack
 Tracked objects:
		On entry : 
		On exit  : 
		Unchanged: 
 Data sizes:     COMRAM   BANK0   BANK1   BANK2   BANK3   BANK4   BANK5   BANK6   BANK7   BANK8   BANK9  BANK10  BANK11  BANK12  BANK13  BANK14
      Params:         0       0       0       0       0       0       0       0       0       0       0       0       0       0       0       0
      Locals:         0       1       0       0       0       0       0       0       0       0       0       0       0       0       0       0
      Temps:          0       2       0       0       0       0       0       0       0       0       0       0       0       0       0       0
      Totals:         0       3       0       0       0       0       0       0       0       0       0       0       0       0       0       0
Total ram usage:        3 bytes
 Hardware stack levels used:    1
 Hardware stack levels required when called:    3
 This function calls:
		i2_FromMainLow_recvmsg
 This function is called by:
		_i2c_int_handler
 This function uses a non-reentrant model


 *************** function i2_FromMainLow_recvmsg *****************
 Defined at:
		line 157 in file "../src/messages.c"
 Parameters:    Size  Location     Type
  FromMainLow_    1   24[BANK0 ] unsigned char 
  FromMainLow_    2   25[BANK0 ] PTR unsigned char 
		 -> RAM(3775), 
  FromMainLow_    2   27[BANK0 ] PTR void 
		 -> NULL(0), 
 Auto vars:     Size  Location     Type
		None
 Return value:  Size  Location     Type
                  1    wreg      char 
 Registers used:
		wreg, fsr1l, fsr1h, fsr2l, fsr2h, status,2, status,0, prodl, prodh, cstack
 Tracked objects:
		On entry : 
		On exit  : 
		Unchanged: 
 Data sizes:     COMRAM   BANK0   BANK1   BANK2   BANK3   BANK4   BANK5   BANK6   BANK7   BANK8   BANK9  BANK10  BANK11  BANK12  BANK13  BANK14
      Params:         0       5       0       0       0       0       0       0       0       0       0       0       0       0       0       0
      Locals:         0       0       0       0       0       0       0       0       0       0       0       0       0       0       0       0
      Temps:          0       0       0       0       0       0       0       0       0       0       0       0       0       0       0       0
      Totals:         0       5       0       0       0       0       0       0       0       0       0       0       0       0       0       0
Total ram usage:        5 bytes
 Hardware stack levels used:    1
 Hardware stack levels required when called:    2
 This function calls:
		i2_recv_msg
 This function is called by:
		i2_start_i2c_slave_reply
 This function uses a non-reentrant model


 *************** function i2_recv_msg *****************
 Defined at:
		line 61 in file "../src/messages.c"
 Parameters:    Size  Location     Type
  recv_msg        2   10[BANK0 ] PTR struct __msg_queue
		 -> FromMainHigh_MQ(54), FromMainLow_MQ(54), ToMainHigh_MQ(54), ToMainLow_MQ(54), 
  recv_msg        1   12[BANK0 ] unsigned char 
  recv_msg        2   13[BANK0 ] PTR unsigned char 
		 -> RAM(3775), main@msgtype(1), 
  recv_msg        2   15[BANK0 ] PTR void 
		 -> NULL(0), main@msgbuffer(11), 
 Auto vars:     Size  Location     Type
  recv_msg        2   22[BANK0 ] PTR struct __msg
		 -> FromMainHigh_MQ(54), FromMainLow_MQ(54), ToMainHigh_MQ(54), ToMainLow_MQ(54), 
  recv_msg        2   20[BANK0 ] unsigned int 
  recv_msg        1   19[BANK0 ] unsigned char 
 Return value:  Size  Location     Type
                  1    wreg      char 
 Registers used:
		wreg, fsr1l, fsr1h, fsr2l, fsr2h, status,2, status,0, prodl, prodh, cstack
 Tracked objects:
		On entry : 
		On exit  : 
		Unchanged: 
 Data sizes:     COMRAM   BANK0   BANK1   BANK2   BANK3   BANK4   BANK5   BANK6   BANK7   BANK8   BANK9  BANK10  BANK11  BANK12  BANK13  BANK14
      Params:         0       7       0       0       0       0       0       0       0       0       0       0       0       0       0       0
      Locals:         0       5       0       0       0       0       0       0       0       0       0       0       0       0       0       0
      Temps:          0       2       0       0       0       0       0       0       0       0       0       0       0       0       0       0
      Totals:         0      14       0       0       0       0       0       0       0       0       0       0       0       0       0       0
Total ram usage:       14 bytes
 Hardware stack levels used:    1
 Hardware stack levels required when called:    1
 This function calls:
		i2_memcpy
 This function is called by:
		i2_FromMainLow_recvmsg
 This function uses a non-reentrant model


 *************** function i2_memcpy *****************
 Defined at:
		line 13 in file "/Applications/microchip/xc8/v1.12/sources/memcpy.c"
 Parameters:    Size  Location     Type
  memcpy          2    0[BANK0 ] PTR void 
		 -> NULL(0), FromMainHigh_MQ(54), FromMainLow_MQ(54), ToMainHigh_MQ(54), 
		 -> ToMainLow_MQ(54), main@msgbuffer(11), 
  memcpy          2    2[BANK0 ] PTR const void 
		 -> NULL(0), i2c_int_handler@error_buf(3), FromMainHigh_MQ(54), FromMainLow_MQ(54), 
		 -> ToMainHigh_MQ(54), ToMainLow_MQ(54), main@msgbuffer(11), main@t1thread_data(2), 
		 -> main@uc(5), 
  memcpy          2    4[BANK0 ] unsigned int 
 Auto vars:     Size  Location     Type
  memcpy          2    8[BANK0 ] PTR const unsigned char 
		 -> NULL(0), i2c_int_handler@error_buf(3), FromMainHigh_MQ(54), FromMainLow_MQ(54), 
		 -> ToMainHigh_MQ(54), ToMainLow_MQ(54), main@msgbuffer(11), main@t1thread_data(2), 
		 -> main@uc(5), 
  memcpy          2    6[BANK0 ] PTR unsigned char 
		 -> NULL(0), FromMainHigh_MQ(54), FromMainLow_MQ(54), ToMainHigh_MQ(54), 
		 -> ToMainLow_MQ(54), main@msgbuffer(11), 
 Return value:  Size  Location     Type
                  2    0[BANK0 ] PTR void 
 Registers used:
		wreg, fsr1l, fsr1h, fsr2l, fsr2h, status,2, status,0
 Tracked objects:
		On entry : 
		On exit  : 
		Unchanged: 
 Data sizes:     COMRAM   BANK0   BANK1   BANK2   BANK3   BANK4   BANK5   BANK6   BANK7   BANK8   BANK9  BANK10  BANK11  BANK12  BANK13  BANK14
      Params:         0       6       0       0       0       0       0       0       0       0       0       0       0       0       0       0
      Locals:         0       4       0       0       0       0       0       0       0       0       0       0       0       0       0       0
      Temps:          0       0       0       0       0       0       0       0       0       0       0       0       0       0       0       0
      Totals:         0      10       0       0       0       0       0       0       0       0       0       0       0       0       0       0
Total ram usage:       10 bytes
 Hardware stack levels used:    1
 This function calls:
		Nothing
 This function is called by:
		i2_send_msg
		i2_recv_msg
 This function uses a non-reentrant model



MODULE INFORMATION

Module		Function		Class		Link	Load	Size
/Applications/microchip/xc8/v1.12/sources/memcpy.c
		_memcpy        		CODE           	1A92	0000	86

/Applications/microchip/xc8/v1.12/sources/memcpy.c estimated size: 86

plib/Timers/t0open.c
		_OpenTimer0    		CODE           	1E3C	0000	42

plib/Timers/t0open.c estimated size: 42

plib/Timers/t1open.c
		_OpenTimer1    		CODE           	1BD4	0000	70

plib/Timers/t1open.c estimated size: 70

../src/i2cMaster.c
		_I2CNak        		CODE           	1F7E	0000	18
		_I2CStop       		CODE           	1FE6	0000	16
		_I2CRead       		CODE           	1EB0	0000	30
		_I2CStart      		CODE           	1FD6	0000	16
		_I2CWait       		CODE           	1ECE	0000	28
		_I2CInit       		CODE           	1FC6	0000	16
		_I2CSend       		CODE           	1F04	0000	22

../src/i2cMaster.c estimated size: 146

../src/user_interrupts.c
		_timer0_int_han		CODE           	1F1A	0000	22
		_timer1_int_han		CODE           	1CC2	0000	54

../src/user_interrupts.c estimated size: 76

plib/USART/u1open.c
		_Open1USART    		CODE           	1566	0000	152

plib/USART/u1open.c estimated size: 152

../src/timer0_thread.c
		_timer0_lthread		CODE           	1FF6	0000	10

../src/timer0_thread.c estimated size: 10

shared
		i1_send_msg    		CODE           	12D2	0000	178
		i2_send_msg    		CODE           	0F86	0000	262
		i2_FromMainLow_		CODE           	1D88	0000	48
		i2_in_high_int 		CODE           	1F58	0000	20
		i2_recv_msg    		CODE           	0D40	0000	320
		__initializatio		CODE           	1E66	0000	28
		i2_in_low_int  		CODE           	19DC	0000	94
		i2_start_i2c_sl		CODE           	1710	0000	136
		i1_memcpy      		CODE           	1B8C	0000	72
		i2_memcpy      		CODE           	1AE8	0000	86
		i2_check_msg   		CODE           	1C8A	0000	56

shared estimated size: 1300

../src/timer1_thread.c
		_timer1_lthread		CODE           	1798	0000	134
		_init_timer1_lt		CODE           	1F6C	0000	18

../src/timer1_thread.c estimated size: 152

../src/my_i2c.c
		_start_i2c_slav		CODE           	1688	0000	136
		_handle_start  		CODE           	108C	0000	218
		_i2c_configure_		CODE           	1384	0000	168
		_i2c_int_handle		CODE           	00C6	0000	1946

../src/my_i2c.c estimated size: 2468

plib/Timers/t0write.c
		_WriteTimer0   		CODE           	1FB4	0000	18

plib/Timers/t0write.c estimated size: 18

plib/Timers/t1write.c
		_WriteTimer1   		CODE           	1FA2	0000	18

plib/Timers/t1write.c estimated size: 18

/Applications/microchip/xc8/v1.12/sources/wmul.c
		___wmul        		CODE           	1916	0000	104

/Applications/microchip/xc8/v1.12/sources/wmul.c estimated size: 104

../src/uart_thread.c
		_uart_lthread  		CODE           	1B3E	0000	78

../src/uart_thread.c estimated size: 78

/Applications/microchip/xc8/v1.12/sources/lwmod.c
		___lwmod       		CODE           	142C	0000	160

/Applications/microchip/xc8/v1.12/sources/lwmod.c estimated size: 160

../common/d1ktcyx.c
		_Delay1KTCYx   		CODE           	1F44	0000	20

../common/d1ktcyx.c estimated size: 20

../src/interrupts.c
		_enable_interru		CODE           	2000	0000	8
		_in_low_int    		CODE           	197E	0000	94
		_in_main       		CODE           	1A3A	0000	88
		_in_high_int   		CODE           	1F30	0000	20
		_InterruptHandl		CODE           	0018	0000	170
		_InterruptHandl		CODE           	0008	0000	5760

../src/interrupts.c estimated size: 6140

plib/Timers/t1read.c
		_ReadTimer1    		CODE           	1F90	0000	18

plib/Timers/t1read.c estimated size: 18

../src/my_uart.c
		_init_uart_recv		CODE           	1EEA	0000	26
		_uart_recv_int_		CODE           	121C	0000	182

../src/my_uart.c estimated size: 208

../src/messages.c
		_ToMainHigh_sen		CODE           	1E10	0000	44
		_ToMainHigh_rec		CODE           	1CF8	0000	48
		_block_on_To_ms		CODE           	1166	0000	182
		_check_msg     		CODE           	1C1A	0000	56
		_FromMainLow_se		CODE           	1DB8	0000	44
		_ToMainLow_send		CODE           	1E8C	0000	36
		_ToMainLow_recv		CODE           	1D28	0000	48
		_FromMainLow_re		CODE           	1D58	0000	48
		_FromMainHigh_s		CODE           	1DE4	0000	44
		_enter_sleep_mo		CODE           	2008	0000	6
		_send_msg      		CODE           	0E80	0000	262
		_init_queue    		CODE           	181E	0000	134
		_init_queues   		CODE           	18A4	0000	114
		_recv_msg      		CODE           	0C00	0000	320
		_SleepIfOkay   		CODE           	14CC	0000	154

../src/messages.c estimated size: 1540

plib/USART/u1read.c
		_Read1USART    		CODE           	1C52	0000	56

plib/USART/u1read.c estimated size: 56

../src/main.c
		_main          		CODE           	0860	0000	928

../src/main.c estimated size: 928

