Microchip MPLAB XC8 Compiler V1.12 ()

Linker command line:

--edf=/Applications/microchip/xc8/v1.12/dat/en_msgs.txt -cs \
  -h+dist/UseXC8/debug/Framework.X.debug.sym -z -Q18F2680 -ol.obj \
  -Mdist/UseXC8/debug/Framework.X.debug.map -E1 -ver=XC8 -ACODE=00h-0FD7Fh \
  -ACONST=00h-0FD7Fh -ASMALLCONST=0D00h-0DFFhx240,0FD00h-0FD7Fh \
  -AMEDIUMCONST=0D00h-0FD7Fh -ACOMRAM=01h-05Fh -AABS1=00h-0CF3h \
  -ABIGRAM=01h-0CF3h -ARAM=060h-0FFh,0100h-01FFhx11,0C00h-0CF3h \
  -ABANK0=060h-0FFh -ABANK1=0100h-01FFh -ABANK2=0200h-02FFh \
  -ABANK3=0300h-03FFh -ABANK4=0400h-04FFh -ABANK5=0500h-05FFh \
  -ABANK6=0600h-06FFh -ABANK7=0700h-07FFh -ABANK8=0800h-08FFh \
  -ABANK9=0900h-09FFh -ABANK10=0A00h-0AFFh -ABANK11=0B00h-0BFFh \
  -ABANK12=0C00h-0CF3h -ASFR=0D00h-0DFFhx2,0F00h-0F5Fh,0F60h-0FFFh \
  -preset_vec=00h,intcode=08h,intcodelo=018h,powerup,init,end_init \
  -pramtop=0D00h -psmallconst=SMALLCONST -pmediumconst=MEDIUMCONST \
  -pconst=CONST -AFARRAM=00h-00h -ACONFIG=0300000h-030000Dh -pconfig=CONFIG \
  -AIDLOC=0200000h-0200007h -pidloc=IDLOC -AEEDATA=0F00000h-0F003FFh \
  -peeprom_data=EEDATA \
  -prdata=COMRAM,nvrram=COMRAM,nvbit=COMRAM,rbss=COMRAM,rbit=COMRAM \
  -pfarbss=FARRAM,fardata=FARRAM \
  -pintsave_regs=BIGRAM,bigbss=BIGRAM,bigdata=BIGRAM -pbss=RAM \
  -pidata=CODE,irdata=CODE,ibigdata=CODE,ifardata=CODE /tmp/cgt1aMAyJ.obj \
  dist/UseXC8/debug/Framework.X.debug.obj 

Object code version is 3.10

Machine type is 18F2680

Call graph: (short form)




                Name                               Link     Load   Length Selector   Space Scale
/tmp/cgt1aMAyJ.obj
                end_init                             C2       C2        4        C       0
                reset_vec                             0        0        6        0       0
                idloc                            200000   200000        8   200000       0
                config                           300000   300000        E   300000       0
dist/UseXC8/debug/Framework.X.debug.obj
                intcodelo                            18       18       AA        C       0
                intcode                               8        8       10        4       0
                text54                             2006     2006       14        C       0
                text53                             1AAC     1AAC       5E        C       0
                text52                             1BB8     1BB8       56        C       0
                text51                             100E     100E      106        C       0
                text50                              DC8      DC8      140        C       0
                text49                             1E9C     1E9C       30        C       0
                text48                             1DA2     1DA2       38        C       0
                text47                             17E0     17E0       88        C       0
                text46                             2050     2050       12        C       0
                text45                             11F4     11F4       DA        C       0
                text44                             1F24     1F24       2C        C       0
                text43                             2074     2074        6        C       0
                text42                             1632     1632       9A        C       0
                text41                             1DDA     1DDA       32        C       0
                text40                               C6       C6      79A        C       0
                intcode_body                       16CC     16CC       8C        C       0
                text38                             1CAC     1CAC       48        C       0
                text37                             1438     1438       B2        C       0
                text36                             1D6A     1D6A       38        C       0
                text35                             203E     203E       12        C       0
                text34                             202C     202C       12        C       0
                text33                             1FA0     1FA0       24        C       0
                text32                             1C0E     1C0E       50        C       0
                text31                             12CE     12CE       B6        C       0
                text29                             19E6     19E6       68        C       0
                text28                             1592     1592       A0        C       0
                text27                             1B62     1B62       56        C       0
                text26                              C88      C88      140        C       0
                text25                              F08      F08      106        C       0
                text24                             18EE     18EE       86        C       0
                text23                             1C5E     1C5E       4E        C       0
                text22                             1EF8     1EF8       2C        C       0
                text21                             1ECC     1ECC       2C        C       0
                text20                             1868     1868       86        C       0
                text19                             1E6C     1E6C       30        C       0
                text18                             1E3C     1E3C       30        C       0
                text17                             1758     1758       88        C       0
                text16                             2062     2062        A        C       0
                text15                             1E0C     1E0C       30        C       0
                text14                             1D32     1D32       38        C       0
                text13                             1FF2     1FF2       14        C       0
                text12                             1FDE     1FDE       14        C       0
                text11                             1A4E     1A4E       5E        C       0
                text10                             1B0A     1B0A       58        C       0
                text9                              1114     1114       E0        C       0
                text8                              1384     1384       B4        C       0
                text7                              14EA     14EA       A8        C       0
                text6                              1CF4     1CF4       3E        C       0
                text5                              1F50     1F50       2A        C       0
                text4                              1974     1974       72        C       0
                text3                              201A     201A       12        C       0
                text2                              1FC4     1FC4       1A        C       0
                text1                              206C     206C        8        C       0
                text0                               860      860      428        C       0
                cstackCOMRAM                          1        1       2F        1       1
                cstackBANK0                          99       99       39       60       1
                cstackBANK1                         1CE      1CE       27      100       1
                cstackBANK2                         200      200       23      200       1
                bssBANK1                            100      100       CE      100       1
                bssBANK0                             60       60       39       60       1
                bssCOMRAM                            32       32        2        1       1
                cinit                              1F7A     1F7A       26        C       0
                nvCOMRAM                             30       30        2        1       1

TOTAL           Name                               Link     Load   Length     Space
        CLASS   CODE           
                end_init                             C2       C2        4         0
                intcodelo                            18       18       AA         0
                intcode                               8        8       10         0
                reset_vec                             0        0        6         0
                text54                             2006     2006       14         0
                text53                             1AAC     1AAC       5E         0
                text52                             1BB8     1BB8       56         0
                text51                             100E     100E      106         0
                text50                              DC8      DC8      140         0
                text49                             1E9C     1E9C       30         0
                text48                             1DA2     1DA2       38         0
                text47                             17E0     17E0       88         0
                text46                             2050     2050       12         0
                text45                             11F4     11F4       DA         0
                text44                             1F24     1F24       2C         0
                text43                             2074     2074        6         0
                text42                             1632     1632       9A         0
                text41                             1DDA     1DDA       32         0
                text40                               C6       C6      79A         0
                intcode_body                       16CC     16CC       8C         0
                text38                             1CAC     1CAC       48         0
                text37                             1438     1438       B2         0
                text36                             1D6A     1D6A       38         0
                text35                             203E     203E       12         0
                text34                             202C     202C       12         0
                text33                             1FA0     1FA0       24         0
                text32                             1C0E     1C0E       50         0
                text31                             12CE     12CE       B6         0
                text29                             19E6     19E6       68         0
                text28                             1592     1592       A0         0
                text27                             1B62     1B62       56         0
                text26                              C88      C88      140         0
                text25                              F08      F08      106         0
                text24                             18EE     18EE       86         0
                text23                             1C5E     1C5E       4E         0
                text22                             1EF8     1EF8       2C         0
                text21                             1ECC     1ECC       2C         0
                text20                             1868     1868       86         0
                text19                             1E6C     1E6C       30         0
                text18                             1E3C     1E3C       30         0
                text17                             1758     1758       88         0
                text16                             2062     2062        A         0
                text15                             1E0C     1E0C       30         0
                text14                             1D32     1D32       38         0
                text13                             1FF2     1FF2       14         0
                text12                             1FDE     1FDE       14         0
                text11                             1A4E     1A4E       5E         0
                text10                             1B0A     1B0A       58         0
                text9                              1114     1114       E0         0
                text8                              1384     1384       B4         0
                text7                              14EA     14EA       A8         0
                text6                              1CF4     1CF4       3E         0
                text5                              1F50     1F50       2A         0
                text4                              1974     1974       72         0
                text3                              201A     201A       12         0
                text2                              1FC4     1FC4       1A         0
                text1                              206C     206C        8         0
                text0                               860      860      428         0
                cinit                              1F7A     1F7A       26         0

        CLASS   CONST          

        CLASS   SMALLCONST     

        CLASS   MEDIUMCONST    

        CLASS   COMRAM         
                cstackCOMRAM                          1        1       2F         1
                bssCOMRAM                            32       32        2         1
                nvCOMRAM                             30       30        2         1

        CLASS   ABS1           

        CLASS   BIGRAM         

        CLASS   RAM            

        CLASS   BANK0          
                cstackBANK0                          99       99       39         1
                bssBANK0                             60       60       39         1

        CLASS   BANK1          
                cstackBANK1                         1CE      1CE       27         1
                bssBANK1                            100      100       CE         1

        CLASS   BANK2          
                cstackBANK2                         200      200       23         1

        CLASS   BANK3          

        CLASS   BANK4          

        CLASS   BANK5          

        CLASS   BANK6          

        CLASS   BANK7          

        CLASS   BANK8          

        CLASS   BANK9          

        CLASS   BANK10         

        CLASS   BANK11         

        CLASS   BANK12         

        CLASS   SFR            

        CLASS   FARRAM         

        CLASS   CONFIG         
                config                           300000   300000        E         0

        CLASS   IDLOC          
                idloc                            200000   200000        8         0

        CLASS   EEDATA         



SEGMENTS        Name                           Load    Length   Top    Selector   Space  Class

                reset_vec                      000000  000006  000006         0       0  CODE    
                cstackCOMRAM                   000001  000033  000034         1       1  COMRAM  
                intcode                        000008  000010  000018         4       0  CODE    
                intcodelo                      000018  002062  00207A         C       0  CODE    
                bssBANK0                       000060  000072  0000D2        60       1  BANK0   
                bssBANK1                       000100  0000F5  0001F5       100       1  BANK1   
                cstackBANK2                    000200  000023  000223       200       1  BANK2   
                idloc                          200000  000008  200008    200000       0  IDLOC   
                config                         300000  00000E  30000E    300000       0  CONFIG  


UNUSED ADDRESS RANGES

        Name                Unused          Largest block    Delta
        BANK0            0000D2-0000FF               2E
        BANK1            0001F5-0001FF                B
        BANK10           000A00-000AFF              100
        BANK11           000B00-000BFF              100
        BANK12           000C00-000CF3               F4
        BANK2            000223-0002FF               DD
        BANK3            000300-0003FF              100
        BANK4            000400-0004FF              100
        BANK5            000500-0005FF              100
        BANK6            000600-0006FF              100
        BANK7            000700-0007FF              100
        BANK8            000800-0008FF              100
        BANK9            000900-0009FF              100
        BIGRAM           000034-00005F               2C
                         0000D2-0000FF               2E
                         0001F5-0001FF                B
                         000223-000CF3              AD1
        CODE             000006-000007                2
                         00207A-00FD7F             DD06
        COMRAM           000034-00005F               2C
        CONST            000006-000007                2
                         00207A-00FD7F             DD06
        EEDATA           F00000-F003FF              400
        MEDIUMCONST      00207A-00FD7F             DD06
        RAM              0000D2-0000FF               2E
                         0001F5-0001FF                B
                         000223-000CF3              100
        SFR              000D00-000FFF              100
        SMALLCONST       00207A-00FD7F              100

                                  Symbol Table

?_Delay1KTCYx                     cstackBANK1  0001CE
?_FromMainHigh_sendmsg            cstackBANK1  0001E4
?_FromMainLow_recvmsg             cstackBANK1  0001E6
?_FromMainLow_sendmsg             cstackBANK1  0001E4
?_OpenTimer0                      cstackBANK1  0001CE
?_OpenTimer1                      cstackBANK1  0001CE
?_OpenUSART                       cstackBANK1  0001CE
?_ReadTimer1                      cstackCOMRAM 000001
?_ToMainHigh_recvmsg              cstackBANK1  0001E6
?_ToMainHigh_sendmsg              cstackBANK0  0000AF
?_ToMainLow_recvmsg               cstackBANK1  0001E6
?_ToMainLow_sendmsg               cstackCOMRAM 000017
?_WriteTimer0                     cstackBANK0  000099
?_WriteTimer1                     cstackCOMRAM 000001
?___lwmod                         cstackBANK1  0001CE
?___wmul                          cstackBANK1  0001CE
?_check_msg                       cstackBANK1  0001CE
?_handle_start                    cstackBANK0  000099
?_i2c_configure_slave             cstackBANK1  0001D4
?_in_high_int                     cstackBANK1  0001CE
?_in_low_int                      cstackBANK1  0001D0
?_in_main                         cstackBANK1  0001D2
?_init_queue                      cstackBANK1  0001CE
?_init_timer1_lthread             cstackBANK1  0001CE
?_init_uart_recv                  cstackBANK1  0001CE
?_memcpy                          cstackBANK1  0001CE
?_recv_msg                        cstackBANK1  0001D8
?_send_msg                        cstackBANK1  0001D8
?_start_i2c_slave_reply           cstackBANK1  0001EB
?_timer0_lthread                  cstackBANK1  0001CE
?_timer1_lthread                  cstackBANK1  0001E8
?_uart_lthread                    cstackBANK1  0001CE
?i1_memcpy                        cstackCOMRAM 000001
?i1_send_msg                      cstackCOMRAM 00000B
?i2_FromMainLow_recvmsg           cstackBANK0  0000B1
?i2_check_msg                     cstackBANK0  000099
?i2_in_high_int                   cstackBANK0  000099
?i2_in_low_int                    cstackBANK0  00009B
?i2_memcpy                        cstackBANK0  000099
?i2_recv_msg                      cstackBANK0  0000A3
?i2_send_msg                      cstackBANK0  0000A3
Delay1KTCYx@unit                  cstackBANK1  0001CE
FromMainHigh_sendmsg@data         cstackBANK1  0001E6
FromMainHigh_sendmsg@length       cstackBANK1  0001E4
FromMainHigh_sendmsg@msgtype      cstackBANK1  0001E5
FromMainLow_recvmsg@data          cstackBANK1  0001E9
FromMainLow_recvmsg@maxlength     cstackBANK1  0001E6
FromMainLow_recvmsg@msgtype       cstackBANK1  0001E7
FromMainLow_sendmsg@data          cstackBANK1  0001E6
FromMainLow_sendmsg@length        cstackBANK1  0001E4
FromMainLow_sendmsg@msgtype       cstackBANK1  0001E5
OpenTimer0@config                 cstackBANK1  0001CE
OpenTimer1@config                 cstackBANK1  0001CE
OpenUSART@config                  cstackBANK1  0001CE
OpenUSART@spbrg                   cstackBANK1  0001CF
ReadTimer1@timer                  cstackCOMRAM 000003
ReadUSART@data                    cstackCOMRAM 000001
ToMainHigh_recvmsg@data           cstackBANK1  0001E9
ToMainHigh_recvmsg@maxlength      cstackBANK1  0001E6
ToMainHigh_recvmsg@msgtype        cstackBANK1  0001E7
ToMainHigh_sendmsg@data           cstackBANK0  0000B1
ToMainHigh_sendmsg@length         cstackBANK0  0000AF
ToMainHigh_sendmsg@msgtype        cstackBANK0  0000B0
ToMainLow_recvmsg@data            cstackBANK1  0001E9
ToMainLow_recvmsg@maxlength       cstackBANK1  0001E6
ToMainLow_recvmsg@msgtype         cstackBANK1  0001E7
ToMainLow_sendmsg@data            cstackCOMRAM 000019
ToMainLow_sendmsg@length          cstackCOMRAM 000017
ToMainLow_sendmsg@msgtype         cstackCOMRAM 000018
WriteTimer0@timer                 cstackBANK0  00009B
WriteTimer0@timer0                cstackBANK0  000099
WriteTimer1@timer                 cstackCOMRAM 000003
WriteTimer1@timer1                cstackCOMRAM 000001
_ACKDT                            (abs)        007E2D
_ACKEN                            (abs)        007E2C
_BF                               (abs)        007E38
_Delay1KTCYx                      text13       001FF2
_FromMainHigh_MQ                  bssBANK1     00012C
_FromMainHigh_sendmsg             text21       001ECC
_FromMainLow_MQ                   bssBANK1     000162
_FromMainLow_recvmsg              text18       001E3C
_FromMainLow_sendmsg              text22       001EF8
_INTCONbits                       (abs)        000FF2
_IPR1bits                         (abs)        000F9F
_InterruptHandlerHigh             intcode      000008
_InterruptHandlerLow              intcodelo    000018
_LATB                             (abs)        000F8A
_LATBbits                         (abs)        000F8A
_MQ_Main_Willing_to_block         bssBANK0     000062
_OSCCON                           (abs)        000FD3
_OSCCONbits                       (abs)        000FD3
_OSCTUNEbits                      (abs)        000F9B
_OpenTimer0                       text5        001F50
_OpenTimer1                       text6        001CF4
_OpenUSART                        text8        001384
_PEN                              (abs)        007E2A
_PIE1bits                         (abs)        000F9D
_PIR1bits                         (abs)        000F9E
_RCEN                             (abs)        007E2B
_RCONbits                         (abs)        000FD0
_RCREG                            (abs)        000FAE
_RCSTA                            (abs)        000FAB
_RCSTAbits                        (abs)        000FAB
_ReadTimer1                       text35       00203E
_ReadUSART                        text36       001D6A
_SEN                              (abs)        007E28
_SPBRG                            (abs)        000FAF
_SPBRGH                           (abs)        000FB0
_SSPADD                           (abs)        000FC8
_SSPBUF                           (abs)        000FC9
_SSPCON1                          (abs)        000FC6
_SSPCON1bits                      (abs)        000FC6
_SSPCON2                          (abs)        000FC5
_SSPCON2bits                      (abs)        000FC5
_SSPSTAT                          (abs)        000FC7
_SSPSTATbits                      (abs)        000FC7
_SleepIfOkay                      text42       001632
_T0CON                            (abs)        000FD5
_T0CONbits                        (abs)        000FD5
_T1CON                            (abs)        000FCD
_T1CONbits                        (abs)        000FCD
_TMR0H                            (abs)        000FD7
_TMR0L                            (abs)        000FD6
_TMR1H                            (abs)        000FCF
_TMR1L                            (abs)        000FCE
_TRISB                            (abs)        000F93
_TRISC3                           (abs)        007CA3
_TRISC4                           (abs)        007CA4
_TRISCbits                        (abs)        000F94
_TXSTA                            (abs)        000FAC
_TXSTAbits                        (abs)        000FAC
_ToMainHigh_MQ                    bssBANK1     000198
_ToMainHigh_recvmsg               text15       001E0C
_ToMainHigh_sendmsg               text44       001F24
_ToMainLow_MQ                     bssBANK0     000063
_ToMainLow_recvmsg                text19       001E6C
_ToMainLow_sendmsg                text33       001FA0
_USART_Status                     bssCOMRAM    000032
_WriteTimer0                      text46       002050
_WriteTimer1                      text34       00202C
__CFG_BBSIZ$1024                  (abs)        000000
__CFG_BOREN$OFF                   (abs)        000000
__CFG_BORV$3                      (abs)        000000
__CFG_FCMEN$OFF                   (abs)        000000
__CFG_IESO$OFF                    (abs)        000000
__CFG_LPT1OSC$OFF                 (abs)        000000
__CFG_LVP$OFF                     (abs)        000000
__CFG_MCLRE$ON                    (abs)        000000
__CFG_OSC$IRCIO67                 (abs)        000000
__CFG_PBADEN$OFF                  (abs)        000000
__CFG_PWRT$OFF                    (abs)        000000
__CFG_STVREN$OFF                  (abs)        000000
__CFG_WDT$OFF                     (abs)        000000
__CFG_WDTPS$32768                 (abs)        000000
__HRAM                            (abs)        000000
__Habs1                           abs1         000000
__Hbank0                          bank0        000000
__Hbank1                          bank1        000000
__Hbank10                         bank10       000000
__Hbank11                         bank11       000000
__Hbank12                         bank12       000000
__Hbank2                          bank2        000000
__Hbank3                          bank3        000000
__Hbank4                          bank4        000000
__Hbank5                          bank5        000000
__Hbank6                          bank6        000000
__Hbank7                          bank7        000000
__Hbank8                          bank8        000000
__Hbank9                          bank9        000000
__Hbigbss                         bigbss       000000
__Hbigdata                        bigdata      000000
__Hbigram                         bigram       000000
__Hbss                            bss          000000
__HbssBANK0                       bssBANK0     000000
__HbssBANK1                       bssBANK1     000000
__HbssCOMRAM                      bssCOMRAM    000000
__Hcinit                          cinit        000000
__Hclrtext                        clrtext      000000
__Hcomram                         comram       000000
__Hconfig                         config       30000E
__Hconst                          const        000000
__HcstackBANK0                    cstackBANK0  000000
__HcstackBANK1                    cstackBANK1  000000
__HcstackBANK2                    cstackBANK2  000000
__HcstackCOMRAM                   cstackCOMRAM 000000
__Hdata                           data         000000
__Heeprom_data                    eeprom_data  000000
__Hend_init                       end_init     0000C6
__Hfarbss                         farbss       000000
__Hfardata                        fardata      000000
__Hibigdata                       ibigdata     000000
__Hidata                          idata        000000
__Hidloc                          idloc        200008
__Hifardata                       ifardata     000000
__Hinit                           init         0000C2
__Hintcode                        intcode      000018
__Hintcode_body                   intcode_body 000000
__Hintcodelo                      intcodelo    0000C2
__Hintentry                       intentry     000000
__Hintret                         intret       000000
__Hintsave_regs                   intsave_regs 000000
__Hirdata                         irdata       000000
__Hmediumconst                    mediumconst  000000
__HnvCOMRAM                       nvCOMRAM     000000
__Hnvbit                          nvbit        000000
__Hnvrram                         nvrram       000000
__Hparam                          param0       000000
__Hparam0                         param0       000000
__Hpowerup                        powerup      0000C2
__Hram                            ram          000000
__Hramtop                         ramtop       000D00
__Hrbit                           rbit         000000
__Hrbss                           rbss         000000
__Hrdata                          rdata        000000
__Hreset_vec                      reset_vec    000006
__Hsfr                            sfr          000000
__Hsmallconst                     smallconst   000000
__Hstruct                         struct       000000
__Htemp                           temp         000000
__Htext                           text         000000
__Htext0                          text0        000000
__Htext1                          text1        000000
__Htext10                         text10       000000
__Htext11                         text11       000000
__Htext12                         text12       000000
__Htext13                         text13       000000
__Htext14                         text14       000000
__Htext15                         text15       000000
__Htext16                         text16       000000
__Htext17                         text17       000000
__Htext18                         text18       000000
__Htext19                         text19       000000
__Htext2                          text2        000000
__Htext20                         text20       000000
__Htext21                         text21       000000
__Htext22                         text22       000000
__Htext23                         text23       000000
__Htext24                         text24       000000
__Htext25                         text25       000000
__Htext26                         text26       000000
__Htext27                         text27       000000
__Htext28                         text28       000000
__Htext29                         text29       000000
__Htext3                          text3        000000
__Htext31                         text31       000000
__Htext32                         text32       000000
__Htext33                         text33       000000
__Htext34                         text34       000000
__Htext35                         text35       000000
__Htext36                         text36       000000
__Htext37                         text37       000000
__Htext38                         text38       000000
__Htext4                          text4        000000
__Htext40                         text40       000000
__Htext41                         text41       000000
__Htext42                         text42       000000
__Htext43                         text43       000000
__Htext44                         text44       000000
__Htext45                         text45       000000
__Htext46                         text46       000000
__Htext47                         text47       000000
__Htext48                         text48       000000
__Htext49                         text49       000000
__Htext5                          text5        000000
__Htext50                         text50       000000
__Htext51                         text51       000000
__Htext52                         text52       000000
__Htext53                         text53       000000
__Htext54                         text54       000000
__Htext55                         text55       000000
__Htext6                          text6        000000
__Htext7                          text7        000000
__Htext8                          text8        000000
__Htext9                          text9        000000
__LRAM                            (abs)        000001
__Labs1                           abs1         000000
__Lbank0                          bank0        000000
__Lbank1                          bank1        000000
__Lbank10                         bank10       000000
__Lbank11                         bank11       000000
__Lbank12                         bank12       000000
__Lbank2                          bank2        000000
__Lbank3                          bank3        000000
__Lbank4                          bank4        000000
__Lbank5                          bank5        000000
__Lbank6                          bank6        000000
__Lbank7                          bank7        000000
__Lbank8                          bank8        000000
__Lbank9                          bank9        000000
__Lbigbss                         bigbss       000000
__Lbigdata                        bigdata      000000
__Lbigram                         bigram       000000
__Lbss                            bss          000000
__LbssBANK0                       bssBANK0     000000
__LbssBANK1                       bssBANK1     000000
__LbssCOMRAM                      bssCOMRAM    000000
__Lcinit                          cinit        000000
__Lclrtext                        clrtext      000000
__Lcomram                         comram       000000
__Lconfig                         config       300000
__Lconst                          const        000000
__LcstackBANK0                    cstackBANK0  000000
__LcstackBANK1                    cstackBANK1  000000
__LcstackBANK2                    cstackBANK2  000000
__LcstackCOMRAM                   cstackCOMRAM 000000
__Ldata                           data         000000
__Leeprom_data                    eeprom_data  000000
__Lend_init                       end_init     0000C2
__Lfarbss                         farbss       000000
__Lfardata                        fardata      000000
__Libigdata                       ibigdata     000000
__Lidata                          idata        000000
__Lidloc                          idloc        200000
__Lifardata                       ifardata     000000
__Linit                           init         0000C2
__Lintcode                        intcode      000008
__Lintcode_body                   intcode_body 000000
__Lintcodelo                      intcodelo    000018
__Lintentry                       intentry     000000
__Lintret                         intret       000000
__Lintsave_regs                   intsave_regs 000000
__Lirdata                         irdata       000000
__Lmediumconst                    mediumconst  000000
__LnvCOMRAM                       nvCOMRAM     000000
__Lnvbit                          nvbit        000000
__Lnvrram                         nvrram       000000
__Lparam                          param0       000000
__Lparam0                         param0       000000
__Lpowerup                        powerup      0000C2
__Lram                            ram          000000
__Lramtop                         ramtop       000D00
__Lrbit                           rbit         000000
__Lrbss                           rbss         000000
__Lrdata                          rdata        000000
__Lreset_vec                      reset_vec    000000
__Lsfr                            sfr          000000
__Lsmallconst                     smallconst   000000
__Lstruct                         struct       000000
__Ltemp                           temp         000000
__Ltext                           text         000000
__Ltext0                          text0        000000
__Ltext1                          text1        000000
__Ltext10                         text10       000000
__Ltext11                         text11       000000
__Ltext12                         text12       000000
__Ltext13                         text13       000000
__Ltext14                         text14       000000
__Ltext15                         text15       000000
__Ltext16                         text16       000000
__Ltext17                         text17       000000
__Ltext18                         text18       000000
__Ltext19                         text19       000000
__Ltext2                          text2        000000
__Ltext20                         text20       000000
__Ltext21                         text21       000000
__Ltext22                         text22       000000
__Ltext23                         text23       000000
__Ltext24                         text24       000000
__Ltext25                         text25       000000
__Ltext26                         text26       000000
__Ltext27                         text27       000000
__Ltext28                         text28       000000
__Ltext29                         text29       000000
__Ltext3                          text3        000000
__Ltext31                         text31       000000
__Ltext32                         text32       000000
__Ltext33                         text33       000000
__Ltext34                         text34       000000
__Ltext35                         text35       000000
__Ltext36                         text36       000000
__Ltext37                         text37       000000
__Ltext38                         text38       000000
__Ltext4                          text4        000000
__Ltext40                         text40       000000
__Ltext41                         text41       000000
__Ltext42                         text42       000000
__Ltext43                         text43       000000
__Ltext44                         text44       000000
__Ltext45                         text45       000000
__Ltext46                         text46       000000
__Ltext47                         text47       000000
__Ltext48                         text48       000000
__Ltext49                         text49       000000
__Ltext5                          text5        000000
__Ltext50                         text50       000000
__Ltext51                         text51       000000
__Ltext52                         text52       000000
__Ltext53                         text53       000000
__Ltext54                         text54       000000
__Ltext55                         text55       000000
__Ltext6                          text6        000000
__Ltext7                          text7        000000
__Ltext8                          text8        000000
__Ltext9                          text9        000000
__S0                              (abs)        30000E
__S1                              (abs)        000223
___lwmod                          text28       001592
___lwmod@counter                  cstackBANK1  0001D3
___lwmod@dividend                 cstackBANK1  0001CE
___lwmod@divisor                  cstackBANK1  0001D0
___wmul                           text29       0019E6
___wmul@multiplicand              cstackBANK1  0001D0
___wmul@multiplier                cstackBANK1  0001CE
___wmul@product                   cstackBANK1  0001D2
__accesstop                       (abs)        000060
__activetblptr                    (abs)        000002
__end_of_Delay1KTCYx              text13       002006
__end_of_FromMainHigh_sendmsg     text21       001EF8
__end_of_FromMainLow_recvmsg      text18       001E6C
__end_of_FromMainLow_sendmsg      text22       001F24
__end_of_InterruptHandlerHigh     intcode_body 001758
__end_of_InterruptHandlerLow      intcodelo    0000C2
__end_of_OpenTimer0               text5        001F7A
__end_of_OpenTimer1               text6        001D32
__end_of_OpenUSART                text8        001438
__end_of_ReadTimer1               text35       002050
__end_of_ReadUSART                text36       001DA2
__end_of_SleepIfOkay              text42       0016CC
__end_of_ToMainHigh_recvmsg       text15       001E3C
__end_of_ToMainHigh_sendmsg       text44       001F50
__end_of_ToMainLow_recvmsg        text19       001E9C
__end_of_ToMainLow_sendmsg        text33       001FC4
__end_of_WriteTimer0              text46       002062
__end_of_WriteTimer1              text34       00203E
__end_of___lwmod                  text28       001632
__end_of___wmul                   text29       001A4E
__end_of__initialization          cinit        001F96
__end_of_block_on_To_msgqueues    text9        0011F4
__end_of_check_msg                text14       001D6A
__end_of_enable_interrupts        text1        002074
__end_of_enter_sleep_mode         text43       00207A
__end_of_handle_start             text45       0012CE
__end_of_i2c_configure_slave      text7        001592
__end_of_i2c_int_handler          text40       000860
__end_of_in_high_int              text12       001FF2
__end_of_in_low_int               text11       001AAC
__end_of_in_main                  text10       001B62
__end_of_init_queue               text24       001974
__end_of_init_queues              text4        0019E6
__end_of_init_timer1_lthread      text3        00202C
__end_of_init_uart_recv           text2        001FDE
__end_of_main                     text0        000C88
__end_of_memcpy                   text27       001BB8
__end_of_recv_msg                 text26       000DC8
__end_of_send_msg                 text25       00100E
__end_of_start_i2c_slave_reply    text17       0017E0
__end_of_timer0_int_handler       text41       001E0C
__end_of_timer0_lthread           text16       00206C
__end_of_timer1_int_handler       text32       001C5E
__end_of_timer1_lthread           text20       0018EE
__end_of_uart_lthread             text23       001CAC
__end_of_uart_recv_int_handler    text31       001384
__end_ofi1_memcpy                 text38       001CF4
__end_ofi1_send_msg               text37       0014EA
__end_ofi2_FromMainLow_recvmsg    text49       001ECC
__end_ofi2_check_msg              text48       001DDA
__end_ofi2_in_high_int            text54       00201A
__end_ofi2_in_low_int             text53       001B0A
__end_ofi2_memcpy                 text52       001C0E
__end_ofi2_recv_msg               text50       000F08
__end_ofi2_send_msg               text51       001114
__end_ofi2_start_i2c_slave_reply  text47       001868
__initialization                  cinit        001F7A
__mediumconst                     mediumconst  000000
__pbssBANK0                       bssBANK0     000060
__pbssBANK1                       bssBANK1     000100
__pbssCOMRAM                      bssCOMRAM    000032
__pcinit                          cinit        001F7A
__pcstackBANK0                    cstackBANK0  000099
__pcstackBANK1                    cstackBANK1  0001CE
__pcstackBANK2                    cstackBANK2  000200
__pcstackCOMRAM                   cstackCOMRAM 000001
__pintcode                        intcode      000008
__pintcode_body                   intcode_body 0016CC
__pintcodelo                      intcodelo    000018
__pnvCOMRAM                       nvCOMRAM     000030
__ptext0                          text0        000860
__ptext1                          text1        00206C
__ptext10                         text10       001B0A
__ptext11                         text11       001A4E
__ptext12                         text12       001FDE
__ptext13                         text13       001FF2
__ptext14                         text14       001D32
__ptext15                         text15       001E0C
__ptext16                         text16       002062
__ptext17                         text17       001758
__ptext18                         text18       001E3C
__ptext19                         text19       001E6C
__ptext2                          text2        001FC4
__ptext20                         text20       001868
__ptext21                         text21       001ECC
__ptext22                         text22       001EF8
__ptext23                         text23       001C5E
__ptext24                         text24       0018EE
__ptext25                         text25       000F08
__ptext26                         text26       000C88
__ptext27                         text27       001B62
__ptext28                         text28       001592
__ptext29                         text29       0019E6
__ptext3                          text3        00201A
__ptext31                         text31       0012CE
__ptext32                         text32       001C0E
__ptext33                         text33       001FA0
__ptext34                         text34       00202C
__ptext35                         text35       00203E
__ptext36                         text36       001D6A
__ptext37                         text37       001438
__ptext38                         text38       001CAC
__ptext4                          text4        001974
__ptext40                         text40       0000C6
__ptext41                         text41       001DDA
__ptext42                         text42       001632
__ptext43                         text43       002074
__ptext44                         text44       001F24
__ptext45                         text45       0011F4
__ptext46                         text46       002050
__ptext47                         text47       0017E0
__ptext48                         text48       001DA2
__ptext49                         text49       001E9C
__ptext5                          text5        001F50
__ptext50                         text50       000DC8
__ptext51                         text51       00100E
__ptext52                         text52       001BB8
__ptext53                         text53       001AAC
__ptext54                         text54       002006
__ptext55                         text55       000000
__ptext6                          text6        001CF4
__ptext7                          text7        0014EA
__ptext8                          text8        001384
__ptext9                          text9        001114
__ramtop                          ramtop       000D00
__size_of_Delay1KTCYx             (abs)        000000
__size_of_FromMainHigh_sendmsg    (abs)        000000
__size_of_FromMainLow_recvmsg     (abs)        000000
__size_of_FromMainLow_sendmsg     (abs)        000000
__size_of_InterruptHandlerHigh    (abs)        000000
__size_of_InterruptHandlerLow     (abs)        000000
__size_of_OpenTimer0              (abs)        000000
__size_of_OpenTimer1              (abs)        000000
__size_of_OpenUSART               (abs)        000000
__size_of_ReadTimer1              (abs)        000000
__size_of_ReadUSART               (abs)        000000
__size_of_SleepIfOkay             (abs)        000000
__size_of_ToMainHigh_recvmsg      (abs)        000000
__size_of_ToMainHigh_sendmsg      (abs)        000000
__size_of_ToMainLow_recvmsg       (abs)        000000
__size_of_ToMainLow_sendmsg       (abs)        000000
__size_of_WriteTimer0             (abs)        000000
__size_of_WriteTimer1             (abs)        000000
__size_of___lwmod                 (abs)        000000
__size_of___wmul                  (abs)        000000
__size_of_block_on_To_msgqueues   (abs)        000000
__size_of_check_msg               (abs)        000000
__size_of_enable_interrupts       (abs)        000000
__size_of_enter_sleep_mode        (abs)        000000
__size_of_handle_start            (abs)        000000
__size_of_i2c_configure_slave     (abs)        000000
__size_of_i2c_int_handler         (abs)        000000
__size_of_in_high_int             (abs)        000000
__size_of_in_low_int              (abs)        000000
__size_of_in_main                 (abs)        000000
__size_of_init_queue              (abs)        000000
__size_of_init_queues             (abs)        000000
__size_of_init_timer1_lthread     (abs)        000000
__size_of_init_uart_recv          (abs)        000000
__size_of_main                    (abs)        000000
__size_of_memcpy                  (abs)        000000
__size_of_recv_msg                (abs)        000000
__size_of_send_msg                (abs)        000000
__size_of_start_i2c_slave_reply   (abs)        000000
__size_of_timer0_int_handler      (abs)        000000
__size_of_timer0_lthread          (abs)        000000
__size_of_timer1_int_handler      (abs)        000000
__size_of_timer1_lthread          (abs)        000000
__size_of_uart_lthread            (abs)        000000
__size_of_uart_recv_int_handler   (abs)        000000
__size_ofi1_memcpy                (abs)        000000
__size_ofi1_send_msg              (abs)        000000
__size_ofi2_FromMainLow_recvmsg   (abs)        000000
__size_ofi2_check_msg             (abs)        000000
__size_ofi2_in_high_int           (abs)        000000
__size_ofi2_in_low_int            (abs)        000000
__size_ofi2_memcpy                (abs)        000000
__size_ofi2_recv_msg              (abs)        000000
__size_ofi2_send_msg              (abs)        000000
__size_ofi2_start_i2c_slave_reply (abs)        000000
__smallconst                      smallconst   000000
_block_on_To_msgqueues            text9        001114
_check_msg                        text14       001D32
_enable_interrupts                text1        00206C
_enter_sleep_mode                 text43       002074
_handle_start                     text45       0011F4
_i2c_addressable_registers        bssBANK1     000100
_i2c_configure_slave              text7        0014EA
_i2c_int_handler                  text40       0000C6
_ic_ptr                           bssBANK0     000060
_in_high_int                      text12       001FDE
_in_low_int                       text11       001A4E
_in_main                          text10       001B0A
_init_queue                       text24       0018EE
_init_queues                      text4        001974
_init_timer1_lthread              text3        00201A
_init_uart_recv                   text2        001FC4
_main                             text0        000860
_memcpy                           text27       001B62
_recv_msg                         text26       000C88
_send_msg                         text25       000F08
_start_i2c_slave_reply            text17       001758
_timer0_int_handler               text41       001DDA
_timer0_lthread                   text16       002062
_timer1_int_handler               text32       001C0E
_timer1_lthread                   text20       001868
_uart_lthread                     text23       001C5E
_uart_recv_int_handler            text31       0012CE
_uc_ptr                           nvCOMRAM     000030
check_msg@qptr                    cstackBANK1  0001CE
end_of_initialization             cinit        001F96
handle_start@data_read            cstackBANK0  000099
i1_memcpy                         text38       001CAC
i1_send_msg                       text37       001438
i1memcpy@d                        cstackCOMRAM 000007
i1memcpy@d1                       cstackCOMRAM 000001
i1memcpy@n                        cstackCOMRAM 000005
i1memcpy@s                        cstackCOMRAM 000009
i1memcpy@s1                       cstackCOMRAM 000003
i1send_msg@data                   cstackCOMRAM 00000F
i1send_msg@length                 cstackCOMRAM 00000D
i1send_msg@msgtype                cstackCOMRAM 00000E
i1send_msg@qmsg                   cstackCOMRAM 000015
i1send_msg@qptr                   cstackCOMRAM 00000B
i1send_msg@slot                   cstackCOMRAM 000014
i1send_msg@tlength                cstackCOMRAM 000012
i2FromMainLow_recvmsg@data        cstackBANK0  0000B4
i2FromMainLow_recvmsg@maxlength   cstackBANK0  0000B1
i2FromMainLow_recvmsg@msgtype     cstackBANK0  0000B2
i2_FromMainLow_recvmsg            text49       001E9C
i2_check_msg                      text48       001DA2
i2_in_high_int                    text54       002006
i2_in_low_int                     text53       001AAC
i2_memcpy                         text52       001BB8
i2_recv_msg                       text50       000DC8
i2_send_msg                       text51       00100E
i2_start_i2c_slave_reply          text47       0017E0
i2c_configure_slave@addr          cstackBANK1  0001D4
i2c_configure_slave@i             cstackBANK1  0001D5
i2c_int_handler@data_read         cstackBANK0  0000C3
i2c_int_handler@data_written      cstackBANK0  0000BE
i2c_int_handler@error_buf         cstackBANK0  0000BB
i2c_int_handler@i2c_data          cstackBANK0  0000C0
i2c_int_handler@msg_ready         cstackBANK0  0000C2
i2c_int_handler@msg_to_send       cstackBANK0  0000C1
i2c_int_handler@overrun_error     cstackBANK0  0000BF
i2check_msg@qptr                  cstackBANK0  000099
i2memcpy@d                        cstackBANK0  00009F
i2memcpy@d1                       cstackBANK0  000099
i2memcpy@n                        cstackBANK0  00009D
i2memcpy@s                        cstackBANK0  0000A1
i2memcpy@s1                       cstackBANK0  00009B
i2recv_msg@data                   cstackBANK0  0000A8
i2recv_msg@maxlength              cstackBANK0  0000A5
i2recv_msg@msgtype                cstackBANK0  0000A6
i2recv_msg@qmsg                   cstackBANK0  0000AF
i2recv_msg@qptr                   cstackBANK0  0000A3
i2recv_msg@slot                   cstackBANK0  0000AC
i2recv_msg@tlength                cstackBANK0  0000AD
i2send_msg@data                   cstackBANK0  0000A7
i2send_msg@length                 cstackBANK0  0000A5
i2send_msg@msgtype                cstackBANK0  0000A6
i2send_msg@qmsg                   cstackBANK0  0000AD
i2send_msg@qptr                   cstackBANK0  0000A3
i2send_msg@slot                   cstackBANK0  0000AC
i2send_msg@tlength                cstackBANK0  0000AA
i2start_i2c_slave_reply@msgType   cstackBANK0  0000B8
init_queue@i                      cstackBANK1  0001D1
init_queue@qptr                   cstackBANK1  0001CE
init_timer1_lthread@tptr          cstackBANK1  0001CE
init_uart_recv@uc                 cstackBANK1  0001CE
int_func                          intcode_body 0016CC
intlevel0                         text         000000
intlevel1                         text         000000
intlevel2                         text         000000
intlevel3                         text         000000
main@ADCBufferLen                 cstackBANK2  000219
main@ADCbufferI2C                 cstackBANK2  000200
main@last_reg_recvd               cstackBANK2  000208
main@length                       cstackBANK2  000221
main@msgbuffer                    cstackBANK2  00020E
main@msgtype                      cstackBANK2  000222
main@t0thread_data                cstackBANK2  00020C
main@t1thread_data                cstackBANK2  00021A
main@temp                         cstackBANK2  000209
main@uc                           cstackBANK2  00021C
main@uthread_data                 cstackBANK2  00020A
memcpy@d                          cstackBANK1  0001D4
memcpy@d1                         cstackBANK1  0001CE
memcpy@n                          cstackBANK1  0001D2
memcpy@s                          cstackBANK1  0001D6
memcpy@s1                         cstackBANK1  0001D0
recv_msg@data                     cstackBANK1  0001DD
recv_msg@maxlength                cstackBANK1  0001DA
recv_msg@msgtype                  cstackBANK1  0001DB
recv_msg@qmsg                     cstackBANK1  0001E4
recv_msg@qptr                     cstackBANK1  0001D8
recv_msg@slot                     cstackBANK1  0001E1
recv_msg@tlength                  cstackBANK1  0001E2
send_msg@data                     cstackBANK1  0001DC
send_msg@length                   cstackBANK1  0001DA
send_msg@msgtype                  cstackBANK1  0001DB
send_msg@qmsg                     cstackBANK1  0001E2
send_msg@qptr                     cstackBANK1  0001D8
send_msg@slot                     cstackBANK1  0001E1
send_msg@tlength                  cstackBANK1  0001DF
start                             init         0000C2
start_i2c_slave_reply@msgType     cstackBANK1  0001F1
start_initialization              cinit        001F7A
timer0_lthread@msgbuffer          cstackBANK1  0001D4
timer0_lthread@msgval             cstackBANK1  0001D6
timer1_int_handler@result         cstackCOMRAM 00001D
timer1_lthread@retval             cstackBANK1  0001F2
timer1_lthread@tptr               cstackBANK1  0001E8
uart_lthread@length               cstackBANK1  0001D2
uart_lthread@msgbuffer            cstackBANK1  0001D4
uart_lthread@msgtype              cstackBANK1  0001D0


FUNCTION INFORMATION:

 *************** function _main *****************
 Defined at:
		line 124 in file "../src/main.c"
 Parameters:    Size  Location     Type
		None
 Auto vars:     Size  Location     Type
  ic             28    0        struct __i2c_comm
  msgbuffer      11   14[BANK2 ] unsigned char [11]
  ADCbufferI2C    8    0[BANK2 ] unsigned char [8]
  uc              5   28[BANK2 ] struct __uart_comm
  t1thread_dat    2   26[BANK2 ] struct __timer1_thread_s
  t0thread_dat    2   12[BANK2 ] struct __timer0_thread_s
  uthread_data    2   10[BANK2 ] struct __uart_thread_str
  msgtype         1   34[BANK2 ] unsigned char 
  length          1   33[BANK2 ] char 
  ADCBufferLen    1   25[BANK2 ] unsigned char 
  temp            1    9[BANK2 ] unsigned char 
  last_reg_rec    1    8[BANK2 ] unsigned char 
  i               1    0        unsigned char 
  c               1    0        unsigned char 
 Return value:  Size  Location     Type
		None               void
 Registers used:
		wreg, fsr0l, fsr0h, fsr1l, fsr1h, fsr2l, fsr2h, status,2, status,0, pclat, tosl, structret, tblptrl, tblptrh, tblptru, prodl, prodh, bsr, cstack
 Tracked objects:
		On entry : 
		On exit  : 
		Unchanged: 
 Data sizes:     COMRAM   BANK0   BANK1   BANK2   BANK3   BANK4   BANK5   BANK6   BANK7   BANK8   BANK9  BANK10  BANK11  BANK12
      Params:         0       0       0       0       0       0       0       0       0       0       0       0       0       0
      Locals:         0       0       0      35       0       0       0       0       0       0       0       0       0       0
      Temps:          0       0       2       0       0       0       0       0       0       0       0       0       0       0
      Totals:         0       0       2      35       0       0       0       0       0       0       0       0       0       0
Total ram usage:       37 bytes
 Hardware stack levels required when called:   15
 This function calls:
		_init_uart_recv
		_init_timer1_lthread
		_init_queues
		_OpenTimer0
		_OpenTimer1
		_i2c_configure_slave
		_OpenUSART
		_enable_interrupts
		_block_on_To_msgqueues
		_ToMainHigh_recvmsg
		_timer0_lthread
		_start_i2c_slave_reply
		_ToMainLow_recvmsg
		_timer1_lthread
		_FromMainLow_sendmsg
		_uart_lthread
 This function is called by:
		Startup code after reset
 This function uses a non-reentrant model


 *************** function _enable_interrupts *****************
 Defined at:
		line 14 in file "../src/interrupts.c"
 Parameters:    Size  Location     Type
		None
 Auto vars:     Size  Location     Type
		None
 Return value:  Size  Location     Type
		None               void
 Registers used:
		None
 Tracked objects:
		On entry : 
		On exit  : 
		Unchanged: 
 Data sizes:     COMRAM   BANK0   BANK1   BANK2   BANK3   BANK4   BANK5   BANK6   BANK7   BANK8   BANK9  BANK10  BANK11  BANK12
      Params:         0       0       0       0       0       0       0       0       0       0       0       0       0       0
      Locals:         0       0       0       0       0       0       0       0       0       0       0       0       0       0
      Temps:          0       0       0       0       0       0       0       0       0       0       0       0       0       0
      Totals:         0       0       0       0       0       0       0       0       0       0       0       0       0       0
Total ram usage:        0 bytes
 Hardware stack levels used:    1
 Hardware stack levels required when called:   11
 This function calls:
		Nothing
 This function is called by:
		_main
 This function uses a non-reentrant model


 *************** function _init_uart_recv *****************
 Defined at:
		line 40 in file "../src/my_uart.c"
 Parameters:    Size  Location     Type
  uc              2    0[BANK1 ] PTR struct __uart_comm
		 -> main@uc(5), 
 Auto vars:     Size  Location     Type
		None
 Return value:  Size  Location     Type
		None               void
 Registers used:
		wreg, fsr2l, fsr2h, status,2, status,0
 Tracked objects:
		On entry : 
		On exit  : 
		Unchanged: 
 Data sizes:     COMRAM   BANK0   BANK1   BANK2   BANK3   BANK4   BANK5   BANK6   BANK7   BANK8   BANK9  BANK10  BANK11  BANK12
      Params:         0       0       2       0       0       0       0       0       0       0       0       0       0       0
      Locals:         0       0       0       0       0       0       0       0       0       0       0       0       0       0
      Temps:          0       0       0       0       0       0       0       0       0       0       0       0       0       0
      Totals:         0       0       2       0       0       0       0       0       0       0       0       0       0       0
Total ram usage:        2 bytes
 Hardware stack levels used:    1
 Hardware stack levels required when called:   11
 This function calls:
		Nothing
 This function is called by:
		_main
 This function uses a non-reentrant model


 *************** function _init_timer1_lthread *****************
 Defined at:
		line 6 in file "../src/timer1_thread.c"
 Parameters:    Size  Location     Type
  tptr            2    0[BANK1 ] PTR struct __timer1_thre
		 -> main@t1thread_data(2), 
 Auto vars:     Size  Location     Type
		None
 Return value:  Size  Location     Type
		None               void
 Registers used:
		wreg, fsr2l, fsr2h
 Tracked objects:
		On entry : 
		On exit  : 
		Unchanged: 
 Data sizes:     COMRAM   BANK0   BANK1   BANK2   BANK3   BANK4   BANK5   BANK6   BANK7   BANK8   BANK9  BANK10  BANK11  BANK12
      Params:         0       0       2       0       0       0       0       0       0       0       0       0       0       0
      Locals:         0       0       0       0       0       0       0       0       0       0       0       0       0       0
      Temps:          0       0       0       0       0       0       0       0       0       0       0       0       0       0
      Totals:         0       0       2       0       0       0       0       0       0       0       0       0       0       0
Total ram usage:        2 bytes
 Hardware stack levels used:    1
 Hardware stack levels required when called:   11
 This function calls:
		Nothing
 This function is called by:
		_main
 This function uses a non-reentrant model


 *************** function _init_queues *****************
 Defined at:
		line 192 in file "../src/messages.c"
 Parameters:    Size  Location     Type
		None
 Auto vars:     Size  Location     Type
		None
 Return value:  Size  Location     Type
		None               void
 Registers used:
		wreg, fsr2l, fsr2h, status,2, status,0, prodl, prodh, cstack
 Tracked objects:
		On entry : 
		On exit  : 
		Unchanged: 
 Data sizes:     COMRAM   BANK0   BANK1   BANK2   BANK3   BANK4   BANK5   BANK6   BANK7   BANK8   BANK9  BANK10  BANK11  BANK12
      Params:         0       0       0       0       0       0       0       0       0       0       0       0       0       0
      Locals:         0       0       0       0       0       0       0       0       0       0       0       0       0       0
      Temps:          0       0       1       0       0       0       0       0       0       0       0       0       0       0
      Totals:         0       0       1       0       0       0       0       0       0       0       0       0       0       0
Total ram usage:        1 bytes
 Hardware stack levels used:    1
 Hardware stack levels required when called:   12
 This function calls:
		_init_queue
 This function is called by:
		_main
 This function uses a non-reentrant model


 *************** function _OpenTimer0 *****************
 Defined at:
		line 19 in file "plib/Timers/t0open.c"
 Parameters:    Size  Location     Type
  config          1    0[BANK1 ] unsigned char 
 Auto vars:     Size  Location     Type
		None
 Return value:  Size  Location     Type
		None               void
 Registers used:
		wreg, status,2, status,0
 Tracked objects:
		On entry : 
		On exit  : 
		Unchanged: 
 Data sizes:     COMRAM   BANK0   BANK1   BANK2   BANK3   BANK4   BANK5   BANK6   BANK7   BANK8   BANK9  BANK10  BANK11  BANK12
      Params:         0       0       1       0       0       0       0       0       0       0       0       0       0       0
      Locals:         0       0       0       0       0       0       0       0       0       0       0       0       0       0
      Temps:          0       0       0       0       0       0       0       0       0       0       0       0       0       0
      Totals:         0       0       1       0       0       0       0       0       0       0       0       0       0       0
Total ram usage:        1 bytes
 Hardware stack levels used:    1
 Hardware stack levels required when called:   11
 This function calls:
		Nothing
 This function is called by:
		_main
 This function uses a non-reentrant model


 *************** function _OpenTimer1 *****************
 Defined at:
		line 17 in file "plib/Timers/t1open.c"
 Parameters:    Size  Location     Type
  config          1    0[BANK1 ] unsigned char 
 Auto vars:     Size  Location     Type
		None
 Return value:  Size  Location     Type
		None               void
 Registers used:
		wreg, status,2, status,0
 Tracked objects:
		On entry : 
		On exit  : 
		Unchanged: 
 Data sizes:     COMRAM   BANK0   BANK1   BANK2   BANK3   BANK4   BANK5   BANK6   BANK7   BANK8   BANK9  BANK10  BANK11  BANK12
      Params:         0       0       1       0       0       0       0       0       0       0       0       0       0       0
      Locals:         0       0       0       0       0       0       0       0       0       0       0       0       0       0
      Temps:          0       0       0       0       0       0       0       0       0       0       0       0       0       0
      Totals:         0       0       1       0       0       0       0       0       0       0       0       0       0       0
Total ram usage:        1 bytes
 Hardware stack levels used:    1
 Hardware stack levels required when called:   11
 This function calls:
		Nothing
 This function is called by:
		_main
 This function uses a non-reentrant model


 *************** function _i2c_configure_slave *****************
 Defined at:
		line 293 in file "../src/my_i2c.c"
 Parameters:    Size  Location     Type
  addr            1    6[BANK1 ] unsigned char 
 Auto vars:     Size  Location     Type
  i               2    7[BANK1 ] int 
 Return value:  Size  Location     Type
		None               void
 Registers used:
		wreg, fsr2l, fsr2h, status,2, status,0, cstack
 Tracked objects:
		On entry : 
		On exit  : 
		Unchanged: 
 Data sizes:     COMRAM   BANK0   BANK1   BANK2   BANK3   BANK4   BANK5   BANK6   BANK7   BANK8   BANK9  BANK10  BANK11  BANK12
      Params:         0       0       1       0       0       0       0       0       0       0       0       0       0       0
      Locals:         0       0       2       0       0       0       0       0       0       0       0       0       0       0
      Temps:          0       0       0       0       0       0       0       0       0       0       0       0       0       0
      Totals:         0       0       3       0       0       0       0       0       0       0       0       0       0       0
Total ram usage:        3 bytes
 Hardware stack levels used:    1
 Hardware stack levels required when called:   12
 This function calls:
		___wmul
 This function is called by:
		_main
 This function uses a non-reentrant model


 *************** function _OpenUSART *****************
 Defined at:
		line 74 in file "plib/USART/uopen.c"
 Parameters:    Size  Location     Type
  config          1    0[BANK1 ] unsigned char 
  spbrg           2    1[BANK1 ] unsigned int 
 Auto vars:     Size  Location     Type
		None
 Return value:  Size  Location     Type
		None               void
 Registers used:
		wreg, status,2
 Tracked objects:
		On entry : 
		On exit  : 
		Unchanged: 
 Data sizes:     COMRAM   BANK0   BANK1   BANK2   BANK3   BANK4   BANK5   BANK6   BANK7   BANK8   BANK9  BANK10  BANK11  BANK12
      Params:         0       0       3       0       0       0       0       0       0       0       0       0       0       0
      Locals:         0       0       0       0       0       0       0       0       0       0       0       0       0       0
      Temps:          0       0       0       0       0       0       0       0       0       0       0       0       0       0
      Totals:         0       0       3       0       0       0       0       0       0       0       0       0       0       0
Total ram usage:        3 bytes
 Hardware stack levels used:    1
 Hardware stack levels required when called:   11
 This function calls:
		Nothing
 This function is called by:
		_main
 This function uses a non-reentrant model


 *************** function _block_on_To_msgqueues *****************
 Defined at:
		line 256 in file "../src/messages.c"
 Parameters:    Size  Location     Type
		None
 Auto vars:     Size  Location     Type
		None
 Return value:  Size  Location     Type
		None               void
 Registers used:
		wreg, fsr2l, fsr2h, status,2, status,0, prodl, prodh, cstack
 Tracked objects:
		On entry : 
		On exit  : 
		Unchanged: 
 Data sizes:     COMRAM   BANK0   BANK1   BANK2   BANK3   BANK4   BANK5   BANK6   BANK7   BANK8   BANK9  BANK10  BANK11  BANK12
      Params:         0       0       0       0       0       0       0       0       0       0       0       0       0       0
      Locals:         0       0       0       0       0       0       0       0       0       0       0       0       0       0
      Temps:          0       0       1       0       0       0       0       0       0       0       0       0       0       0
      Totals:         0       0       1       0       0       0       0       0       0       0       0       0       0       0
Total ram usage:        1 bytes
 Hardware stack levels used:    1
 Hardware stack levels required when called:   14
 This function calls:
		_in_main
		_check_msg
		_Delay1KTCYx
 This function is called by:
		_main
 This function uses a non-reentrant model


 *************** function _in_main *****************
 Defined at:
		line 40 in file "../src/interrupts.c"
 Parameters:    Size  Location     Type
		None
 Auto vars:     Size  Location     Type
		None
 Return value:  Size  Location     Type
                  2    4[BANK1 ] int 
 Registers used:
		wreg, status,2, status,0, cstack
 Tracked objects:
		On entry : 
		On exit  : 
		Unchanged: 
 Data sizes:     COMRAM   BANK0   BANK1   BANK2   BANK3   BANK4   BANK5   BANK6   BANK7   BANK8   BANK9  BANK10  BANK11  BANK12
      Params:         0       0       2       0       0       0       0       0       0       0       0       0       0       0
      Locals:         0       0       0       0       0       0       0       0       0       0       0       0       0       0
      Temps:          0       0       0       0       0       0       0       0       0       0       0       0       0       0
      Totals:         0       0       2       0       0       0       0       0       0       0       0       0       0       0
Total ram usage:        2 bytes
 Hardware stack levels used:    1
 Hardware stack levels required when called:   13
 This function calls:
		_in_low_int
		_in_high_int
 This function is called by:
		_block_on_To_msgqueues
 This function uses a non-reentrant model


 *************** function _in_low_int *****************
 Defined at:
		line 30 in file "../src/interrupts.c"
 Parameters:    Size  Location     Type
		None
 Auto vars:     Size  Location     Type
		None
 Return value:  Size  Location     Type
                  2    2[BANK1 ] int 
 Registers used:
		wreg, status,2, status,0, cstack
 Tracked objects:
		On entry : 
		On exit  : 
		Unchanged: 
 Data sizes:     COMRAM   BANK0   BANK1   BANK2   BANK3   BANK4   BANK5   BANK6   BANK7   BANK8   BANK9  BANK10  BANK11  BANK12
      Params:         0       0       2       0       0       0       0       0       0       0       0       0       0       0
      Locals:         0       0       0       0       0       0       0       0       0       0       0       0       0       0
      Temps:          0       0       0       0       0       0       0       0       0       0       0       0       0       0
      Totals:         0       0       2       0       0       0       0       0       0       0       0       0       0       0
Total ram usage:        2 bytes
 Hardware stack levels used:    1
 Hardware stack levels required when called:   12
 This function calls:
		_in_high_int
 This function is called by:
		_in_main
 This function uses a non-reentrant model


 *************** function _in_high_int *****************
 Defined at:
		line 22 in file "../src/interrupts.c"
 Parameters:    Size  Location     Type
		None
 Auto vars:     Size  Location     Type
		None
 Return value:  Size  Location     Type
                  2    0[BANK1 ] int 
 Registers used:
		wreg, status,2
 Tracked objects:
		On entry : 
		On exit  : 
		Unchanged: 
 Data sizes:     COMRAM   BANK0   BANK1   BANK2   BANK3   BANK4   BANK5   BANK6   BANK7   BANK8   BANK9  BANK10  BANK11  BANK12
      Params:         0       0       2       0       0       0       0       0       0       0       0       0       0       0
      Locals:         0       0       0       0       0       0       0       0       0       0       0       0       0       0
      Temps:          0       0       0       0       0       0       0       0       0       0       0       0       0       0
      Totals:         0       0       2       0       0       0       0       0       0       0       0       0       0       0
Total ram usage:        2 bytes
 Hardware stack levels used:    1
 Hardware stack levels required when called:   11
 This function calls:
		Nothing
 This function is called by:
		_in_low_int
		_in_main
 This function uses a non-reentrant model


 *************** function _Delay1KTCYx *****************
 Defined at:
		line 9 in file "../common/d1ktcyx.c"
 Parameters:    Size  Location     Type
  unit            1    0[BANK1 ] unsigned char 
 Auto vars:     Size  Location     Type
		None
 Return value:  Size  Location     Type
		None               void
 Registers used:
		wreg
 Tracked objects:
		On entry : 
		On exit  : 
		Unchanged: 
 Data sizes:     COMRAM   BANK0   BANK1   BANK2   BANK3   BANK4   BANK5   BANK6   BANK7   BANK8   BANK9  BANK10  BANK11  BANK12
      Params:         0       0       1       0       0       0       0       0       0       0       0       0       0       0
      Locals:         0       0       0       0       0       0       0       0       0       0       0       0       0       0
      Temps:          0       0       0       0       0       0       0       0       0       0       0       0       0       0
      Totals:         0       0       1       0       0       0       0       0       0       0       0       0       0       0
Total ram usage:        1 bytes
 Hardware stack levels used:    1
 Hardware stack levels required when called:   11
 This function calls:
		Nothing
 This function is called by:
		_block_on_To_msgqueues
 This function uses a non-reentrant model


 *************** function _check_msg *****************
 Defined at:
		line 220 in file "../src/messages.c"
 Parameters:    Size  Location     Type
  qptr            2    0[BANK1 ] PTR struct __msg_queue
		 -> ToMainHigh_MQ(54), ToMainLow_MQ(54), 
 Auto vars:     Size  Location     Type
		None
 Return value:  Size  Location     Type
                  1    wreg      unsigned char 
 Registers used:
		wreg, fsr2l, fsr2h, status,2, status,0, prodl, prodh
 Tracked objects:
		On entry : 
		On exit  : 
		Unchanged: 
 Data sizes:     COMRAM   BANK0   BANK1   BANK2   BANK3   BANK4   BANK5   BANK6   BANK7   BANK8   BANK9  BANK10  BANK11  BANK12
      Params:         0       0       2       0       0       0       0       0       0       0       0       0       0       0
      Locals:         0       0       0       0       0       0       0       0       0       0       0       0       0       0
      Temps:          0       0       1       0       0       0       0       0       0       0       0       0       0       0
      Totals:         0       0       3       0       0       0       0       0       0       0       0       0       0       0
Total ram usage:        3 bytes
 Hardware stack levels used:    1
 Hardware stack levels required when called:   11
 This function calls:
		Nothing
 This function is called by:
		_block_on_To_msgqueues
 This function uses a non-reentrant model


 *************** function _ToMainHigh_recvmsg *****************
 Defined at:
		line 133 in file "../src/messages.c"
 Parameters:    Size  Location     Type
  maxlength       1   24[BANK1 ] unsigned char 
  msgtype         2   25[BANK1 ] PTR unsigned char 
		 -> main@msgtype(1), 
  data            2   27[BANK1 ] PTR void 
		 -> main@msgbuffer(11), 
 Auto vars:     Size  Location     Type
		None
 Return value:  Size  Location     Type
                  1    wreg      char 
 Registers used:
		wreg, fsr1l, fsr1h, fsr2l, fsr2h, status,2, status,0, prodl, prodh, cstack
 Tracked objects:
		On entry : 
		On exit  : 
		Unchanged: 
 Data sizes:     COMRAM   BANK0   BANK1   BANK2   BANK3   BANK4   BANK5   BANK6   BANK7   BANK8   BANK9  BANK10  BANK11  BANK12
      Params:         0       0       5       0       0       0       0       0       0       0       0       0       0       0
      Locals:         0       0       0       0       0       0       0       0       0       0       0       0       0       0
      Temps:          0       0       0       0       0       0       0       0       0       0       0       0       0       0
      Totals:         0       0       5       0       0       0       0       0       0       0       0       0       0       0
Total ram usage:        5 bytes
 Hardware stack levels used:    1
 Hardware stack levels required when called:   13
 This function calls:
		_recv_msg
 This function is called by:
		_main
 This function uses a non-reentrant model


 *************** function _timer0_lthread *****************
 Defined at:
		line 9 in file "../src/timer0_thread.c"
 Parameters:    Size  Location     Type
  tptr            2    0[BANK1 ] PTR struct __timer0_thre
		 -> main@t0thread_data(2), 
  msgtype         2    2[BANK1 ] int 
  length          2    4[BANK1 ] int 
  msgbuffer       2    6[BANK1 ] PTR unsigned char 
		 -> main@msgbuffer(11), 
 Auto vars:     Size  Location     Type
  msgval          2    8[BANK1 ] PTR unsigned int 
		 -> main@msgbuffer(11), 
 Return value:  Size  Location     Type
                  2    0[BANK1 ] int 
 Registers used:
		None
 Tracked objects:
		On entry : 
		On exit  : 
		Unchanged: 
 Data sizes:     COMRAM   BANK0   BANK1   BANK2   BANK3   BANK4   BANK5   BANK6   BANK7   BANK8   BANK9  BANK10  BANK11  BANK12
      Params:         0       0       8       0       0       0       0       0       0       0       0       0       0       0
      Locals:         0       0       2       0       0       0       0       0       0       0       0       0       0       0
      Temps:          0       0       0       0       0       0       0       0       0       0       0       0       0       0
      Totals:         0       0      10       0       0       0       0       0       0       0       0       0       0       0
Total ram usage:       10 bytes
 Hardware stack levels used:    1
 Hardware stack levels required when called:   11
 This function calls:
		Nothing
[...]
      Temps:          0       0       0       0       0       0       0       0       0       0       0       0       0       0
      Totals:         0       4       0       0       0       0       0       0       0       0       0       0       0       0
Total ram usage:        4 bytes
 Hardware stack levels used:    1
 Hardware stack levels required when called:    2
 This function calls:
		i2_send_msg
 This function is called by:
		_i2c_int_handler
 This function uses a non-reentrant model


 *************** function _handle_start *****************
 Defined at:
		line 84 in file "../src/my_i2c.c"
 Parameters:    Size  Location     Type
  data_read       1    0[BANK0 ] unsigned char 
 Auto vars:     Size  Location     Type
		None
 Return value:  Size  Location     Type
		None               void
 Registers used:
		wreg, fsr2l, fsr2h, status,2, status,0
 Tracked objects:
		On entry : 
		On exit  : 
		Unchanged: 
 Data sizes:     COMRAM   BANK0   BANK1   BANK2   BANK3   BANK4   BANK5   BANK6   BANK7   BANK8   BANK9  BANK10  BANK11  BANK12
      Params:         0       1       0       0       0       0       0       0       0       0       0       0       0       0
      Locals:         0       0       0       0       0       0       0       0       0       0       0       0       0       0
      Temps:          0       0       0       0       0       0       0       0       0       0       0       0       0       0
      Totals:         0       1       0       0       0       0       0       0       0       0       0       0       0       0
Total ram usage:        1 bytes
 Hardware stack levels used:    1
 This function calls:
		Nothing
 This function is called by:
		_i2c_int_handler
 This function uses a non-reentrant model


 *************** function _WriteTimer0 *****************
 Defined at:
		line 17 in file "plib/Timers/t0write.c"
 Parameters:    Size  Location     Type
  timer0          2    0[BANK0 ] unsigned int 
 Auto vars:     Size  Location     Type
  timer           2    2[BANK0 ] struct Timers
 Return value:  Size  Location     Type
		None               void
 Registers used:
		None
 Tracked objects:
		On entry : 
		On exit  : 
		Unchanged: 
 Data sizes:     COMRAM   BANK0   BANK1   BANK2   BANK3   BANK4   BANK5   BANK6   BANK7   BANK8   BANK9  BANK10  BANK11  BANK12
      Params:         0       2       0       0       0       0       0       0       0       0       0       0       0       0
      Locals:         0       2       0       0       0       0       0       0       0       0       0       0       0       0
      Temps:          0       0       0       0       0       0       0       0       0       0       0       0       0       0
      Totals:         0       4       0       0       0       0       0       0       0       0       0       0       0       0
Total ram usage:        4 bytes
 Hardware stack levels used:    1
 This function calls:
		Nothing
 This function is called by:
		_timer0_int_handler
 This function uses a non-reentrant model


 *************** function i2_start_i2c_slave_reply *****************
 Defined at:
		line 62 in file "../src/my_i2c.c"
 Parameters:    Size  Location     Type
		None
 Auto vars:     Size  Location     Type
  start_i2c_sl    1   31[BANK0 ] const unsigned char 
 Return value:  Size  Location     Type
		None               void
 Registers used:
		wreg, fsr1l, fsr1h, fsr2l, fsr2h, status,2, status,0, prodl, prodh, cstack
 Tracked objects:
		On entry : 
		On exit  : 
		Unchanged: 
 Data sizes:     COMRAM   BANK0   BANK1   BANK2   BANK3   BANK4   BANK5   BANK6   BANK7   BANK8   BANK9  BANK10  BANK11  BANK12
      Params:         0       0       0       0       0       0       0       0       0       0       0       0       0       0
      Locals:         0       1       0       0       0       0       0       0       0       0       0       0       0       0
      Temps:          0       2       0       0       0       0       0       0       0       0       0       0       0       0
      Totals:         0       3       0       0       0       0       0       0       0       0       0       0       0       0
Total ram usage:        3 bytes
 Hardware stack levels used:    1
 Hardware stack levels required when called:    3
 This function calls:
		i2_FromMainLow_recvmsg
 This function is called by:
		_i2c_int_handler
 This function uses a non-reentrant model


 *************** function i2_check_msg *****************
 Defined at:
		line 220 in file "../src/messages.c"
 Parameters:    Size  Location     Type
  check_msg       2    0[BANK0 ] PTR struct __msg_queue
		 -> ToMainHigh_MQ(54), ToMainLow_MQ(54), 
 Auto vars:     Size  Location     Type
		None
 Return value:  Size  Location     Type
                  1    wreg      unsigned char 
 Registers used:
		wreg, fsr2l, fsr2h, status,2, status,0, prodl, prodh
 Tracked objects:
		On entry : 
		On exit  : 
		Unchanged: 
 Data sizes:     COMRAM   BANK0   BANK1   BANK2   BANK3   BANK4   BANK5   BANK6   BANK7   BANK8   BANK9  BANK10  BANK11  BANK12
      Params:         0       2       0       0       0       0       0       0       0       0       0       0       0       0
      Locals:         0       0       0       0       0       0       0       0       0       0       0       0       0       0
      Temps:          0       1       0       0       0       0       0       0       0       0       0       0       0       0
      Totals:         0       3       0       0       0       0       0       0       0       0       0       0       0       0
Total ram usage:        3 bytes
 Hardware stack levels used:    1
 This function calls:
		Nothing
 This function is called by:
		_SleepIfOkay
 This function uses a non-reentrant model


 *************** function i2_FromMainLow_recvmsg *****************
 Defined at:
		line 157 in file "../src/messages.c"
 Parameters:    Size  Location     Type
  FromMainLow_    1   24[BANK0 ] unsigned char 
  FromMainLow_    2   25[BANK0 ] PTR unsigned char 
		 -> RAM(3327), 
  FromMainLow_    2   27[BANK0 ] PTR void 
		 -> NULL(0), 
 Auto vars:     Size  Location     Type
		None
 Return value:  Size  Location     Type
                  1    wreg      char 
 Registers used:
		wreg, fsr1l, fsr1h, fsr2l, fsr2h, status,2, status,0, prodl, prodh, cstack
 Tracked objects:
		On entry : 
		On exit  : 
		Unchanged: 
 Data sizes:     COMRAM   BANK0   BANK1   BANK2   BANK3   BANK4   BANK5   BANK6   BANK7   BANK8   BANK9  BANK10  BANK11  BANK12
      Params:         0       5       0       0       0       0       0       0       0       0       0       0       0       0
      Locals:         0       0       0       0       0       0       0       0       0       0       0       0       0       0
      Temps:          0       0       0       0       0       0       0       0       0       0       0       0       0       0
      Totals:         0       5       0       0       0       0       0       0       0       0       0       0       0       0
Total ram usage:        5 bytes
 Hardware stack levels used:    1
 Hardware stack levels required when called:    2
 This function calls:
		i2_recv_msg
 This function is called by:
		i2_start_i2c_slave_reply
 This function uses a non-reentrant model


 *************** function i2_recv_msg *****************
 Defined at:
		line 61 in file "../src/messages.c"
 Parameters:    Size  Location     Type
  recv_msg        2   10[BANK0 ] PTR struct __msg_queue
		 -> FromMainHigh_MQ(54), FromMainLow_MQ(54), ToMainHigh_MQ(54), ToMainLow_MQ(54), 
  recv_msg        1   12[BANK0 ] unsigned char 
  recv_msg        2   13[BANK0 ] PTR unsigned char 
		 -> RAM(3327), main@msgtype(1), 
  recv_msg        2   15[BANK0 ] PTR void 
		 -> NULL(0), main@msgbuffer(11), 
 Auto vars:     Size  Location     Type
  recv_msg        2   22[BANK0 ] PTR struct __msg
		 -> FromMainHigh_MQ(54), FromMainLow_MQ(54), ToMainHigh_MQ(54), ToMainLow_MQ(54), 
  recv_msg        2   20[BANK0 ] unsigned int 
  recv_msg        1   19[BANK0 ] unsigned char 
 Return value:  Size  Location     Type
                  1    wreg      char 
 Registers used:
		wreg, fsr1l, fsr1h, fsr2l, fsr2h, status,2, status,0, prodl, prodh, cstack
 Tracked objects:
		On entry : 
		On exit  : 
		Unchanged: 
 Data sizes:     COMRAM   BANK0   BANK1   BANK2   BANK3   BANK4   BANK5   BANK6   BANK7   BANK8   BANK9  BANK10  BANK11  BANK12
      Params:         0       7       0       0       0       0       0       0       0       0       0       0       0       0
      Locals:         0       5       0       0       0       0       0       0       0       0       0       0       0       0
      Temps:          0       2       0       0       0       0       0       0       0       0       0       0       0       0
      Totals:         0      14       0       0       0       0       0       0       0       0       0       0       0       0
Total ram usage:       14 bytes
 Hardware stack levels used:    1
 Hardware stack levels required when called:    1
 This function calls:
		i2_memcpy
 This function is called by:
		i2_FromMainLow_recvmsg
 This function uses a non-reentrant model


 *************** function i2_send_msg *****************
 Defined at:
		line 24 in file "../src/messages.c"
 Parameters:    Size  Location     Type
  send_msg        2   10[BANK0 ] PTR struct __msg_queue
		 -> FromMainHigh_MQ(54), FromMainLow_MQ(54), ToMainHigh_MQ(54), ToMainLow_MQ(54), 
  send_msg        1   12[BANK0 ] unsigned char 
  send_msg        1   13[BANK0 ] unsigned char 
  send_msg        2   14[BANK0 ] PTR void 
		 -> NULL(0), i2c_int_handler@error_buf(3), main@msgbuffer(11), main@t1thread_data(2), 
		 -> main@uc(5), 
 Auto vars:     Size  Location     Type
  send_msg        2   20[BANK0 ] PTR struct __msg
		 -> FromMainHigh_MQ(54), FromMainLow_MQ(54), ToMainHigh_MQ(54), ToMainLow_MQ(54), 
  send_msg        2   17[BANK0 ] unsigned int 
  send_msg        1   19[BANK0 ] unsigned char 
 Return value:  Size  Location     Type
                  1    wreg      char 
 Registers used:
		wreg, fsr1l, fsr1h, fsr2l, fsr2h, status,2, status,0, prodl, prodh, cstack
 Tracked objects:
		On entry : 
		On exit  : 
		Unchanged: 
 Data sizes:     COMRAM   BANK0   BANK1   BANK2   BANK3   BANK4   BANK5   BANK6   BANK7   BANK8   BANK9  BANK10  BANK11  BANK12
      Params:         0       6       0       0       0       0       0       0       0       0       0       0       0       0
      Locals:         0       5       0       0       0       0       0       0       0       0       0       0       0       0
      Temps:          0       1       0       0       0       0       0       0       0       0       0       0       0       0
      Totals:         0      12       0       0       0       0       0       0       0       0       0       0       0       0
Total ram usage:       12 bytes
 Hardware stack levels used:    1
 Hardware stack levels required when called:    1
 This function calls:
		i2_memcpy
 This function is called by:
		_ToMainHigh_sendmsg
 This function uses a non-reentrant model


 *************** function i2_memcpy *****************
 Defined at:
		line 13 in file "/Applications/microchip/xc8/v1.12/sources/memcpy.c"
 Parameters:    Size  Location     Type
  memcpy          2    0[BANK0 ] PTR void 
		 -> NULL(0), FromMainHigh_MQ(54), FromMainLow_MQ(54), ToMainHigh_MQ(54), 
		 -> ToMainLow_MQ(54), main@msgbuffer(11), 
  memcpy          2    2[BANK0 ] PTR const void 
		 -> NULL(0), i2c_int_handler@error_buf(3), FromMainHigh_MQ(54), FromMainLow_MQ(54), 
		 -> ToMainHigh_MQ(54), ToMainLow_MQ(54), main@msgbuffer(11), main@t1thread_data(2), 
		 -> main@uc(5), 
  memcpy          2    4[BANK0 ] unsigned int 
 Auto vars:     Size  Location     Type
  memcpy          2    8[BANK0 ] PTR const unsigned char 
		 -> NULL(0), i2c_int_handler@error_buf(3), FromMainHigh_MQ(54), FromMainLow_MQ(54), 
		 -> ToMainHigh_MQ(54), ToMainLow_MQ(54), main@msgbuffer(11), main@t1thread_data(2), 
		 -> main@uc(5), 
  memcpy          2    6[BANK0 ] PTR unsigned char 
		 -> NULL(0), FromMainHigh_MQ(54), FromMainLow_MQ(54), ToMainHigh_MQ(54), 
		 -> ToMainLow_MQ(54), main@msgbuffer(11), 
 Return value:  Size  Location     Type
                  2    0[BANK0 ] PTR void 
 Registers used:
		wreg, fsr1l, fsr1h, fsr2l, fsr2h, status,2, status,0
 Tracked objects:
		On entry : 
		On exit  : 
		Unchanged: 
 Data sizes:     COMRAM   BANK0   BANK1   BANK2   BANK3   BANK4   BANK5   BANK6   BANK7   BANK8   BANK9  BANK10  BANK11  BANK12
      Params:         0       6       0       0       0       0       0       0       0       0       0       0       0       0
      Locals:         0       4       0       0       0       0       0       0       0       0       0       0       0       0
      Temps:          0       0       0       0       0       0       0       0       0       0       0       0       0       0
      Totals:         0      10       0       0       0       0       0       0       0       0       0       0       0       0
Total ram usage:       10 bytes
 Hardware stack levels used:    1
 This function calls:
		Nothing
 This function is called by:
		i2_send_msg
		i2_recv_msg
 This function uses a non-reentrant model


 *************** function i2_in_low_int *****************
 Defined at:
		line 30 in file "../src/interrupts.c"
 Parameters:    Size  Location     Type
		None
 Auto vars:     Size  Location     Type
		None
 Return value:  Size  Location     Type
                  2    2[BANK0 ] int 
 Registers used:
		wreg, status,2, status,0, cstack
 Tracked objects:
		On entry : 
		On exit  : 
		Unchanged: 
 Data sizes:     COMRAM   BANK0   BANK1   BANK2   BANK3   BANK4   BANK5   BANK6   BANK7   BANK8   BANK9  BANK10  BANK11  BANK12
      Params:         0       2       0       0       0       0       0       0       0       0       0       0       0       0
      Locals:         0       0       0       0       0       0       0       0       0       0       0       0       0       0
      Temps:          0       0       0       0       0       0       0       0       0       0       0       0       0       0
      Totals:         0       2       0       0       0       0       0       0       0       0       0       0       0       0
Total ram usage:        2 bytes
 Hardware stack levels used:    1
 Hardware stack levels required when called:    1
 This function calls:
		i2_in_high_int
 This function is called by:
		_SleepIfOkay
 This function uses a non-reentrant model


 *************** function i2_in_high_int *****************
 Defined at:
		line 22 in file "../src/interrupts.c"
 Parameters:    Size  Location     Type
		None
 Auto vars:     Size  Location     Type
		None
 Return value:  Size  Location     Type
                  2    0[BANK0 ] int 
 Registers used:
		wreg, status,2
 Tracked objects:
		On entry : 
		On exit  : 
		Unchanged: 
 Data sizes:     COMRAM   BANK0   BANK1   BANK2   BANK3   BANK4   BANK5   BANK6   BANK7   BANK8   BANK9  BANK10  BANK11  BANK12
      Params:         0       2       0       0       0       0       0       0       0       0       0       0       0       0
      Locals:         0       0       0       0       0       0       0       0       0       0       0       0       0       0
      Temps:          0       0       0       0       0       0       0       0       0       0       0       0       0       0
      Totals:         0       2       0       0       0       0       0       0       0       0       0       0       0       0
Total ram usage:        2 bytes
 Hardware stack levels used:    1
 This function calls:
		Nothing
 This function is called by:
		_SleepIfOkay
		i2_in_low_int
 This function uses a non-reentrant model



MODULE INFORMATION

Module		Function		Class		Link	Load	Size
/Applications/microchip/xc8/v1.12/sources/memcpy.c
		_memcpy        		CODE           	1B62	0000	86

/Applications/microchip/xc8/v1.12/sources/memcpy.c estimated size: 86

plib/Timers/t0open.c
		_OpenTimer0    		CODE           	1F50	0000	42

plib/Timers/t0open.c estimated size: 42

plib/Timers/t1open.c
		_OpenTimer1    		CODE           	1CF4	0000	62

plib/Timers/t1open.c estimated size: 62

../src/user_interrupts.c
		_timer0_int_han		CODE           	1DDA	0000	50
		_timer1_int_han		CODE           	1C0E	0000	80

../src/user_interrupts.c estimated size: 130

../src/timer0_thread.c
		_timer0_lthread		CODE           	2062	0000	10

../src/timer0_thread.c estimated size: 10

shared
		i1_send_msg    		CODE           	1438	0000	178
		i2_send_msg    		CODE           	100E	0000	262
		i2_FromMainLow_		CODE           	1E9C	0000	48
		i2_in_high_int 		CODE           	2006	0000	20
		i2_recv_msg    		CODE           	0DC8	0000	320
		__initializatio		CODE           	1F7A	0000	28
		i2_in_low_int  		CODE           	1AAC	0000	94
		i2_start_i2c_sl		CODE           	17E0	0000	136
		i1_memcpy      		CODE           	1CAC	0000	72
		i2_memcpy      		CODE           	1BB8	0000	86
		i2_check_msg   		CODE           	1DA2	0000	56

shared estimated size: 1300

plib/USART/uopen.c
		_OpenUSART     		CODE           	1384	0000	180

plib/USART/uopen.c estimated size: 180

../src/timer1_thread.c
		_timer1_lthread		CODE           	1868	0000	134
		_init_timer1_lt		CODE           	201A	0000	18

../src/timer1_thread.c estimated size: 152

../src/my_i2c.c
		_start_i2c_slav		CODE           	1758	0000	136
		_handle_start  		CODE           	11F4	0000	218
		_i2c_configure_		CODE           	14EA	0000	168
		_i2c_int_handle		CODE           	00C6	0000	1946

../src/my_i2c.c estimated size: 2468

plib/Timers/t0write.c
		_WriteTimer0   		CODE           	2050	0000	18

plib/Timers/t0write.c estimated size: 18

plib/Timers/t1write.c
		_WriteTimer1   		CODE           	202C	0000	18

plib/Timers/t1write.c estimated size: 18

/Applications/microchip/xc8/v1.12/sources/wmul.c
		___wmul        		CODE           	19E6	0000	104

/Applications/microchip/xc8/v1.12/sources/wmul.c estimated size: 104

../src/uart_thread.c
		_uart_lthread  		CODE           	1C5E	0000	78

../src/uart_thread.c estimated size: 78

/Applications/microchip/xc8/v1.12/sources/lwmod.c
		___lwmod       		CODE           	1592	0000	160

/Applications/microchip/xc8/v1.12/sources/lwmod.c estimated size: 160

../common/d1ktcyx.c
		_Delay1KTCYx   		CODE           	1FF2	0000	20

../common/d1ktcyx.c estimated size: 20

../src/interrupts.c
		_enable_interru		CODE           	206C	0000	8
		_in_low_int    		CODE           	1A4E	0000	94
		_in_main       		CODE           	1B0A	0000	88
		_in_high_int   		CODE           	1FDE	0000	20
		_InterruptHandl		CODE           	0018	0000	170
		_InterruptHandl		CODE           	0008	0000	5968

../src/interrupts.c estimated size: 6348

plib/Timers/t1read.c
		_ReadTimer1    		CODE           	203E	0000	18

plib/Timers/t1read.c estimated size: 18

../src/my_uart.c
		_init_uart_recv		CODE           	1FC4	0000	26
		_uart_recv_int_		CODE           	12CE	0000	182

../src/my_uart.c estimated size: 208

../src/messages.c
		_ToMainHigh_sen		CODE           	1F24	0000	44
		_ToMainHigh_rec		CODE           	1E0C	0000	48
		_block_on_To_ms		CODE           	1114	0000	224
		_check_msg     		CODE           	1D32	0000	56
		_FromMainLow_se		CODE           	1EF8	0000	44
		_ToMainLow_send		CODE           	1FA0	0000	36
		_ToMainLow_recv		CODE           	1E6C	0000	48
		_FromMainLow_re		CODE           	1E3C	0000	48
		_FromMainHigh_s		CODE           	1ECC	0000	44
		_enter_sleep_mo		CODE           	2074	0000	6
		_send_msg      		CODE           	0F08	0000	262
		_init_queue    		CODE           	18EE	0000	134
		_init_queues   		CODE           	1974	0000	114
		_recv_msg      		CODE           	0C88	0000	320
		_SleepIfOkay   		CODE           	1632	0000	154

../src/messages.c estimated size: 1582

plib/USART/uread.c
		_ReadUSART     		CODE           	1D6A	0000	56

plib/USART/uread.c estimated size: 56

../src/main.c
		_main          		CODE           	0860	0000	1064

../src/main.c estimated size: 1064

