Microchip MPLAB XC8 Compiler V1.12 ()

Linker command line:

--edf=/Applications/microchip/xc8/v1.12/dat/en_msgs.txt -cs \
  -h+dist/UseXC8/debug/Framework.X.debug.sym -z -Q18F26J50 -ol.obj \
  -Mdist/UseXC8/debug/Framework.X.debug.map -E1 -ver=XC8 -ACODE=00h-0FFF7h \
  -ACONST=00h-0FFF7h -ASMALLCONST=0F00h-0FFFhx240,0FF00h-0FFF7h \
  -AMEDIUMCONST=0F00h-0FFF7h -ACOMRAM=01h-05Fh -AABS1=00h-0EBFh \
  -ABIGRAM=01h-0EBFh -ARAM=060h-0FFh,0100h-01FFhx13,0E00h-0EBFh \
  -ABANK0=060h-0FFh -ABANK1=0100h-01FFh -ABANK2=0200h-02FFh \
  -ABANK3=0300h-03FFh -ABANK4=0400h-04FFh -ABANK5=0500h-05FFh \
  -ABANK6=0600h-06FFh -ABANK7=0700h-07FFh -ABANK8=0800h-08FFh \
  -ABANK9=0900h-09FFh -ABANK10=0A00h-0AFFh -ABANK11=0B00h-0BFFh \
  -ABANK12=0C00h-0CFFh -ABANK13=0D00h-0DFFh -ABANK14=0E00h-0EBFh \
  -ASFR=0EC0h-0EFFh,0F00h-0F5Fh,0F60h-0FFCh \
  -preset_vec=00h,intcode=08h,intcodelo=018h,powerup,init,end_init \
  -pramtop=0F00h -psmallconst=SMALLCONST -pmediumconst=MEDIUMCONST \
  -pconst=CONST -AFARRAM=00h-00h -ACONFIG=0FFF8h-0FFFFh -pconfig=CONFIG \
  -pjflash_buffer=0F800h \
  -prdata=COMRAM,nvrram=COMRAM,nvbit=COMRAM,rbss=COMRAM,rbit=COMRAM \
  -pfarbss=FARRAM,fardata=FARRAM \
  -pintsave_regs=BIGRAM,bigbss=BIGRAM,bigdata=BIGRAM -pbss=RAM \
  -pidata=CODE,irdata=CODE,ibigdata=CODE,ifardata=CODE /tmp/cgtY6GEKk.obj \
  dist/UseXC8/debug/Framework.X.debug.obj 

Object code version is 3.10

Machine type is 18F26J50

Call graph: (short form)




                Name                               Link     Load   Length Selector   Space Scale
/tmp/cgtY6GEKk.obj
                end_init                             C2       C2        4        C       0
                reset_vec                             0        0        6        0       0
                config                             FFF8     FFF8        8     FFF8       0
dist/UseXC8/debug/Framework.X.debug.obj
                intcodelo                            18       18       AA        C       0
                intcode                               8        8       10        4       0
                text62                             1B10     1B10       56        C       0
                text61                              D08      D08      140        C       0
                text60                             1DB0     1DB0       30        C       0
                text59                             16D8     16D8       88        C       0
                text58                             1CB2     1CB2       38        C       0
                text57                              F4E      F4E      106        C       0
                text56                             1F80     1F80       14        C       0
                text55                             1A04     1A04       5E        C       0
                text54                             1FDC     1FDC       12        C       0
                text53                             1054     1054       DA        C       0
                text52                             2030     2030        6        C       0
                text51                             1E38     1E38       2C        C       0
                text50                             1494     1494       9A        C       0
                text49                             1F42     1F42       16        C       0
                text48                               C6       C6      79A        C       0
                intcode_body                       15C6     15C6       8A        C       0
                text46                             1BB4     1BB4       48        C       0
                text45                             129A     129A       B2        C       0
                text44                             1FCA     1FCA       12        C       0
                text43                             1FB8     1FB8       12        C       0
                text42                             1C7A     1C7A       38        C       0
                text41                             1EB4     1EB4       24        C       0
                text40                             11E4     11E4       B6        C       0
                text39                             1CEA     1CEA       36        C       0
                text37                             18DE     18DE       68        C       0
                text36                             13F4     13F4       A0        C       0
                text35                             1EF6     1EF6       1C        C       0
                text34                             1ED8     1ED8       1E        C       0
                text33                             1F2C     1F2C       16        C       0
                text32                             1FA6     1FA6       12        C       0
                text31                             200E     200E       10        C       0
                text30                             1FFE     1FFE       10        C       0
                text29                             1FEE     1FEE       10        C       0
                text28                             1F6C     1F6C       14        C       0
                text27                             1C42     1C42       38        C       0
                text26                             1ABA     1ABA       56        C       0
                text25                              E48      E48      106        C       0
                text24                             1E0C     1E0C       2C        C       0
                text23                              BC8      BC8      140        C       0
                text22                             1D80     1D80       30        C       0
                text21                             17E6     17E6       86        C       0
                text20                             1B66     1B66       4E        C       0
                text19                             1DE0     1DE0       2C        C       0
                text18                             1760     1760       86        C       0
                text17                             1F58     1F58       14        C       0
                text16                             19A6     19A6       5E        C       0
                text15                             1A62     1A62       58        C       0
                text14                             2028     2028        8        C       0
                text13                             1F12     1F12       1A        C       0
                text12                             1F94     1F94       12        C       0
                text11                             186C     186C       72        C       0
                text10                             1E64     1E64       2A        C       0
                text9                              1BFC     1BFC       46        C       0
                text8                              134C     134C       A8        C       0
                text7                              152E     152E       98        C       0
                text6                              1946     1946       60        C       0
                text5                              112E     112E       B6        C       0
                text4                              1D50     1D50       30        C       0
                text3                              201E     201E        A        C       0
                text2                              1650     1650       88        C       0
                text1                              1D20     1D20       30        C       0
                text0                               860      860      368        C       0
                cstackCOMRAM                          1        1       2F        1       1
                cstackBANK0                          99       99       39       60       1
                cstackBANK1                         1CE      1CE       27      100       1
                cstackBANK2                         200      200       23      200       1
                bssBANK1                            100      100       CE      100       1
                bssBANK0                             60       60       39       60       1
                bssCOMRAM                            32       32        2        1       1
                cinit                              1E8E     1E8E       26        C       0
                nvCOMRAM                             30       30        2        1       1

TOTAL           Name                               Link     Load   Length     Space
        CLASS   CODE           
                end_init                             C2       C2        4         0
                intcodelo                            18       18       AA         0
                intcode                               8        8       10         0
                reset_vec                             0        0        6         0
                text62                             1B10     1B10       56         0
                text61                              D08      D08      140         0
                text60                             1DB0     1DB0       30         0
                text59                             16D8     16D8       88         0
                text58                             1CB2     1CB2       38         0
                text57                              F4E      F4E      106         0
                text56                             1F80     1F80       14         0
                text55                             1A04     1A04       5E         0
                text54                             1FDC     1FDC       12         0
                text53                             1054     1054       DA         0
                text52                             2030     2030        6         0
                text51                             1E38     1E38       2C         0
                text50                             1494     1494       9A         0
                text49                             1F42     1F42       16         0
                text48                               C6       C6      79A         0
                intcode_body                       15C6     15C6       8A         0
                text46                             1BB4     1BB4       48         0
                text45                             129A     129A       B2         0
                text44                             1FCA     1FCA       12         0
                text43                             1FB8     1FB8       12         0
                text42                             1C7A     1C7A       38         0
                text41                             1EB4     1EB4       24         0
                text40                             11E4     11E4       B6         0
                text39                             1CEA     1CEA       36         0
                text37                             18DE     18DE       68         0
                text36                             13F4     13F4       A0         0
                text35                             1EF6     1EF6       1C         0
                text34                             1ED8     1ED8       1E         0
                text33                             1F2C     1F2C       16         0
                text32                             1FA6     1FA6       12         0
                text31                             200E     200E       10         0
                text30                             1FFE     1FFE       10         0
                text29                             1FEE     1FEE       10         0
                text28                             1F6C     1F6C       14         0
                text27                             1C42     1C42       38         0
                text26                             1ABA     1ABA       56         0
                text25                              E48      E48      106         0
                text24                             1E0C     1E0C       2C         0
                text23                              BC8      BC8      140         0
                text22                             1D80     1D80       30         0
                text21                             17E6     17E6       86         0
                text20                             1B66     1B66       4E         0
                text19                             1DE0     1DE0       2C         0
                text18                             1760     1760       86         0
                text17                             1F58     1F58       14         0
                text16                             19A6     19A6       5E         0
                text15                             1A62     1A62       58         0
                text14                             2028     2028        8         0
                text13                             1F12     1F12       1A         0
                text12                             1F94     1F94       12         0
                text11                             186C     186C       72         0
                text10                             1E64     1E64       2A         0
                text9                              1BFC     1BFC       46         0
                text8                              134C     134C       A8         0
                text7                              152E     152E       98         0
                text6                              1946     1946       60         0
                text5                              112E     112E       B6         0
                text4                              1D50     1D50       30         0
                text3                              201E     201E        A         0
                text2                              1650     1650       88         0
                text1                              1D20     1D20       30         0
                text0                               860      860      368         0
                cinit                              1E8E     1E8E       26         0

        CLASS   CONST          

        CLASS   SMALLCONST     

        CLASS   MEDIUMCONST    

        CLASS   COMRAM         
                cstackCOMRAM                          1        1       2F         1
                bssCOMRAM                            32       32        2         1
                nvCOMRAM                             30       30        2         1

        CLASS   ABS1           

        CLASS   BIGRAM         

        CLASS   RAM            

        CLASS   BANK0          
                cstackBANK0                          99       99       39         1
                bssBANK0                             60       60       39         1

        CLASS   BANK1          
                cstackBANK1                         1CE      1CE       27         1
                bssBANK1                            100      100       CE         1

        CLASS   BANK2          
                cstackBANK2                         200      200       23         1

        CLASS   BANK3          

        CLASS   BANK4          

        CLASS   BANK5          

        CLASS   BANK6          

        CLASS   BANK7          

        CLASS   BANK8          

        CLASS   BANK9          

        CLASS   BANK10         

        CLASS   BANK11         

        CLASS   BANK12         

        CLASS   BANK13         

        CLASS   BANK14         

        CLASS   SFR            

        CLASS   FARRAM         

        CLASS   CONFIG         
                config                             FFF8     FFF8        8         0

        CLASS   IDLOC          



SEGMENTS        Name                           Load    Length   Top    Selector   Space  Class

                reset_vec                      000000  000006  000006         0       0  CODE    
                cstackCOMRAM                   000001  000033  000034         1       1  COMRAM  
                intcode                        000008  000010  000018         4       0  CODE    
                intcodelo                      000018  00201E  002036         C       0  CODE    
                bssBANK0                       000060  000072  0000D2        60       1  BANK0   
                bssBANK1                       000100  0000F5  0001F5       100       1  BANK1   
                cstackBANK2                    000200  000023  000223       200       1  BANK2   
                config                         00FFF8  000008  010000      FFF8       0  CONFIG  


UNUSED ADDRESS RANGES

        Name                Unused          Largest block    Delta
        BANK0            000D2-000FF              2E
        BANK1            001F5-001FF               B
        BANK10           00A00-00AFF             100
        BANK11           00B00-00BFF             100
        BANK12           00C00-00CFF             100
        BANK13           00D00-00DFF             100
        BANK14           00E00-00EBF              C0
        BANK2            00223-002FF              DD
        BANK3            00300-003FF             100
        BANK4            00400-004FF             100
        BANK5            00500-005FF             100
        BANK6            00600-006FF             100
        BANK7            00700-007FF             100
        BANK8            00800-008FF             100
        BANK9            00900-009FF             100
        BIGRAM           00034-0005F              2C
                         000D2-000FF              2E
                         001F5-001FF               B
                         00223-00EBF             C9D
        CODE             00006-00007               2
                         02036-0FFF7            DFC2
        COMRAM           00034-0005F              2C
        CONST            00006-00007               2
                         02036-0FFF7            DFC2
        MEDIUMCONST      02036-0FFF7            DFC2
        RAM              000D2-000FF              2E
                         001F5-001FF               B
                         00223-00EBF             100
        SFR              00EC0-00FFC              60
        SMALLCONST       02036-0FFF7             100

                                  Symbol Table

?_Delay1KTCYx                     cstackBANK1   001CE
?_FromMainHigh_sendmsg            cstackBANK1   001E4
?_FromMainLow_recvmsg             cstackBANK1   001E6
?_FromMainLow_sendmsg             cstackBANK1   001E4
?_I2CReadOneByte                  cstackBANK1   001CF
?_I2CSend                         cstackBANK1   001CE
?_Open1USART                      cstackBANK1   001CE
?_OpenTimer0                      cstackBANK1   001CE
?_OpenTimer1                      cstackBANK1   001CE
?_ReadTimer1                      cstackCOMRAM  00001
?_ToMainHigh_recvmsg              cstackBANK1   001E6
?_ToMainHigh_sendmsg              cstackBANK0   000AF
?_ToMainLow_recvmsg               cstackBANK1   001E6
?_ToMainLow_sendmsg               cstackCOMRAM  00017
?_WriteTimer0                     cstackBANK0   00099
?_WriteTimer1                     cstackCOMRAM  00001
?___lwmod                         cstackBANK1   001CE
?___wmul                          cstackBANK1   001CE
?_check_msg                       cstackBANK1   001CE
?_handle_start                    cstackBANK0   00099
?_i2c_configure_slave             cstackBANK1   001D4
?_in_high_int                     cstackBANK1   001CE
?_in_low_int                      cstackBANK1   001D0
?_in_main                         cstackBANK1   001D2
?_init_queue                      cstackBANK1   001CE
?_init_timer1_lthread             cstackBANK1   001CE
?_init_uart_recv                  cstackBANK1   001CE
?_memcpy                          cstackBANK1   001CE
?_recv_msg                        cstackBANK1   001D8
?_send_msg                        cstackBANK1   001D8
?_start_i2c_slave_reply           cstackBANK1   001EB
?_timer0_lthread                  cstackBANK1   001CE
?_timer1_lthread                  cstackBANK1   001E8
?_uart_lthread                    cstackBANK1   001CE
?i1_memcpy                        cstackCOMRAM  00001
?i1_send_msg                      cstackCOMRAM  0000B
?i2_FromMainLow_recvmsg           cstackBANK0   000B1
?i2_check_msg                     cstackBANK0   00099
?i2_in_high_int                   cstackBANK0   00099
?i2_in_low_int                    cstackBANK0   0009B
?i2_memcpy                        cstackBANK0   00099
?i2_recv_msg                      cstackBANK0   000A3
?i2_send_msg                      cstackBANK0   000A3
Delay1KTCYx@unit                  cstackBANK1   001CE
FromMainHigh_sendmsg@data         cstackBANK1   001E6
FromMainHigh_sendmsg@length       cstackBANK1   001E4
FromMainHigh_sendmsg@msgtype      cstackBANK1   001E5
FromMainLow_recvmsg@data          cstackBANK1   001E9
FromMainLow_recvmsg@maxlength     cstackBANK1   001E6
FromMainLow_recvmsg@msgtype       cstackBANK1   001E7
FromMainLow_sendmsg@data          cstackBANK1   001E6
FromMainLow_sendmsg@length        cstackBANK1   001E4
FromMainLow_sendmsg@msgtype       cstackBANK1   001E5
I2CRead@temp                      cstackBANK1   001CE
I2CReadOneByte@id                 cstackBANK1   001CF
I2CReadOneByte@out                cstackBANK1   001D1
I2CReadOneByte@registerAddress    cstackBANK1   001D0
I2CSend@dat                       cstackBANK1   001CE
Open1USART@config                 cstackBANK1   001CE
Open1USART@spbrg                  cstackBANK1   001CF
OpenTimer0@config                 cstackBANK1   001CE
OpenTimer1@config                 cstackBANK1   001CE
OpenTimer1@config1                cstackBANK1   001CF
Read1USART@data                   cstackCOMRAM  00001
ReadTimer1@timer                  cstackCOMRAM  00003
ToMainHigh_recvmsg@data           cstackBANK1   001E9
ToMainHigh_recvmsg@maxlength      cstackBANK1   001E6
ToMainHigh_recvmsg@msgtype        cstackBANK1   001E7
ToMainHigh_sendmsg@data           cstackBANK0   000B1
ToMainHigh_sendmsg@length         cstackBANK0   000AF
ToMainHigh_sendmsg@msgtype        cstackBANK0   000B0
ToMainLow_recvmsg@data            cstackBANK1   001E9
ToMainLow_recvmsg@maxlength       cstackBANK1   001E6
ToMainLow_recvmsg@msgtype         cstackBANK1   001E7
ToMainLow_sendmsg@data            cstackCOMRAM  00019
ToMainLow_sendmsg@length          cstackCOMRAM  00017
ToMainLow_sendmsg@msgtype         cstackCOMRAM  00018
WriteTimer0@timer                 cstackBANK0   0009B
WriteTimer0@timer0                cstackBANK0   00099
WriteTimer1@timer                 cstackCOMRAM  00003
WriteTimer1@timer1                cstackCOMRAM  00001
_ACKDT                            (abs)         07E2D
_ACKEN                            (abs)         07E2C
_BF                               (abs)         07E38
_Delay1KTCYx                      text28        01F6C
_FromMainHigh_MQ                  bssBANK1      0012C
_FromMainHigh_sendmsg             text24        01E0C
_FromMainLow_MQ                   bssBANK1      00162
_FromMainLow_recvmsg              text22        01D80
_FromMainLow_sendmsg              text19        01DE0
_I2CInit                          text29        01FEE
_I2CNak                           text32        01FA6
_I2CRead                          text34        01ED8
_I2CReadOneByte                   text6         01946
_I2CSend                          text33        01F2C
_I2CStart                         text30        01FFE
_I2CStop                          text31        0200E
_I2CWait                          text35        01EF6
_INTCONbits                       (abs)         00FF2
_IPR1bits                         (abs)         00F9F
_InterruptHandlerHigh             intcode       00008
_InterruptHandlerLow              intcodelo     00018
_MQ_Main_Willing_to_block         bssBANK0      00062
_OSCCON                           (abs)         00FD3
_OSCCONbits                       (abs)         00FD3
_OSCTUNEbits                      (abs)         00F9B
_Open1USART                       text7         0152E
_OpenTimer0                       text10        01E64
_OpenTimer1                       text9         01BFC
_PEN                              (abs)         07E2A
_PIE1bits                         (abs)         00F9D
_PIR1bits                         (abs)         00F9E
_PORTBbits                        (abs)         00F81
_RCEN                             (abs)         07E2B
_RCONbits                         (abs)         00FD0
_RCREG1                           (abs)         00FAF
_RCSTA1                           (abs)         00FAC
_RCSTA1bits                       (abs)         00FAC
_RCSTAbits                        (abs)         00FAC
_RSEN                             (abs)         07E29
_Read1USART                       text42        01C7A
_ReadTimer1                       text43        01FB8
_SEN                              (abs)         07E28
_SPBRG1                           (abs)         00FB0
_SPBRGH1                          (abs)         00F7F
_SSPADD                           (abs)         00FC8
_SSPBUF                           (abs)         00FC9
_SSPCON1                          (abs)         00FC6
_SSPCON1bits                      (abs)         00FC6
_SSPCON2                          (abs)         00FC5
_SSPCON2bits                      (abs)         00FC5
_SSPSTAT                          (abs)         00FC7
_SSPSTATbits                      (abs)         00FC7
_SleepIfOkay                      text50        01494
_T0CON                            (abs)         00FD5
_T0CONbits                        (abs)         00FD5
_T1CON                            (abs)         00FCD
_T1CONbits                        (abs)         00FCD
_T1GCON                           (abs)         00F9A
_T1GCONbits                       (abs)         00F9A
_TMR0H                            (abs)         00FD7
_TMR0L                            (abs)         00FD6
_TMR1H                            (abs)         00FCF
_TMR1L                            (abs)         00FCE
_TRISC3                           (abs)         07CA3
_TRISC4                           (abs)         07CA4
_TXSTA1                           (abs)         00FAD
_TXSTA1bits                       (abs)         00FAD
_ToMainHigh_MQ                    bssBANK1      00198
_ToMainHigh_recvmsg               text4         01D50
_ToMainHigh_sendmsg               text51        01E38
_ToMainLow_MQ                     bssBANK0      00063
_ToMainLow_recvmsg                text1         01D20
_ToMainLow_sendmsg                text41        01EB4
_USART1_Status                    bssCOMRAM     00032
_WriteTimer0                      text54        01FDC
_WriteTimer1                      text44        01FCA
__CFG_CP0$OFF                     (abs)         00000
__CFG_CPUDIV$OSC1                 (abs)         00000
__CFG_DSBOREN$OFF                 (abs)         00000
__CFG_DSWDTEN$OFF                 (abs)         00000
__CFG_DSWDTOSC$T1OSCREF           (abs)         00000
__CFG_DSWDTPS$G2                  (abs)         00000
__CFG_FCMEN$OFF                   (abs)         00000
__CFG_IESO$ON                     (abs)         00000
__CFG_IOL1WAY$ON                  (abs)         00000
__CFG_LPT1OSC$OFF                 (abs)         00000
__CFG_MSSP7B_EN$MSK7              (abs)         00000
__CFG_OSC$HSPLL                   (abs)         00000
__CFG_PLLDIV$3                    (abs)         00000
__CFG_RTCOSC$T1OSCREF             (abs)         00000
__CFG_STVREN$OFF                  (abs)         00000
__CFG_T1DIG$OFF                   (abs)         00000
__CFG_WDTEN$OFF                   (abs)         00000
__CFG_WDTPS$32768                 (abs)         00000
__CFG_WPCFG$OFF                   (abs)         00000
__CFG_WPDIS$OFF                   (abs)         00000
__CFG_WPEND$PAGE_WPFP             (abs)         00000
__CFG_WPFP$PAGE_63                (abs)         00000
__CFG_XINST$OFF                   (abs)         00000
__HRAM                            (abs)         00000
__Habs1                           abs1          00000
__Hbank0                          bank0         00000
__Hbank1                          bank1         00000
__Hbank10                         bank10        00000
__Hbank11                         bank11        00000
__Hbank12                         bank12        00000
__Hbank13                         bank13        00000
__Hbank14                         bank14        00000
__Hbank2                          bank2         00000
__Hbank3                          bank3         00000
__Hbank4                          bank4         00000
__Hbank5                          bank5         00000
__Hbank6                          bank6         00000
__Hbank7                          bank7         00000
__Hbank8                          bank8         00000
__Hbank9                          bank9         00000
__Hbigbss                         bigbss        00000
__Hbigdata                        bigdata       00000
__Hbigram                         bigram        00000
__Hbss                            bss           00000
__HbssBANK0                       bssBANK0      00000
__HbssBANK1                       bssBANK1      00000
__HbssCOMRAM                      bssCOMRAM     00000
__Hcinit                          cinit         00000
__Hclrtext                        clrtext       00000
__Hcomram                         comram        00000
__Hconfig                         config        10000
__Hconst                          const         00000
__HcstackBANK0                    cstackBANK0   00000
__HcstackBANK1                    cstackBANK1   00000
__HcstackBANK2                    cstackBANK2   00000
__HcstackCOMRAM                   cstackCOMRAM  00000
__Hdata                           data          00000
__Hend_init                       end_init      000C6
__Hfarbss                         farbss        00000
__Hfardata                        fardata       00000
__Hibigdata                       ibigdata      00000
__Hidata                          idata         00000
__Hidloc                          idloc         00000
__Hifardata                       ifardata      00000
__Hinit                           init          000C2
__Hintcode                        intcode       00018
__Hintcode_body                   intcode_body  00000
__Hintcodelo                      intcodelo     000C2
__Hintentry                       intentry      00000
__Hintret                         intret        00000
__Hintsave_regs                   intsave_regs  00000
__Hirdata                         irdata        00000
__Hjflash_buffer                  jflash_buffer 0F800
__Hmediumconst                    mediumconst   00000
__HnvCOMRAM                       nvCOMRAM      00000
__Hnvbit                          nvbit         00000
__Hnvrram                         nvrram        00000
__Hparam                          param0        00000
__Hparam0                         param0        00000
__Hpowerup                        powerup       000C2
__Hram                            ram           00000
__Hramtop                         ramtop        00F00
__Hrbit                           rbit          00000
__Hrbss                           rbss          00000
__Hrdata                          rdata         00000
__Hreset_vec                      reset_vec     00006
__Hsfr                            sfr           00000
__Hsmallconst                     smallconst    00000
__Hstruct                         struct        00000
__Htemp                           temp          00000
__Htext                           text          00000
__Htext0                          text0         00000
__Htext1                          text1         00000
__Htext10                         text10        00000
__Htext11                         text11        00000
__Htext12                         text12        00000
__Htext13                         text13        00000
__Htext14                         text14        00000
__Htext15                         text15        00000
__Htext16                         text16        00000
__Htext17                         text17        00000
__Htext18                         text18        00000
__Htext19                         text19        00000
__Htext2                          text2         00000
__Htext20                         text20        00000
__Htext21                         text21        00000
__Htext22                         text22        00000
__Htext23                         text23        00000
__Htext24                         text24        00000
__Htext25                         text25        00000
__Htext26                         text26        00000
__Htext27                         text27        00000
__Htext28                         text28        00000
__Htext29                         text29        00000
__Htext3                          text3         00000
__Htext30                         text30        00000
__Htext31                         text31        00000
__Htext32                         text32        00000
__Htext33                         text33        00000
__Htext34                         text34        00000
__Htext35                         text35        00000
__Htext36                         text36        00000
__Htext37                         text37        00000
__Htext39                         text39        00000
__Htext4                          text4         00000
__Htext40                         text40        00000
__Htext41                         text41        00000
__Htext42                         text42        00000
__Htext43                         text43        00000
__Htext44                         text44        00000
__Htext45                         text45        00000
__Htext46                         text46        00000
__Htext48                         text48        00000
__Htext49                         text49        00000
__Htext5                          text5         00000
__Htext50                         text50        00000
__Htext51                         text51        00000
__Htext52                         text52        00000
__Htext53                         text53        00000
__Htext54                         text54        00000
__Htext55                         text55        00000
__Htext56                         text56        00000
__Htext57                         text57        00000
__Htext58                         text58        00000
__Htext59                         text59        00000
__Htext6                          text6         00000
__Htext60                         text60        00000
__Htext61                         text61        00000
__Htext62                         text62        00000
__Htext63                         text63        00000
__Htext7                          text7         00000
__Htext8                          text8         00000
__Htext9                          text9         00000
__LRAM                            (abs)         00001
__Labs1                           abs1          00000
__Lbank0                          bank0         00000
__Lbank1                          bank1         00000
__Lbank10                         bank10        00000
__Lbank11                         bank11        00000
__Lbank12                         bank12        00000
__Lbank13                         bank13        00000
__Lbank14                         bank14        00000
__Lbank2                          bank2         00000
__Lbank3                          bank3         00000
__Lbank4                          bank4         00000
__Lbank5                          bank5         00000
__Lbank6                          bank6         00000
__Lbank7                          bank7         00000
__Lbank8                          bank8         00000
__Lbank9                          bank9         00000
__Lbigbss                         bigbss        00000
__Lbigdata                        bigdata       00000
__Lbigram                         bigram        00000
__Lbss                            bss           00000
__LbssBANK0                       bssBANK0      00000
__LbssBANK1                       bssBANK1      00000
__LbssCOMRAM                      bssCOMRAM     00000
__Lcinit                          cinit         00000
__Lclrtext                        clrtext       00000
__Lcomram                         comram        00000
__Lconfig                         config        0FFF8
__Lconst                          const         00000
__LcstackBANK0                    cstackBANK0   00000
__LcstackBANK1                    cstackBANK1   00000
__LcstackBANK2                    cstackBANK2   00000
__LcstackCOMRAM                   cstackCOMRAM  00000
__Ldata                           data          00000
__Lend_init                       end_init      000C2
__Lfarbss                         farbss        00000
__Lfardata                        fardata       00000
__Libigdata                       ibigdata      00000
__Lidata                          idata         00000
__Lidloc                          idloc         00000
__Lifardata                       ifardata      00000
__Linit                           init          000C2
__Lintcode                        intcode       00008
__Lintcode_body                   intcode_body  00000
__Lintcodelo                      intcodelo     00018
__Lintentry                       intentry      00000
__Lintret                         intret        00000
__Lintsave_regs                   intsave_regs  00000
__Lirdata                         irdata        00000
__Ljflash_buffer                  jflash_buffer 0F800
__Lmediumconst                    mediumconst   00000
__LnvCOMRAM                       nvCOMRAM      00000
__Lnvbit                          nvbit         00000
__Lnvrram                         nvrram        00000
__Lparam                          param0        00000
__Lparam0                         param0        00000
__Lpowerup                        powerup       000C2
__Lram                            ram           00000
__Lramtop                         ramtop        00F00
__Lrbit                           rbit          00000
__Lrbss                           rbss          00000
__Lrdata                          rdata         00000
__Lreset_vec                      reset_vec     00000
__Lsfr                            sfr           00000
__Lsmallconst                     smallconst    00000
__Lstruct                         struct        00000
__Ltemp                           temp          00000
__Ltext                           text          00000
__Ltext0                          text0         00000
__Ltext1                          text1         00000
__Ltext10                         text10        00000
__Ltext11                         text11        00000
__Ltext12                         text12        00000
__Ltext13                         text13        00000
__Ltext14                         text14        00000
__Ltext15                         text15        00000
__Ltext16                         text16        00000
__Ltext17                         text17        00000
__Ltext18                         text18        00000
__Ltext19                         text19        00000
__Ltext2                          text2         00000
__Ltext20                         text20        00000
__Ltext21                         text21        00000
__Ltext22                         text22        00000
__Ltext23                         text23        00000
__Ltext24                         text24        00000
__Ltext25                         text25        00000
__Ltext26                         text26        00000
__Ltext27                         text27        00000
__Ltext28                         text28        00000
__Ltext29                         text29        00000
__Ltext3                          text3         00000
__Ltext30                         text30        00000
__Ltext31                         text31        00000
__Ltext32                         text32        00000
__Ltext33                         text33        00000
__Ltext34                         text34        00000
__Ltext35                         text35        00000
__Ltext36                         text36        00000
__Ltext37                         text37        00000
__Ltext39                         text39        00000
__Ltext4                          text4         00000
__Ltext40                         text40        00000
__Ltext41                         text41        00000
__Ltext42                         text42        00000
__Ltext43                         text43        00000
__Ltext44                         text44        00000
__Ltext45                         text45        00000
__Ltext46                         text46        00000
__Ltext48                         text48        00000
__Ltext49                         text49        00000
__Ltext5                          text5         00000
__Ltext50                         text50        00000
__Ltext51                         text51        00000
__Ltext52                         text52        00000
__Ltext53                         text53        00000
__Ltext54                         text54        00000
__Ltext55                         text55        00000
__Ltext56                         text56        00000
__Ltext57                         text57        00000
__Ltext58                         text58        00000
__Ltext59                         text59        00000
__Ltext6                          text6         00000
__Ltext60                         text60        00000
__Ltext61                         text61        00000
__Ltext62                         text62        00000
__Ltext63                         text63        00000
__Ltext7                          text7         00000
__Ltext8                          text8         00000
__Ltext9                          text9         00000
__S0                              (abs)         10000
__S1                              (abs)         00223
___lwmod                          text36        013F4
___lwmod@counter                  cstackBANK1   001D3
___lwmod@dividend                 cstackBANK1   001CE
___lwmod@divisor                  cstackBANK1   001D0
___wmul                           text37        018DE
___wmul@multiplicand              cstackBANK1   001D0
___wmul@multiplier                cstackBANK1   001CE
___wmul@product                   cstackBANK1   001D2
__accesstop                       (abs)         00060
__activetblptr                    (abs)         00002
__end_of_Delay1KTCYx              text28        01F80
__end_of_FromMainHigh_sendmsg     text24        01E38
__end_of_FromMainLow_recvmsg      text22        01DB0
__end_of_FromMainLow_sendmsg      text19        01E0C
__end_of_I2CInit                  text29        01FFE
__end_of_I2CNak                   text32        01FB8
__end_of_I2CRead                  text34        01EF6
__end_of_I2CReadOneByte           text6         019A6
__end_of_I2CSend                  text33        01F42
__end_of_I2CStart                 text30        0200E
__end_of_I2CStop                  text31        0201E
__end_of_I2CWait                  text35        01F12
__end_of_InterruptHandlerHigh     intcode_body  01650
__end_of_InterruptHandlerLow      intcodelo     000C2
__end_of_Open1USART               text7         015C6
__end_of_OpenTimer0               text10        01E8E
__end_of_OpenTimer1               text9         01C42
__end_of_Read1USART               text42        01CB2
__end_of_ReadTimer1               text43        01FCA
__end_of_SleepIfOkay              text50        0152E
__end_of_ToMainHigh_recvmsg       text4         01D80
__end_of_ToMainHigh_sendmsg       text51        01E64
__end_of_ToMainLow_recvmsg        text1         01D50
__end_of_ToMainLow_sendmsg        text41        01ED8
__end_of_WriteTimer0              text54        01FEE
__end_of_WriteTimer1              text44        01FDC
__end_of___lwmod                  text36        01494
__end_of___wmul                   text37        01946
__end_of__initialization          cinit         01EAA
__end_of_block_on_To_msgqueues    text5         011E4
__end_of_check_msg                text27        01C7A
__end_of_enable_interrupts        text14        02030
__end_of_enter_sleep_mode         text52        02036
__end_of_handle_start             text53        0112E
__end_of_i2c_configure_slave      text8         013F4
__end_of_i2c_int_handler          text48        00860
__end_of_in_high_int              text17        01F6C
__end_of_in_low_int               text16        01A04
__end_of_in_main                  text15        01ABA
__end_of_init_queue               text21        0186C
__end_of_init_queues              text11        018DE
__end_of_init_timer1_lthread      text12        01FA6
__end_of_init_uart_recv           text13        01F2C
__end_of_main                     text0         00BC8
__end_of_memcpy                   text26        01B10
__end_of_recv_msg                 text23        00D08
__end_of_send_msg                 text25        00F4E
__end_of_start_i2c_slave_reply    text2         016D8
__end_of_timer0_int_handler       text49        01F58
__end_of_timer0_lthread           text3         02028
__end_of_timer1_int_handler       text39        01D20
__end_of_timer1_lthread           text18        017E6
__end_of_uart_lthread             text20        01BB4
__end_of_uart_recv_int_handler    text40        0129A
__end_ofi1_memcpy                 text46        01BFC
__end_ofi1_send_msg               text45        0134C
__end_ofi2_FromMainLow_recvmsg    text60        01DE0
__end_ofi2_check_msg              text58        01CEA
__end_ofi2_in_high_int            text56        01F94
__end_ofi2_in_low_int             text55        01A62
__end_ofi2_memcpy                 text62        01B66
__end_ofi2_recv_msg               text61        00E48
__end_ofi2_send_msg               text57        01054
__end_ofi2_start_i2c_slave_reply  text59        01760
__initialization                  cinit         01E8E
__mediumconst                     mediumconst   00000
__pbssBANK0                       bssBANK0      00060
__pbssBANK1                       bssBANK1      00100
__pbssCOMRAM                      bssCOMRAM     00032
__pcinit                          cinit         01E8E
__pcstackBANK0                    cstackBANK0   00099
__pcstackBANK1                    cstackBANK1   001CE
__pcstackBANK2                    cstackBANK2   00200
__pcstackCOMRAM                   cstackCOMRAM  00001
__pintcode                        intcode       00008
__pintcode_body                   intcode_body  015C6
__pintcodelo                      intcodelo     00018
__pnvCOMRAM                       nvCOMRAM      00030
__ptext0                          text0         00860
__ptext1                          text1         01D20
__ptext10                         text10        01E64
__ptext11                         text11        0186C
__ptext12                         text12        01F94
__ptext13                         text13        01F12
__ptext14                         text14        02028
__ptext15                         text15        01A62
__ptext16                         text16        019A6
__ptext17                         text17        01F58
__ptext18                         text18        01760
__ptext19                         text19        01DE0
__ptext2                          text2         01650
__ptext20                         text20        01B66
__ptext21                         text21        017E6
__ptext22                         text22        01D80
__ptext23                         text23        00BC8
__ptext24                         text24        01E0C
__ptext25                         text25        00E48
__ptext26                         text26        01ABA
__ptext27                         text27        01C42
__ptext28                         text28        01F6C
__ptext29                         text29        01FEE
__ptext3                          text3         0201E
__ptext30                         text30        01FFE
__ptext31                         text31        0200E
__ptext32                         text32        01FA6
__ptext33                         text33        01F2C
__ptext34                         text34        01ED8
__ptext35                         text35        01EF6
__ptext36                         text36        013F4
__ptext37                         text37        018DE
__ptext39                         text39        01CEA
__ptext4                          text4         01D50
__ptext40                         text40        011E4
__ptext41                         text41        01EB4
__ptext42                         text42        01C7A
__ptext43                         text43        01FB8
__ptext44                         text44        01FCA
__ptext45                         text45        0129A
__ptext46                         text46        01BB4
__ptext48                         text48        000C6
__ptext49                         text49        01F42
__ptext5                          text5         0112E
__ptext50                         text50        01494
__ptext51                         text51        01E38
__ptext52                         text52        02030
__ptext53                         text53        01054
__ptext54                         text54        01FDC
__ptext55                         text55        01A04
__ptext56                         text56        01F80
__ptext57                         text57        00F4E
__ptext58                         text58        01CB2
__ptext59                         text59        016D8
__ptext6                          text6         01946
__ptext60                         text60        01DB0
__ptext61                         text61        00D08
__ptext62                         text62        01B10
__ptext63                         text63        00000
__ptext7                          text7         0152E
__ptext8                          text8         0134C
__ptext9                          text9         01BFC
__ramtop                          ramtop        00F00
__size_of_Delay1KTCYx             (abs)         00000
__size_of_FromMainHigh_sendmsg    (abs)         00000
__size_of_FromMainLow_recvmsg     (abs)         00000
__size_of_FromMainLow_sendmsg     (abs)         00000
__size_of_I2CInit                 (abs)         00000
__size_of_I2CNak                  (abs)         00000
__size_of_I2CRead                 (abs)         00000
__size_of_I2CReadOneByte          (abs)         00000
__size_of_I2CSend                 (abs)         00000
__size_of_I2CStart                (abs)         00000
__size_of_I2CStop                 (abs)         00000
__size_of_I2CWait                 (abs)         00000
__size_of_InterruptHandlerHigh    (abs)         00000
__size_of_InterruptHandlerLow     (abs)         00000
__size_of_Open1USART              (abs)         00000
__size_of_OpenTimer0              (abs)         00000
__size_of_OpenTimer1              (abs)         00000
__size_of_Read1USART              (abs)         00000
__size_of_ReadTimer1              (abs)         00000
__size_of_SleepIfOkay             (abs)         00000
__size_of_ToMainHigh_recvmsg      (abs)         00000
__size_of_ToMainHigh_sendmsg      (abs)         00000
__size_of_ToMainLow_recvmsg       (abs)         00000
__size_of_ToMainLow_sendmsg       (abs)         00000
__size_of_WriteTimer0             (abs)         00000
__size_of_WriteTimer1             (abs)         00000
__size_of___lwmod                 (abs)         00000
__size_of___wmul                  (abs)         00000
__size_of_block_on_To_msgqueues   (abs)         00000
__size_of_check_msg               (abs)         00000
__size_of_enable_interrupts       (abs)         00000
__size_of_enter_sleep_mode        (abs)         00000
__size_of_handle_start            (abs)         00000
__size_of_i2c_configure_slave     (abs)         00000
__size_of_i2c_int_handler         (abs)         00000
__size_of_in_high_int             (abs)         00000
__size_of_in_low_int              (abs)         00000
__size_of_in_main                 (abs)         00000
__size_of_init_queue              (abs)         00000
__size_of_init_queues             (abs)         00000
__size_of_init_timer1_lthread     (abs)         00000
__size_of_init_uart_recv          (abs)         00000
__size_of_main                    (abs)         00000
__size_of_memcpy                  (abs)         00000
__size_of_recv_msg                (abs)         00000
__size_of_send_msg                (abs)         00000
__size_of_start_i2c_slave_reply   (abs)         00000
__size_of_timer0_int_handler      (abs)         00000
__size_of_timer0_lthread          (abs)         00000
__size_of_timer1_int_handler      (abs)         00000
__size_of_timer1_lthread          (abs)         00000
__size_of_uart_lthread            (abs)         00000
__size_of_uart_recv_int_handler   (abs)         00000
__size_ofi1_memcpy                (abs)         00000
__size_ofi1_send_msg              (abs)         00000
__size_ofi2_FromMainLow_recvmsg   (abs)         00000
__size_ofi2_check_msg             (abs)         00000
__size_ofi2_in_high_int           (abs)         00000
__size_ofi2_in_low_int            (abs)         00000
__size_ofi2_memcpy                (abs)         00000
__size_ofi2_recv_msg              (abs)         00000
__size_ofi2_send_msg              (abs)         00000
__size_ofi2_start_i2c_slave_reply (abs)         00000
__smallconst                      smallconst    00000
_block_on_To_msgqueues            text5         0112E
_check_msg                        text27        01C42
_enable_interrupts                text14        02028
_enter_sleep_mode                 text52        02030
_handle_start                     text53        01054
_i2c_addressable_registers        bssBANK1      00100
_i2c_configure_slave              text8         0134C
_i2c_int_handler                  text48        000C6
_ic_ptr                           bssBANK0      00060
_in_high_int                      text17        01F58
_in_low_int                       text16        019A6
_in_main                          text15        01A62
_init_queue                       text21        017E6
_init_queues                      text11        0186C
_init_timer1_lthread              text12        01F94
_init_uart_recv                   text13        01F12
_main                             text0         00860
_memcpy                           text26        01ABA
_recv_msg                         text23        00BC8
_send_msg                         text25        00E48
_start_i2c_slave_reply            text2         01650
_timer0_int_handler               text49        01F42
_timer0_lthread                   text3         0201E
_timer1_int_handler               text39        01CEA
_timer1_lthread                   text18        01760
_uart_lthread                     text20        01B66
_uart_recv_int_handler            text40        011E4
_uc_ptr                           nvCOMRAM      00030
check_msg@qptr                    cstackBANK1   001CE
end_of_initialization             cinit         01EAA
handle_start@data_read            cstackBANK0   00099
i1_memcpy                         text46        01BB4
i1_send_msg                       text45        0129A
i1memcpy@d                        cstackCOMRAM  00007
i1memcpy@d1                       cstackCOMRAM  00001
i1memcpy@n                        cstackCOMRAM  00005
i1memcpy@s                        cstackCOMRAM  00009
i1memcpy@s1                       cstackCOMRAM  00003
i1send_msg@data                   cstackCOMRAM  0000F
i1send_msg@length                 cstackCOMRAM  0000D
i1send_msg@msgtype                cstackCOMRAM  0000E
i1send_msg@qmsg                   cstackCOMRAM  00015
i1send_msg@qptr                   cstackCOMRAM  0000B
i1send_msg@slot                   cstackCOMRAM  00014
i1send_msg@tlength                cstackCOMRAM  00012
i2FromMainLow_recvmsg@data        cstackBANK0   000B4
i2FromMainLow_recvmsg@maxlength   cstackBANK0   000B1
i2FromMainLow_recvmsg@msgtype     cstackBANK0   000B2
i2_FromMainLow_recvmsg            text60        01DB0
i2_check_msg                      text58        01CB2
i2_in_high_int                    text56        01F80
i2_in_low_int                     text55        01A04
i2_memcpy                         text62        01B10
i2_recv_msg                       text61        00D08
i2_send_msg                       text57        00F4E
i2_start_i2c_slave_reply          text59        016D8
i2c_configure_slave@addr          cstackBANK1   001D4
i2c_configure_slave@i             cstackBANK1   001D5
i2c_int_handler@data_read         cstackBANK0   000C3
i2c_int_handler@data_written      cstackBANK0   000BE
i2c_int_handler@error_buf         cstackBANK0   000BB
i2c_int_handler@i2c_data          cstackBANK0   000C0
i2c_int_handler@msg_ready         cstackBANK0   000C2
i2c_int_handler@msg_to_send       cstackBANK0   000C1
i2c_int_handler@overrun_error     cstackBANK0   000BF
i2check_msg@qptr                  cstackBANK0   00099
i2memcpy@d                        cstackBANK0   0009F
i2memcpy@d1                       cstackBANK0   00099
i2memcpy@n                        cstackBANK0   0009D
i2memcpy@s                        cstackBANK0   000A1
i2memcpy@s1                       cstackBANK0   0009B
i2recv_msg@data                   cstackBANK0   000A8
i2recv_msg@maxlength              cstackBANK0   000A5
i2recv_msg@msgtype                cstackBANK0   000A6
i2recv_msg@qmsg                   cstackBANK0   000AF
i2recv_msg@qptr                   cstackBANK0   000A3
i2recv_msg@slot                   cstackBANK0   000AC
i2recv_msg@tlength                cstackBANK0   000AD
i2send_msg@data                   cstackBANK0   000A7
i2send_msg@length                 cstackBANK0   000A5
i2send_msg@msgtype                cstackBANK0   000A6
i2send_msg@qmsg                   cstackBANK0   000AD
i2send_msg@qptr                   cstackBANK0   000A3
i2send_msg@slot                   cstackBANK0   000AC
i2send_msg@tlength                cstackBANK0   000AA
i2start_i2c_slave_reply@msgType   cstackBANK0   000B8
init_queue@i                      cstackBANK1   001D1
init_queue@qptr                   cstackBANK1   001CE
init_timer1_lthread@tptr          cstackBANK1   001CE
init_uart_recv@uc                 cstackBANK1   001CE
int_func                          intcode_body  015C6
intlevel0                         text          00000
intlevel1                         text          00000
intlevel2                         text          00000
intlevel3                         text          00000
main@ADCBufferLen                 cstackBANK2   00219
main@ADCbufferI2C                 cstackBANK2   00200
main@last_reg_recvd               cstackBANK2   00208
main@length                       cstackBANK2   00221
main@msgbuffer                    cstackBANK2   0020E
main@msgtype                      cstackBANK2   00222
main@out                          cstackBANK2   00209
main@t0thread_data                cstackBANK2   0020C
main@t1thread_data                cstackBANK2   0021A
main@uc                           cstackBANK2   0021C
main@uthread_data                 cstackBANK2   0020A
memcpy@d                          cstackBANK1   001D4
memcpy@d1                         cstackBANK1   001CE
memcpy@n                          cstackBANK1   001D2
memcpy@s                          cstackBANK1   001D6
memcpy@s1                         cstackBANK1   001D0
recv_msg@data                     cstackBANK1   001DD
recv_msg@maxlength                cstackBANK1   001DA
recv_msg@msgtype                  cstackBANK1   001DB
recv_msg@qmsg                     cstackBANK1   001E4
recv_msg@qptr                     cstackBANK1   001D8
recv_msg@slot                     cstackBANK1   001E1
recv_msg@tlength                  cstackBANK1   001E2
send_msg@data                     cstackBANK1   001DC
send_msg@length                   cstackBANK1   001DA
send_msg@msgtype                  cstackBANK1   001DB
send_msg@qmsg                     cstackBANK1   001E2
send_msg@qptr                     cstackBANK1   001D8
send_msg@slot                     cstackBANK1   001E1
send_msg@tlength                  cstackBANK1   001DF
start                             init          000C2
start_i2c_slave_reply@msgType     cstackBANK1   001F1
start_initialization              cinit         01E8E
timer0_lthread@msgbuffer          cstackBANK1   001D4
timer0_lthread@msgval             cstackBANK1   001D6
timer1_int_handler@result         cstackCOMRAM  0001D
timer1_lthread@retval             cstackBANK1   001F2
timer1_lthread@tptr               cstackBANK1   001E8
uart_lthread@length               cstackBANK1   001D2
uart_lthread@msgbuffer            cstackBANK1   001D4
uart_lthread@msgtype              cstackBANK1   001D0


FUNCTION INFORMATION:

 *************** function _main *****************
 Defined at:
		line 125 in file "../src/main.c"
 Parameters:    Size  Location     Type
		None
 Auto vars:     Size  Location     Type
  ic             28    0        struct __i2c_comm
  msgbuffer      11   14[BANK2 ] unsigned char [11]
  ADCbufferI2C    8    0[BANK2 ] unsigned char [8]
  uc              5   28[BANK2 ] struct __uart_comm
  t1thread_dat    2   26[BANK2 ] struct __timer1_thread_s
  t0thread_dat    2   12[BANK2 ] struct __timer0_thread_s
  uthread_data    2   10[BANK2 ] struct __uart_thread_str
  msgtype         1   34[BANK2 ] unsigned char 
  length          1   33[BANK2 ] char 
  ADCBufferLen    1   25[BANK2 ] unsigned char 
  out             1    9[BANK2 ] unsigned char 
  last_reg_rec    1    8[BANK2 ] unsigned char 
  i               1    0        unsigned char 
  c               1    0        unsigned char 
 Return value:  Size  Location     Type
		None               void
 Registers used:
		wreg, fsr0l, fsr0h, fsr1l, fsr1h, fsr2l, fsr2h, status,2, status,0, pclat, tosl, structret, tblptrl, tblptrh, tblptru, prodl, prodh, bsr, cstack
 Tracked objects:
		On entry : 
		On exit  : 
		Unchanged: 
 Data sizes:     COMRAM   BANK0   BANK1   BANK2   BANK3   BANK4   BANK5   BANK6   BANK7   BANK8   BANK9  BANK10  BANK11  BANK12  BANK13  BANK14
      Params:         0       0       0       0       0       0       0       0       0       0       0       0       0       0       0       0
      Locals:         0       0       0      35       0       0       0       0       0       0       0       0       0       0       0       0
      Temps:          0       0       2       0       0       0       0       0       0       0       0       0       0       0       0       0
      Totals:         0       0       2      35       0       0       0       0       0       0       0       0       0       0       0       0
Total ram usage:       37 bytes
 Hardware stack levels required when called:   15
 This function calls:
		_init_uart_recv
		_init_timer1_lthread
		_init_queues
		_OpenTimer0
		_OpenTimer1
		_i2c_configure_slave
		_Open1USART
		_enable_interrupts
		_I2CReadOneByte
		_block_on_To_msgqueues
		_ToMainHigh_recvmsg
		_timer0_lthread
		_start_i2c_slave_reply
		_ToMainLow_recvmsg
		_timer1_lthread
		_FromMainLow_sendmsg
		_uart_lthread
 This function is called by:
		Startup code after reset
 This function uses a non-reentrant model


 *************** function _ToMainLow_recvmsg *****************
 Defined at:
		line 110 in file "../src/messages.c"
 Parameters:    Size  Location     Type
  maxlength       1   24[BANK1 ] unsigned char 
  msgtype         2   25[BANK1 ] PTR unsigned char 
		 -> main@msgtype(1), 
  data            2   27[BANK1 ] PTR void 
		 -> main@msgbuffer(11), 
 Auto vars:     Size  Location     Type
		None
 Return value:  Size  Location     Type
                  1    wreg      char 
 Registers used:
		wreg, fsr1l, fsr1h, fsr2l, fsr2h, status,2, status,0, prodl, prodh, cstack
 Tracked objects:
		On entry : 
		On exit  : 
		Unchanged: 
 Data sizes:     COMRAM   BANK0   BANK1   BANK2   BANK3   BANK4   BANK5   BANK6   BANK7   BANK8   BANK9  BANK10  BANK11  BANK12  BANK13  BANK14
      Params:         0       0       5       0       0       0       0       0       0       0       0       0       0       0       0       0
      Locals:         0       0       0       0       0       0       0       0       0       0       0       0       0       0       0       0
      Temps:          0       0       0       0       0       0       0       0       0       0       0       0       0       0       0       0
      Totals:         0       0       5       0       0       0       0       0       0       0       0       0       0       0       0       0
Total ram usage:        5 bytes
 Hardware stack levels used:    1
 Hardware stack levels required when called:   13
 This function calls:
		_recv_msg
 This function is called by:
		_main
 This function uses a non-reentrant model


 *************** function _start_i2c_slave_reply *****************
 Defined at:
		line 62 in file "../src/my_i2c.c"
 Parameters:    Size  Location     Type
		None
 Auto vars:     Size  Location     Type
  msgType         1   35[BANK1 ] const unsigned char 
 Return value:  Size  Location     Type
		None               void
 Registers used:
		wreg, fsr1l, fsr1h, fsr2l, fsr2h, status,2, status,0, prodl, prodh, cstack
 Tracked objects:
		On entry : 
		On exit  : 
		Unchanged: 
 Data sizes:     COMRAM   BANK0   BANK1   BANK2   BANK3   BANK4   BANK5   BANK6   BANK7   BANK8   BANK9  BANK10  BANK11  BANK12  BANK13  BANK14
      Params:         0       0       4       0       0       0       0       0       0       0       0       0       0       0       0       0
      Locals:         0       0       1       0       0       0       0       0       0       0       0       0       0       0       0       0
      Temps:          0       0       2       0       0       0       0       0       0       0       0       0       0       0       0       0
      Totals:         0       0       7       0       0       0       0       0       0       0       0       0       0       0       0       0
Total ram usage:        7 bytes
 Hardware stack levels used:    1
 Hardware stack levels required when called:   14
 This function calls:
		_FromMainLow_recvmsg
 This function is called by:
		_main
 This function uses a non-reentrant model


 *************** function _timer0_lthread *****************
 Defined at:
		line 9 in file "../src/timer0_thread.c"
 Parameters:    Size  Location     Type
  tptr            2    0[BANK1 ] PTR struct __timer0_thre
		 -> main@t0thread_data(2), 
  msgtype         2    2[BANK1 ] int 
  length          2    4[BANK1 ] int 
  msgbuffer       2    6[BANK1 ] PTR unsigned char 
		 -> main@msgbuffer(11), 
 Auto vars:     Size  Location     Type
  msgval          2    8[BANK1 ] PTR unsigned int 
		 -> main@msgbuffer(11), 
 Return value:  Size  Location     Type
                  2    0[BANK1 ] int 
 Registers used:
		None
 Tracked objects:
		On entry : 
		On exit  : 
		Unchanged: 
 Data sizes:     COMRAM   BANK0   BANK1   BANK2   BANK3   BANK4   BANK5   BANK6   BANK7   BANK8   BANK9  BANK10  BANK11  BANK12  BANK13  BANK14
      Params:         0       0       8       0       0       0       0       0       0       0       0       0       0       0       0       0
      Locals:         0       0       2       0       0       0       0       0       0       0       0       0       0       0       0       0
      Temps:          0       0       0       0       0       0       0       0       0       0       0       0       0       0       0       0
      Totals:         0       0      10       0       0       0       0       0       0       0       0       0       0       0       0       0
Total ram usage:       10 bytes
 Hardware stack levels used:    1
 Hardware stack levels required when called:   11
 This function calls:
		Nothing
 This function is called by:
		_main
 This function uses a non-reentrant model


 *************** function _ToMainHigh_recvmsg *****************
 Defined at:
		line 133 in file "../src/messages.c"
 Parameters:    Size  Location     Type
  maxlength       1   24[BANK1 ] unsigned char 
  msgtype         2   25[BANK1 ] PTR unsigned char 
		 -> main@msgtype(1), 
  data            2   27[BANK1 ] PTR void 
		 -> main@msgbuffer(11), 
 Auto vars:     Size  Location     Type
		None
 Return value:  Size  Location     Type
                  1    wreg      char 
 Registers used:
		wreg, fsr1l, fsr1h, fsr2l, fsr2h, status,2, status,0, prodl, prodh, cstack
 Tracked objects:
		On entry : 
		On exit  : 
		Unchanged: 
 Data sizes:     COMRAM   BANK0   BANK1   BANK2   BANK3   BANK4   BANK5   BANK6   BANK7   BANK8   BANK9  BANK10  BANK11  BANK12  BANK13  BANK14
      Params:         0       0       5       0       0       0       0       0       0       0       0       0       0       0       0       0
      Locals:         0       0       0       0       0       0       0       0       0       0       0       0       0       0       0       0
      Temps:          0       0       0       0       0       0       0       0       0       0       0       0       0       0       0       0
      Totals:         0       0       5       0       0       0       0       0       0       0       0       0       0       0       0       0
Total ram usage:        5 bytes
 Hardware stack levels used:    1
 Hardware stack levels required when called:   13
 This function calls:
		_recv_msg
 This function is called by:
		_main
 This function uses a non-reentrant model


 *************** function _block_on_To_msgqueues *****************
 Defined at:
		line 256 in file "../src/messages.c"
 Parameters:    Size  Location     Type
		None
 Auto vars:     Size  Location     Type
		None
 Return value:  Size  Location     Type
		None               void
 Registers used:
		wreg, fsr2l, fsr2h, status,2, status,0, prodl, prodh, cstack
 Tracked objects:
		On entry : 
		On exit  : 
		Unchanged: 
 Data sizes:     COMRAM   BANK0   BANK1   BANK2   BANK3   BANK4   BANK5   BANK6   BANK7   BANK8   BANK9  BANK10  BANK11  BANK12  BANK13  BANK14
      Params:         0       0       0       0       0       0       0       0       0       0       0       0       0       0       0       0
      Locals:         0       0       0       0       0       0       0       0       0       0       0       0       0       0       0       0
      Temps:          0       0       1       0       0       0       0       0       0       0       0       0       0       0       0       0
      Totals:         0       0       1       0       0       0       0       0       0       0       0       0       0       0       0       0
Total ram usage:        1 bytes
 Hardware stack levels used:    1
 Hardware stack levels required when called:   14
 This function calls:
		_in_main
		_check_msg
		_Delay1KTCYx
 This function is called by:
		_main
 This function uses a non-reentrant model


 *************** function _I2CReadOneByte *****************
 Defined at:
		line 117 in file "../src/i2cMaster.c"
 Parameters:    Size  Location     Type
  id              1    1[BANK1 ] unsigned char 
  registerAddr    1    2[BANK1 ] unsigned char 
 Auto vars:     Size  Location     Type
  out             1    3[BANK1 ] unsigned char 
 Return value:  Size  Location     Type
                  1    wreg      unsigned char 
 Registers used:
		wreg, status,2, status,0, cstack
 Tracked objects:
		On entry : 
		On exit  : 
		Unchanged: 
 Data sizes:     COMRAM   BANK0   BANK1   BANK2   BANK3   BANK4   BANK5   BANK6   BANK7   BANK8   BANK9  BANK10  BANK11  BANK12  BANK13  BANK14
      Params:         0       0       2       0       0       0       0       0       0       0       0       0       0       0       0       0
      Locals:         0       0       1       0       0       0       0       0       0       0       0       0       0       0       0       0
      Temps:          0       0       0       0       0       0       0       0       0       0       0       0       0       0       0       0
      Totals:         0       0       3       0       0       0       0       0       0       0       0       0       0       0       0       0
Total ram usage:        3 bytes
 Hardware stack levels used:    1
 Hardware stack levels required when called:   13
 This function calls:
		_I2CInit
		_I2CStart
		_I2CSend
		_I2CStop
		_I2CRead
		_I2CNak
 This function is called by:
		_main
 This function uses a non-reentrant model


 *************** function _Open1USART *****************
 Defined at:
		line 125 in file "plib/USART/u1open.c"
 Parameters:    Size  Location     Type
  config          1    0[BANK1 ] unsigned char 
  spbrg           2    1[BANK1 ] unsigned int 
 Auto vars:     Size  Location     Type
		None
 Return value:  Size  Location     Type
		None               void
 Registers used:
		wreg, status,2
 Tracked objects:
		On entry : 
		On exit  : 
		Unchanged: 
 Data sizes:     COMRAM   BANK0   BANK1   BANK2   BANK3   BANK4   BANK5   BANK6   BANK7   BANK8   BANK9  BANK10  BANK11  BANK12  BANK13  BANK14
      Params:         0       0       3       0       0       0       0       0       0       0       0       0       0       0       0       0
      Locals:         0       0       0       0       0       0       0       0       0       0       0       0       0       0       0       0
      Temps:          0       0       0       0       0       0       0       0       0       0       0       0       0       0       0       0
      Totals:         0       0       3       0       0       0       0       0       0       0       0       0       0       0       0       0
Total ram usage:        3 bytes
 Hardware stack levels used:    1
 Hardware stack levels required when called:   11
 This function calls:
		Nothing
 This function is called by:
		_main
 This function uses a non-reentrant model


 *************** function _i2c_configure_slave *****************
 Defined at:
		line 293 in file "../src/my_i2c.c"
 Parameters:    Size  Location     Type
  addr            1    6[BANK1 ] unsigned char 
 Auto vars:     Size  Location     Type
  i               2    7[BANK1 ] int 
 Return value:  Size  Location     Type
		None               void
 Registers used:
		wreg, fsr2l, fsr2h, status,2, status,0, cstack
 Tracked objects:
		On entry : 
		On exit  : 
		Unchanged: 
 Data sizes:     COMRAM   BANK0   BANK1   BANK2   BANK3   BANK4   BANK5   BANK6   BANK7   BANK8   BANK9  BANK10  BANK11  BANK12  BANK13  BANK14
      Params:         0       0       1       0       0       0       0       0       0       0       0       0       0       0       0       0
      Locals:         0       0       2       0       0       0       0       0       0       0       0       0       0       0       0       0
      Temps:          0       0       0       0       0       0       0       0       0       0       0       0       0       0       0       0
      Totals:         0       0       3       0       0       0       0       0       0       0       0       0       0       0       0       0
Total ram usage:        3 bytes
 Hardware stack levels used:    1
 Hardware stack levels required when called:   12
 This function calls:
		___wmul
 This function is called by:
		_main
 This function uses a non-reentrant model


 *************** function _OpenTimer1 *****************
 Defined at:
		line 44 in file "plib/Timers/t1open.c"
 Parameters:    Size  Location     Type
  config          1    0[BANK1 ] unsigned char 
  config1         1    1[BANK1 ] unsigned char 
 Auto vars:     Size  Location     Type
		None
 Return value:  Size  Location     Type
		None               void
 Registers used:
		wreg, status,2, status,0
 Tracked objects:
		On entry : 
		On exit  : 
		Unchanged: 
 Data sizes:     COMRAM   BANK0   BANK1   BANK2   BANK3   BANK4   BANK5   BANK6   BANK7   BANK8   BANK9  BANK10  BANK11  BANK12  BANK13  BANK14
      Params:         0       0       2       0       0       0       0       0       0       0       0       0       0       0       0       0
      Locals:         0       0       0       0       0       0       0       0       0       0       0       0       0       0       0       0
      Temps:          0       0       1       0       0       0       0       0       0       0       0       0       0       0       0       0
      Totals:         0       0       3       0       0       0       0       0       0       0       0       0       0       0       0       0
Total ram usage:        3 bytes
 Hardware stack levels used:    1
 Hardware stack levels required when called:   11
 This function calls:
		Nothing
 This function is called by:
		_main
 This function uses a non-reentrant model


 *************** function _OpenTimer0 *****************
 Defined at:
		line 19 in file "plib/Timers/t0open.c"
 Parameters:    Size  Location     Type
  config          1    0[BANK1 ] unsigned char 
 Auto vars:     Size  Location     Type
		None
 Return value:  Size  Location     Type
		None               void
 Registers used:
		wreg, status,2, status,0
 Tracked objects:
		On entry : 
		On exit  : 
		Unchanged: 
 Data sizes:     COMRAM   BANK0   BANK1   BANK2   BANK3   BANK4   BANK5   BANK6   BANK7   BANK8   BANK9  BANK10  BANK11  BANK12  BANK13  BANK14
      Params:         0       0       1       0       0       0       0       0       0       0       0       0       0       0       0       0
      Locals:         0       0       0       0       0       0       0       0       0       0       0       0       0       0       0       0
      Temps:          0       0       0       0       0       0       0       0       0       0       0       0       0       0       0       0
      Totals:         0       0       1       0       0       0       0       0       0       0       0       0       0       0       0       0
Total ram usage:        1 bytes
 Hardware stack levels used:    1
 Hardware stack levels required when called:   11
 This function calls:
		Nothing
 This function is called by:
		_main
 This function uses a non-reentrant model


 *************** function _init_queues *****************
 Defined at:
		line 192 in file "../src/messages.c"
 Parameters:    Size  Location     Type
		None
 Auto vars:     Size  Location     Type
		None
 Return value:  Size  Location     Type
		None               void
 Registers used:
		wreg, fsr2l, fsr2h, status,2, status,0, prodl, prodh, cstack
 Tracked objects:
		On entry : 
		On exit  : 
		Unchanged: 
 Data sizes:     COMRAM   BANK0   BANK1   BANK2   BANK3   BANK4   BANK5   BANK6   BANK7   BANK8   BANK9  BANK10  BANK11  BANK12  BANK13  BANK14
      Params:         0       0       0       0       0       0       0       0       0       0       0       0       0       0       0       0
      Locals:         0       0       0       0       0       0       0       0       0       0       0       0       0       0       0       0
      Temps:          0       0       1       0       0       0       0       0       0       0       0       0       0       0       0       0
      Totals:         0       0       1       0       0       0       0       0       0       0       0       0       0       0       0       0
Total ram usage:        1 bytes
 Hardware stack levels used:    1
 Hardware stack levels required when called:   12
 This function calls:
		_init_queue
 This function is called by:
		_main
 This function uses a non-reentrant model


 *************** function _init_timer1_lthread *****************
 Defined at:
[...]
      Locals:         0       0       0       0       0       0       0       0       0       0       0       0       0       0       0       0
      Temps:          0       0       0       0       0       0       0       0       0       0       0       0       0       0       0       0
      Totals:         0       1       0       0       0       0       0       0       0       0       0       0       0       0       0       0
Total ram usage:        1 bytes
 Hardware stack levels used:    1
 This function calls:
		Nothing
 This function is called by:
		_i2c_int_handler
 This function uses a non-reentrant model


 *************** function _WriteTimer0 *****************
 Defined at:
		line 17 in file "plib/Timers/t0write.c"
 Parameters:    Size  Location     Type
  timer0          2    0[BANK0 ] unsigned int 
 Auto vars:     Size  Location     Type
  timer           2    2[BANK0 ] struct Timers
 Return value:  Size  Location     Type
		None               void
 Registers used:
		None
 Tracked objects:
		On entry : 
		On exit  : 
		Unchanged: 
 Data sizes:     COMRAM   BANK0   BANK1   BANK2   BANK3   BANK4   BANK5   BANK6   BANK7   BANK8   BANK9  BANK10  BANK11  BANK12  BANK13  BANK14
      Params:         0       2       0       0       0       0       0       0       0       0       0       0       0       0       0       0
      Locals:         0       2       0       0       0       0       0       0       0       0       0       0       0       0       0       0
      Temps:          0       0       0       0       0       0       0       0       0       0       0       0       0       0       0       0
      Totals:         0       4       0       0       0       0       0       0       0       0       0       0       0       0       0       0
Total ram usage:        4 bytes
 Hardware stack levels used:    1
 This function calls:
		Nothing
 This function is called by:
		_timer0_int_handler
 This function uses a non-reentrant model


 *************** function i2_in_low_int *****************
 Defined at:
		line 30 in file "../src/interrupts.c"
 Parameters:    Size  Location     Type
		None
 Auto vars:     Size  Location     Type
		None
 Return value:  Size  Location     Type
                  2    2[BANK0 ] int 
 Registers used:
		wreg, status,2, status,0, cstack
 Tracked objects:
		On entry : 
		On exit  : 
		Unchanged: 
 Data sizes:     COMRAM   BANK0   BANK1   BANK2   BANK3   BANK4   BANK5   BANK6   BANK7   BANK8   BANK9  BANK10  BANK11  BANK12  BANK13  BANK14
      Params:         0       2       0       0       0       0       0       0       0       0       0       0       0       0       0       0
      Locals:         0       0       0       0       0       0       0       0       0       0       0       0       0       0       0       0
      Temps:          0       0       0       0       0       0       0       0       0       0       0       0       0       0       0       0
      Totals:         0       2       0       0       0       0       0       0       0       0       0       0       0       0       0       0
Total ram usage:        2 bytes
 Hardware stack levels used:    1
 Hardware stack levels required when called:    1
 This function calls:
		i2_in_high_int
 This function is called by:
		_SleepIfOkay
 This function uses a non-reentrant model


 *************** function i2_in_high_int *****************
 Defined at:
		line 22 in file "../src/interrupts.c"
 Parameters:    Size  Location     Type
		None
 Auto vars:     Size  Location     Type
		None
 Return value:  Size  Location     Type
                  2    0[BANK0 ] int 
 Registers used:
		wreg, status,2
 Tracked objects:
		On entry : 
		On exit  : 
		Unchanged: 
 Data sizes:     COMRAM   BANK0   BANK1   BANK2   BANK3   BANK4   BANK5   BANK6   BANK7   BANK8   BANK9  BANK10  BANK11  BANK12  BANK13  BANK14
      Params:         0       2       0       0       0       0       0       0       0       0       0       0       0       0       0       0
      Locals:         0       0       0       0       0       0       0       0       0       0       0       0       0       0       0       0
      Temps:          0       0       0       0       0       0       0       0       0       0       0       0       0       0       0       0
      Totals:         0       2       0       0       0       0       0       0       0       0       0       0       0       0       0       0
Total ram usage:        2 bytes
 Hardware stack levels used:    1
 This function calls:
		Nothing
 This function is called by:
		_SleepIfOkay
		i2_in_low_int
 This function uses a non-reentrant model


 *************** function i2_send_msg *****************
 Defined at:
		line 24 in file "../src/messages.c"
 Parameters:    Size  Location     Type
  send_msg        2   10[BANK0 ] PTR struct __msg_queue
		 -> FromMainHigh_MQ(54), FromMainLow_MQ(54), ToMainHigh_MQ(54), ToMainLow_MQ(54), 
  send_msg        1   12[BANK0 ] unsigned char 
  send_msg        1   13[BANK0 ] unsigned char 
  send_msg        2   14[BANK0 ] PTR void 
		 -> NULL(0), i2c_int_handler@error_buf(3), main@msgbuffer(11), main@t1thread_data(2), 
		 -> main@uc(5), 
 Auto vars:     Size  Location     Type
  send_msg        2   20[BANK0 ] PTR struct __msg
		 -> FromMainHigh_MQ(54), FromMainLow_MQ(54), ToMainHigh_MQ(54), ToMainLow_MQ(54), 
  send_msg        2   17[BANK0 ] unsigned int 
  send_msg        1   19[BANK0 ] unsigned char 
 Return value:  Size  Location     Type
                  1    wreg      char 
 Registers used:
		wreg, fsr1l, fsr1h, fsr2l, fsr2h, status,2, status,0, prodl, prodh, cstack
 Tracked objects:
		On entry : 
		On exit  : 
		Unchanged: 
 Data sizes:     COMRAM   BANK0   BANK1   BANK2   BANK3   BANK4   BANK5   BANK6   BANK7   BANK8   BANK9  BANK10  BANK11  BANK12  BANK13  BANK14
      Params:         0       6       0       0       0       0       0       0       0       0       0       0       0       0       0       0
      Locals:         0       5       0       0       0       0       0       0       0       0       0       0       0       0       0       0
      Temps:          0       1       0       0       0       0       0       0       0       0       0       0       0       0       0       0
      Totals:         0      12       0       0       0       0       0       0       0       0       0       0       0       0       0       0
Total ram usage:       12 bytes
 Hardware stack levels used:    1
 Hardware stack levels required when called:    1
 This function calls:
		i2_memcpy
 This function is called by:
		_ToMainHigh_sendmsg
 This function uses a non-reentrant model


 *************** function i2_check_msg *****************
 Defined at:
		line 220 in file "../src/messages.c"
 Parameters:    Size  Location     Type
  check_msg       2    0[BANK0 ] PTR struct __msg_queue
		 -> ToMainHigh_MQ(54), ToMainLow_MQ(54), 
 Auto vars:     Size  Location     Type
		None
 Return value:  Size  Location     Type
                  1    wreg      unsigned char 
 Registers used:
		wreg, fsr2l, fsr2h, status,2, status,0, prodl, prodh
 Tracked objects:
		On entry : 
		On exit  : 
		Unchanged: 
 Data sizes:     COMRAM   BANK0   BANK1   BANK2   BANK3   BANK4   BANK5   BANK6   BANK7   BANK8   BANK9  BANK10  BANK11  BANK12  BANK13  BANK14
      Params:         0       2       0       0       0       0       0       0       0       0       0       0       0       0       0       0
      Locals:         0       0       0       0       0       0       0       0       0       0       0       0       0       0       0       0
      Temps:          0       1       0       0       0       0       0       0       0       0       0       0       0       0       0       0
      Totals:         0       3       0       0       0       0       0       0       0       0       0       0       0       0       0       0
Total ram usage:        3 bytes
 Hardware stack levels used:    1
 This function calls:
		Nothing
 This function is called by:
		_SleepIfOkay
 This function uses a non-reentrant model


 *************** function i2_start_i2c_slave_reply *****************
 Defined at:
		line 62 in file "../src/my_i2c.c"
 Parameters:    Size  Location     Type
		None
 Auto vars:     Size  Location     Type
  start_i2c_sl    1   31[BANK0 ] const unsigned char 
 Return value:  Size  Location     Type
		None               void
 Registers used:
		wreg, fsr1l, fsr1h, fsr2l, fsr2h, status,2, status,0, prodl, prodh, cstack
 Tracked objects:
		On entry : 
		On exit  : 
		Unchanged: 
 Data sizes:     COMRAM   BANK0   BANK1   BANK2   BANK3   BANK4   BANK5   BANK6   BANK7   BANK8   BANK9  BANK10  BANK11  BANK12  BANK13  BANK14
      Params:         0       0       0       0       0       0       0       0       0       0       0       0       0       0       0       0
      Locals:         0       1       0       0       0       0       0       0       0       0       0       0       0       0       0       0
      Temps:          0       2       0       0       0       0       0       0       0       0       0       0       0       0       0       0
      Totals:         0       3       0       0       0       0       0       0       0       0       0       0       0       0       0       0
Total ram usage:        3 bytes
 Hardware stack levels used:    1
 Hardware stack levels required when called:    3
 This function calls:
		i2_FromMainLow_recvmsg
 This function is called by:
		_i2c_int_handler
 This function uses a non-reentrant model


 *************** function i2_FromMainLow_recvmsg *****************
 Defined at:
		line 157 in file "../src/messages.c"
 Parameters:    Size  Location     Type
  FromMainLow_    1   24[BANK0 ] unsigned char 
  FromMainLow_    2   25[BANK0 ] PTR unsigned char 
		 -> RAM(3775), 
  FromMainLow_    2   27[BANK0 ] PTR void 
		 -> NULL(0), 
 Auto vars:     Size  Location     Type
		None
 Return value:  Size  Location     Type
                  1    wreg      char 
 Registers used:
		wreg, fsr1l, fsr1h, fsr2l, fsr2h, status,2, status,0, prodl, prodh, cstack
 Tracked objects:
		On entry : 
		On exit  : 
		Unchanged: 
 Data sizes:     COMRAM   BANK0   BANK1   BANK2   BANK3   BANK4   BANK5   BANK6   BANK7   BANK8   BANK9  BANK10  BANK11  BANK12  BANK13  BANK14
      Params:         0       5       0       0       0       0       0       0       0       0       0       0       0       0       0       0
      Locals:         0       0       0       0       0       0       0       0       0       0       0       0       0       0       0       0
      Temps:          0       0       0       0       0       0       0       0       0       0       0       0       0       0       0       0
      Totals:         0       5       0       0       0       0       0       0       0       0       0       0       0       0       0       0
Total ram usage:        5 bytes
 Hardware stack levels used:    1
 Hardware stack levels required when called:    2
 This function calls:
		i2_recv_msg
 This function is called by:
		i2_start_i2c_slave_reply
 This function uses a non-reentrant model


 *************** function i2_recv_msg *****************
 Defined at:
		line 61 in file "../src/messages.c"
 Parameters:    Size  Location     Type
  recv_msg        2   10[BANK0 ] PTR struct __msg_queue
		 -> FromMainHigh_MQ(54), FromMainLow_MQ(54), ToMainHigh_MQ(54), ToMainLow_MQ(54), 
  recv_msg        1   12[BANK0 ] unsigned char 
  recv_msg        2   13[BANK0 ] PTR unsigned char 
		 -> RAM(3775), main@msgtype(1), 
  recv_msg        2   15[BANK0 ] PTR void 
		 -> NULL(0), main@msgbuffer(11), 
 Auto vars:     Size  Location     Type
  recv_msg        2   22[BANK0 ] PTR struct __msg
		 -> FromMainHigh_MQ(54), FromMainLow_MQ(54), ToMainHigh_MQ(54), ToMainLow_MQ(54), 
  recv_msg        2   20[BANK0 ] unsigned int 
  recv_msg        1   19[BANK0 ] unsigned char 
 Return value:  Size  Location     Type
                  1    wreg      char 
 Registers used:
		wreg, fsr1l, fsr1h, fsr2l, fsr2h, status,2, status,0, prodl, prodh, cstack
 Tracked objects:
		On entry : 
		On exit  : 
		Unchanged: 
 Data sizes:     COMRAM   BANK0   BANK1   BANK2   BANK3   BANK4   BANK5   BANK6   BANK7   BANK8   BANK9  BANK10  BANK11  BANK12  BANK13  BANK14
      Params:         0       7       0       0       0       0       0       0       0       0       0       0       0       0       0       0
      Locals:         0       5       0       0       0       0       0       0       0       0       0       0       0       0       0       0
      Temps:          0       2       0       0       0       0       0       0       0       0       0       0       0       0       0       0
      Totals:         0      14       0       0       0       0       0       0       0       0       0       0       0       0       0       0
Total ram usage:       14 bytes
 Hardware stack levels used:    1
 Hardware stack levels required when called:    1
 This function calls:
		i2_memcpy
 This function is called by:
		i2_FromMainLow_recvmsg
 This function uses a non-reentrant model


 *************** function i2_memcpy *****************
 Defined at:
		line 13 in file "/Applications/microchip/xc8/v1.12/sources/memcpy.c"
 Parameters:    Size  Location     Type
  memcpy          2    0[BANK0 ] PTR void 
		 -> NULL(0), FromMainHigh_MQ(54), FromMainLow_MQ(54), ToMainHigh_MQ(54), 
		 -> ToMainLow_MQ(54), main@msgbuffer(11), 
  memcpy          2    2[BANK0 ] PTR const void 
		 -> NULL(0), i2c_int_handler@error_buf(3), FromMainHigh_MQ(54), FromMainLow_MQ(54), 
		 -> ToMainHigh_MQ(54), ToMainLow_MQ(54), main@msgbuffer(11), main@t1thread_data(2), 
		 -> main@uc(5), 
  memcpy          2    4[BANK0 ] unsigned int 
 Auto vars:     Size  Location     Type
  memcpy          2    8[BANK0 ] PTR const unsigned char 
		 -> NULL(0), i2c_int_handler@error_buf(3), FromMainHigh_MQ(54), FromMainLow_MQ(54), 
		 -> ToMainHigh_MQ(54), ToMainLow_MQ(54), main@msgbuffer(11), main@t1thread_data(2), 
		 -> main@uc(5), 
  memcpy          2    6[BANK0 ] PTR unsigned char 
		 -> NULL(0), FromMainHigh_MQ(54), FromMainLow_MQ(54), ToMainHigh_MQ(54), 
		 -> ToMainLow_MQ(54), main@msgbuffer(11), 
 Return value:  Size  Location     Type
                  2    0[BANK0 ] PTR void 
 Registers used:
		wreg, fsr1l, fsr1h, fsr2l, fsr2h, status,2, status,0
 Tracked objects:
		On entry : 
		On exit  : 
		Unchanged: 
 Data sizes:     COMRAM   BANK0   BANK1   BANK2   BANK3   BANK4   BANK5   BANK6   BANK7   BANK8   BANK9  BANK10  BANK11  BANK12  BANK13  BANK14
      Params:         0       6       0       0       0       0       0       0       0       0       0       0       0       0       0       0
      Locals:         0       4       0       0       0       0       0       0       0       0       0       0       0       0       0       0
      Temps:          0       0       0       0       0       0       0       0       0       0       0       0       0       0       0       0
      Totals:         0      10       0       0       0       0       0       0       0       0       0       0       0       0       0       0
Total ram usage:       10 bytes
 Hardware stack levels used:    1
 This function calls:
		Nothing
 This function is called by:
		i2_send_msg
		i2_recv_msg
 This function uses a non-reentrant model



MODULE INFORMATION

Module		Function		Class		Link	Load	Size
/Applications/microchip/xc8/v1.12/sources/memcpy.c
		_memcpy        		CODE           	1ABA	0000	86

/Applications/microchip/xc8/v1.12/sources/memcpy.c estimated size: 86

plib/Timers/t0open.c
		_OpenTimer0    		CODE           	1E64	0000	42

plib/Timers/t0open.c estimated size: 42

../src/i2cMaster.c
		_I2CNak        		CODE           	1FA6	0000	18
		_I2CStop       		CODE           	200E	0000	16
		_I2CRead       		CODE           	1ED8	0000	30
		_I2CReadOneByte		CODE           	1946	0000	96
		_I2CStart      		CODE           	1FFE	0000	16
		_I2CWait       		CODE           	1EF6	0000	28
		_I2CInit       		CODE           	1FEE	0000	16
		_I2CSend       		CODE           	1F2C	0000	22

../src/i2cMaster.c estimated size: 242

plib/Timers/t1open.c
		_OpenTimer1    		CODE           	1BFC	0000	70

plib/Timers/t1open.c estimated size: 70

../src/user_interrupts.c
		_timer0_int_han		CODE           	1F42	0000	22
		_timer1_int_han		CODE           	1CEA	0000	54

../src/user_interrupts.c estimated size: 76

plib/USART/u1open.c
		_Open1USART    		CODE           	152E	0000	152

plib/USART/u1open.c estimated size: 152

../src/timer0_thread.c
		_timer0_lthread		CODE           	201E	0000	10

../src/timer0_thread.c estimated size: 10

shared
		i1_send_msg    		CODE           	129A	0000	178
		i2_send_msg    		CODE           	0F4E	0000	262
		i2_FromMainLow_		CODE           	1DB0	0000	48
		i2_in_high_int 		CODE           	1F80	0000	20
		i2_recv_msg    		CODE           	0D08	0000	320
		__initializatio		CODE           	1E8E	0000	28
		i2_in_low_int  		CODE           	1A04	0000	94
		i2_start_i2c_sl		CODE           	16D8	0000	136
		i1_memcpy      		CODE           	1BB4	0000	72
		i2_memcpy      		CODE           	1B10	0000	86
		i2_check_msg   		CODE           	1CB2	0000	56

shared estimated size: 1300

../src/my_i2c.c
		_start_i2c_slav		CODE           	1650	0000	136
		_handle_start  		CODE           	1054	0000	218
		_i2c_configure_		CODE           	134C	0000	168
		_i2c_int_handle		CODE           	00C6	0000	1946

../src/my_i2c.c estimated size: 2468

../src/timer1_thread.c
		_timer1_lthread		CODE           	1760	0000	134
		_init_timer1_lt		CODE           	1F94	0000	18

../src/timer1_thread.c estimated size: 152

plib/Timers/t0write.c
		_WriteTimer0   		CODE           	1FDC	0000	18

plib/Timers/t0write.c estimated size: 18

plib/Timers/t1write.c
		_WriteTimer1   		CODE           	1FCA	0000	18

plib/Timers/t1write.c estimated size: 18

/Applications/microchip/xc8/v1.12/sources/wmul.c
		___wmul        		CODE           	18DE	0000	104

/Applications/microchip/xc8/v1.12/sources/wmul.c estimated size: 104

../src/uart_thread.c
		_uart_lthread  		CODE           	1B66	0000	78

../src/uart_thread.c estimated size: 78

/Applications/microchip/xc8/v1.12/sources/lwmod.c
		___lwmod       		CODE           	13F4	0000	160

/Applications/microchip/xc8/v1.12/sources/lwmod.c estimated size: 160

../common/d1ktcyx.c
		_Delay1KTCYx   		CODE           	1F6C	0000	20

../common/d1ktcyx.c estimated size: 20

../src/interrupts.c
		_enable_interru		CODE           	2028	0000	8
		_in_low_int    		CODE           	19A6	0000	94
		_in_main       		CODE           	1A62	0000	88
		_in_high_int   		CODE           	1F58	0000	20
		_InterruptHandl		CODE           	0018	0000	170
		_InterruptHandl		CODE           	0008	0000	5704

../src/interrupts.c estimated size: 6084

plib/Timers/t1read.c
		_ReadTimer1    		CODE           	1FB8	0000	18

plib/Timers/t1read.c estimated size: 18

../src/my_uart.c
		_init_uart_recv		CODE           	1F12	0000	26
		_uart_recv_int_		CODE           	11E4	0000	182

../src/my_uart.c estimated size: 208

../src/messages.c
		_ToMainHigh_sen		CODE           	1E38	0000	44
		_ToMainHigh_rec		CODE           	1D50	0000	48
		_block_on_To_ms		CODE           	112E	0000	182
		_check_msg     		CODE           	1C42	0000	56
		_FromMainLow_se		CODE           	1DE0	0000	44
		_ToMainLow_send		CODE           	1EB4	0000	36
		_ToMainLow_recv		CODE           	1D20	0000	48
		_FromMainLow_re		CODE           	1D80	0000	48
		_FromMainHigh_s		CODE           	1E0C	0000	44
		_enter_sleep_mo		CODE           	2030	0000	6
		_send_msg      		CODE           	0E48	0000	262
		_init_queue    		CODE           	17E6	0000	134
		_init_queues   		CODE           	186C	0000	114
		_recv_msg      		CODE           	0BC8	0000	320
		_SleepIfOkay   		CODE           	1494	0000	154

../src/messages.c estimated size: 1540

plib/USART/u1read.c
		_Read1USART    		CODE           	1C7A	0000	56

plib/USART/u1read.c estimated size: 56

../src/main.c
		_main          		CODE           	0860	0000	872

../src/main.c estimated size: 872

